Archive member included because of file (symbol)

Z:\Dropbox\eLib\MonkeyBoot\SRC\lpc_board_keil_mcb_4357\Debug\liblpc_board_keil_mcb_4357.a(board.o)
                              ./src/MonkeyBoot.o (Board_Init)
Z:\Dropbox\eLib\MonkeyBoot\SRC\lpc_board_keil_mcb_4357\Debug\liblpc_board_keil_mcb_4357.a(board_sysinit.o)
                              ./src/sysinit.o (Board_SystemInit)
Z:\Dropbox\eLib\MonkeyBoot\SRC\lpc_board_keil_mcb_4357\Debug\liblpc_board_keil_mcb_4357.a(uda1380.o)
                              Z:\Dropbox\eLib\MonkeyBoot\SRC\lpc_board_keil_mcb_4357\Debug\liblpc_board_keil_mcb_4357.a(board.o) (UDA1380_Init)
Z:\Dropbox\eLib\MonkeyBoot\SRC\lpc_chip_43xx\Debug\liblpc_chip_43xx.a(chip_18xx_43xx.o)
                              ./src/FILE_SYSTEM/fatfs/DISK_DRIVER/disk_io.o (SystemCoreClock)
Z:\Dropbox\eLib\MonkeyBoot\SRC\lpc_chip_43xx\Debug\liblpc_chip_43xx.a(clock_18xx_43xx.o)
                              Z:\Dropbox\eLib\MonkeyBoot\SRC\lpc_chip_43xx\Debug\liblpc_chip_43xx.a(chip_18xx_43xx.o) (Chip_Clock_GetClockInputHz)
Z:\Dropbox\eLib\MonkeyBoot\SRC\lpc_chip_43xx\Debug\liblpc_chip_43xx.a(emc_18xx_43xx.o)
                              Z:\Dropbox\eLib\MonkeyBoot\SRC\lpc_board_keil_mcb_4357\Debug\liblpc_board_keil_mcb_4357.a(board_sysinit.o) (Chip_EMC_Dynamic_Init)
Z:\Dropbox\eLib\MonkeyBoot\SRC\lpc_chip_43xx\Debug\liblpc_chip_43xx.a(fpu_init.o)
                              ./src/MonkeyBoot.o (fpuInit)
Z:\Dropbox\eLib\MonkeyBoot\SRC\lpc_chip_43xx\Debug\liblpc_chip_43xx.a(gpio_18xx_43xx.o)
                              Z:\Dropbox\eLib\MonkeyBoot\SRC\lpc_board_keil_mcb_4357\Debug\liblpc_board_keil_mcb_4357.a(board.o) (Chip_GPIO_Init)
Z:\Dropbox\eLib\MonkeyBoot\SRC\lpc_chip_43xx\Debug\liblpc_chip_43xx.a(i2c_18xx_43xx.o)
                              Z:\Dropbox\eLib\MonkeyBoot\SRC\lpc_board_keil_mcb_4357\Debug\liblpc_board_keil_mcb_4357.a(board.o) (Chip_I2C_EventHandlerPolling)
Z:\Dropbox\eLib\MonkeyBoot\SRC\lpc_chip_43xx\Debug\liblpc_chip_43xx.a(i2s_18xx_43xx.o)
                              Z:\Dropbox\eLib\MonkeyBoot\SRC\lpc_board_keil_mcb_4357\Debug\liblpc_board_keil_mcb_4357.a(board.o) (Chip_I2S_Init)
Z:\Dropbox\eLib\MonkeyBoot\SRC\lpc_chip_43xx\Debug\liblpc_chip_43xx.a(iap_18xx_43xx.o)
                              ./src/LPC43xx_ProgrammingDriver.o (Chip_IAP_PreSectorForReadWrite)
Z:\Dropbox\eLib\MonkeyBoot\SRC\lpc_chip_43xx\Debug\liblpc_chip_43xx.a(rgu_18xx_43xx.o)
                              Z:\Dropbox\eLib\MonkeyBoot\SRC\lpc_board_keil_mcb_4357\Debug\liblpc_board_keil_mcb_4357.a(board.o) (Chip_RGU_TriggerReset)
Z:\Dropbox\eLib\MonkeyBoot\SRC\lpc_chip_43xx\Debug\liblpc_chip_43xx.a(rtc_18xx_43xx.o)
                              ./src/FILE_SYSTEM/fatfs/DISK_DRIVER/rtc.o (Chip_RTC_GetFullTime)
Z:\Dropbox\eLib\MonkeyBoot\SRC\lpc_chip_43xx\Debug\liblpc_chip_43xx.a(sdif_18xx_43xx.o)
                              ./src/FILE_SYSTEM/fatfs/DISK_DRIVER/SD/SD.o (Chip_SDIF_Init)
Z:\Dropbox\eLib\MonkeyBoot\SRC\lpc_chip_43xx\Debug\liblpc_chip_43xx.a(sdmmc_18xx_43xx.o)
                              ./src/FILE_SYSTEM/fatfs/DISK_DRIVER/disk_io.o (Chip_SDMMC_GetState)
Z:\Dropbox\eLib\MonkeyBoot\SRC\lpc_chip_43xx\Debug\liblpc_chip_43xx.a(ssp_18xx_43xx.o)
                              Z:\Dropbox\eLib\MonkeyBoot\SRC\lpc_board_keil_mcb_4357\Debug\liblpc_board_keil_mcb_4357.a(board.o) (Chip_SSP_WriteFrames_Blocking)
Z:\Dropbox\eLib\MonkeyBoot\SRC\lpc_chip_43xx\Debug\liblpc_chip_43xx.a(sysinit_18xx_43xx.o)
                              Z:\Dropbox\eLib\MonkeyBoot\SRC\lpc_board_keil_mcb_4357\Debug\liblpc_board_keil_mcb_4357.a(board_sysinit.o) (Chip_SetupCoreClock)
Z:\Dropbox\eLib\MonkeyBoot\SRC\lpc_chip_43xx\Debug\liblpc_chip_43xx.a(uart_18xx_43xx.o)
                              Z:\Dropbox\eLib\MonkeyBoot\SRC\lpc_board_keil_mcb_4357\Debug\liblpc_board_keil_mcb_4357.a(board.o) (Chip_UART_Init)
Z:\Dropbox\eLib\MonkeyBoot\SRC\lpc_chip_43xx\Debug\liblpc_chip_43xx.a(ring_buffer.o)
                              Z:\Dropbox\eLib\MonkeyBoot\SRC\lpc_chip_43xx\Debug\liblpc_chip_43xx.a(uart_18xx_43xx.o) (RingBuffer_Insert)
c:/nxp/lpcxpresso_7.7.2_379/lpcxpresso/tools/bin/../lib/gcc/arm-none-eabi/4.9.3/../../../../arm-none-eabi/lib/armv7e-m/softfp\libcr_semihost.a(_cr__main.o)
                              ./src/cr_startup_lpc43xx.o (__main)
c:/nxp/lpcxpresso_7.7.2_379/lpcxpresso/tools/bin/../lib/gcc/arm-none-eabi/4.9.3/../../../../arm-none-eabi/lib/armv7e-m/softfp\libcr_c.a(memcpy.o)
                              ./src/FILE_SYSTEM/fatfs/DISK_DRIVER/USB_MSC_HOST/lpcusblib/Drivers/USB/Class/Common/HIDParser.o (memcpy)
c:/nxp/lpcxpresso_7.7.2_379/lpcxpresso/tools/bin/../lib/gcc/arm-none-eabi/4.9.3/../../../../arm-none-eabi/lib/armv7e-m/softfp\libcr_c.a(memset.o)
                              ./src/FILE_SYSTEM/fatfs/DISK_DRIVER/USB_MSC_HOST/lpcusblib/Drivers/USB/Core/HCD/EHCI/EHCI.o (memset)
[...]
Memory Configuration

Name             Origin             Length             Attributes
MFlashA512       0x1a000000         0x00020000         xr
RamLoc32         0x10000000         0x00008000         xrw
RamLoc40         0x10080000         0x0000a000         xrw
RamAHB32         0x20000000         0x00008000         xrw
RamAHB16         0x20008000         0x00004000         xrw
RamAHB_ETB16     0x2000c000         0x00004000         xrw
*default*        0x00000000         0xffffffff

Linker script and memory map

LOAD ./src/FILE_SYSTEM/fatfs/DISK_DRIVER/USB_MSC_HOST/lpcusblib/Drivers/USB/Core/HCD/EHCI/EHCI.o
LOAD ./src/FILE_SYSTEM/fatfs/DISK_DRIVER/USB_MSC_HOST/lpcusblib/Drivers/USB/Core/HCD/HCD.o
LOAD ./src/FILE_SYSTEM/fatfs/DISK_DRIVER/USB_MSC_HOST/lpcusblib/Drivers/USB/Core/HAL/LPC18XX/HAL_LPC18xx.o
LOAD ./src/FILE_SYSTEM/fatfs/DISK_DRIVER/USB_MSC_HOST/lpcusblib/Drivers/USB/Core/ConfigDescriptor.o
LOAD ./src/FILE_SYSTEM/fatfs/DISK_DRIVER/USB_MSC_HOST/lpcusblib/Drivers/USB/Core/Host.o
LOAD ./src/FILE_SYSTEM/fatfs/DISK_DRIVER/USB_MSC_HOST/lpcusblib/Drivers/USB/Core/HostStandardReq.o
LOAD ./src/FILE_SYSTEM/fatfs/DISK_DRIVER/USB_MSC_HOST/lpcusblib/Drivers/USB/Core/Pipe.o
LOAD ./src/FILE_SYSTEM/fatfs/DISK_DRIVER/USB_MSC_HOST/lpcusblib/Drivers/USB/Core/PipeStream.o
LOAD ./src/FILE_SYSTEM/fatfs/DISK_DRIVER/USB_MSC_HOST/lpcusblib/Drivers/USB/Core/USBController.o
LOAD ./src/FILE_SYSTEM/fatfs/DISK_DRIVER/USB_MSC_HOST/lpcusblib/Drivers/USB/Core/USBMemory.o
LOAD ./src/FILE_SYSTEM/fatfs/DISK_DRIVER/USB_MSC_HOST/lpcusblib/Drivers/USB/Core/USBTask.o
LOAD ./src/FILE_SYSTEM/fatfs/DISK_DRIVER/USB_MSC_HOST/lpcusblib/Drivers/USB/Class/Host/MassStorageClassHost.o
LOAD ./src/FILE_SYSTEM/fatfs/DISK_DRIVER/USB_MSC_HOST/lpcusblib/Drivers/USB/Class/Common/HIDParser.o
LOAD ./src/FILE_SYSTEM/fatfs/DISK_DRIVER/USB_MSC_HOST/MassStorageHost.o
LOAD ./src/FILE_SYSTEM/fatfs/DISK_DRIVER/SD/SD.o
LOAD ./src/FILE_SYSTEM/fatfs/DISK_DRIVER/disk_io.o
LOAD ./src/FILE_SYSTEM/fatfs/DISK_DRIVER/rtc.o
LOAD ./src/FILE_SYSTEM/fatfs/ff.o
LOAD ./src/FILE_SYSTEM/fatfs/ff_lfn_support.o
LOAD ./src/FILE_SYSTEM/fatfs/ff_string.o
LOAD ./src/FILE_SYSTEM/USB_MSC_ROM/msc_desc.o
LOAD ./src/FILE_SYSTEM/USB_MSC_ROM/msc_main.o
LOAD ./src/FILE_SYSTEM/USB_MSC_ROM/msc_sd.o
LOAD ./src/DeviceProgramming.o
LOAD ./src/LPC43xx_ProgrammingDriver.o
LOAD ./src/MonkeyBoot.o
LOAD ./src/System.o
LOAD ./src/cr_startup_lpc43xx.o
LOAD ./src/crp.o
LOAD ./src/ihex.o
LOAD ./src/sysinit.o
LOAD Z:\Dropbox\eLib\MonkeyBoot\SRC\lpc_board_keil_mcb_4357\Debug\liblpc_board_keil_mcb_4357.a
LOAD Z:\Dropbox\eLib\MonkeyBoot\SRC\lpc_chip_43xx\Debug\liblpc_chip_43xx.a
START GROUP
LOAD c:/nxp/lpcxpresso_7.7.2_379/lpcxpresso/tools/bin/../lib/gcc/arm-none-eabi/4.9.3/../../../../arm-none-eabi/lib/armv7e-m/softfp\libcr_semihost.a
LOAD c:/nxp/lpcxpresso_7.7.2_379/lpcxpresso/tools/bin/../lib/gcc/arm-none-eabi/4.9.3/../../../../arm-none-eabi/lib/armv7e-m/softfp\libcr_c.a
LOAD c:/nxp/lpcxpresso_7.7.2_379/lpcxpresso/tools/bin/../lib/gcc/arm-none-eabi/4.9.3/armv7e-m/softfp\libcr_eabihelpers.a
END GROUP
                0x1a020000                __top_MFlashA512 = 0x1a020000
                0x10008000                __top_RamLoc32 = 0x10008000
                0x1008a000                __top_RamLoc40 = 0x1008a000
                0x20008000                __top_RamAHB32 = 0x20008000
                0x2000c000                __top_RamAHB16 = 0x2000c000
                0x20010000                __top_RamAHB_ETB16 = 0x20010000

.text           0x1a000000    0x10b10
 FILL mask 0xff
                0x1a000000                __vectors_start__ = ABSOLUTE (.)
 *(.isr_vector)
 .isr_vector    0x1a000000      0x114 ./src/cr_startup_lpc43xx.o
                0x1a000000                g_pfnVectors
                0x1a000114                . = ALIGN (0x4)
                0x1a000114                __section_table_start = .
                0x1a000114                __data_section_table = .
                0x1a000114        0x4 LONG 0x1a010b10 LOADADDR (.data)
                0x1a000118        0x4 LONG 0x10000000 ADDR (.data)
                0x1a00011c        0x4 LONG 0x6c SIZEOF (.data)
                0x1a000120        0x4 LONG 0x1a010b10 LOADADDR (.data_RAM2)
                0x1a000124        0x4 LONG 0x10080000 ADDR (.data_RAM2)
                0x1a000128        0x4 LONG 0x0 SIZEOF (.data_RAM2)
                0x1a00012c        0x4 LONG 0x1a010b10 LOADADDR (.data_RAM3)
                0x1a000130        0x4 LONG 0x20000000 ADDR (.data_RAM3)
                0x1a000134        0x4 LONG 0x0 SIZEOF (.data_RAM3)
                0x1a000138        0x4 LONG 0x1a010b10 LOADADDR (.data_RAM4)
                0x1a00013c        0x4 LONG 0x20008000 ADDR (.data_RAM4)
                0x1a000140        0x4 LONG 0x0 SIZEOF (.data_RAM4)
                0x1a000144        0x4 LONG 0x1a010b10 LOADADDR (.data_RAM5)
                0x1a000148        0x4 LONG 0x2000c000 ADDR (.data_RAM5)
                0x1a00014c        0x4 LONG 0x0 SIZEOF (.data_RAM5)
                0x1a000150                __data_section_table_end = .
                0x1a000150                __bss_section_table = .
                0x1a000150        0x4 LONG 0x10001000 ADDR (.bss)
                0x1a000154        0x4 LONG 0x530c SIZEOF (.bss)
                0x1a000158        0x4 LONG 0x10080000 ADDR (.bss_RAM2)
                0x1a00015c        0x4 LONG 0x4000 SIZEOF (.bss_RAM2)
                0x1a000160        0x4 LONG 0x20000000 ADDR (.bss_RAM3)
                0x1a000164        0x4 LONG 0x0 SIZEOF (.bss_RAM3)
                0x1a000168        0x4 LONG 0x20008000 ADDR (.bss_RAM4)
                0x1a00016c        0x4 LONG 0x0 SIZEOF (.bss_RAM4)
                0x1a000170        0x4 LONG 0x2000c000 ADDR (.bss_RAM5)
                0x1a000174        0x4 LONG 0x0 SIZEOF (.bss_RAM5)
                0x1a000178                __bss_section_table_end = .
                0x1a000178                __section_table_end = .
 *(.after_vectors*)
 .after_vectors
                0x1a000178       0xcc ./src/cr_startup_lpc43xx.o
                0x1a000178                data_init
                0x1a0001bc                bss_init
                0x1a0001f4                NMI_Handler
                0x1a0001fc                HardFault_Handler
                0x1a000204                MemManage_Handler
                0x1a00020c                BusFault_Handler
                0x1a000214                UsageFault_Handler
                0x1a00021c                SVC_Handler
                0x1a000224                DebugMon_Handler
                0x1a00022c                PendSV_Handler
                0x1a00023c                UART1_IRQHandler
                0x1a00023c                GPIO5_IRQHandler
                0x1a00023c                CAN1_IRQHandler
                0x1a00023c                I2S0_IRQHandler
                0x1a00023c                TIMER3_IRQHandler
                0x1a00023c                UART0_IRQHandler
                0x1a00023c                ATIMER_IRQHandler
                0x1a00023c                SGPIO_IRQHandler
                0x1a00023c                ADC0_IRQHandler
                0x1a00023c                I2C0_IRQHandler
                0x1a00023c                GPIO6_IRQHandler
                0x1a00023c                ADCHS_IRQHandler
                0x1a00023c                GPIO1_IRQHandler
                0x1a00023c                I2C1_IRQHandler
                0x1a00023c                ADC1_IRQHandler
                0x1a00023c                FLASHEEPROM_IRQHandler
                0x1a00023c                RTC_IRQHandler
                0x1a00023c                TIMER0_IRQHandler
                0x1a00023c                SPI_IRQHandler
                0x1a00023c                LCD_IRQHandler
                0x1a00023c                RIT_IRQHandler
                0x1a00023c                TIMER1_IRQHandler
                0x1a00023c                UART2_IRQHandler
                0x1a00023c                GPIO2_IRQHandler
                0x1a00023c                I2S1_IRQHandler
                0x1a00023c                SSP1_IRQHandler
                0x1a00023c                GPIO3_IRQHandler
                0x1a00023c                SCT_IRQHandler
                0x1a00023c                SSP0_IRQHandler
                0x1a00023c                MX_CORE_IRQHandler
                0x1a00023c                WDT_IRQHandler
                0x1a00023c                IntDefaultHandler
                0x1a00023c                GPIO7_IRQHandler
                0x1a00023c                SPIFI_IRQHandler
                0x1a00023c                QEI_IRQHandler
                0x1a00023c                ETH_IRQHandler
                0x1a00023c                CAN0_IRQHandler
                0x1a00023c                GINT0_IRQHandler
                0x1a00023c                DAC_IRQHandler
                0x1a00023c                M0SUB_IRQHandler
                0x1a00023c                GPIO0_IRQHandler
                0x1a00023c                DMA_IRQHandler
                0x1a00023c                EVRT_IRQHandler
                0x1a00023c                TIMER2_IRQHandler
                0x1a00023c                UART3_IRQHandler
                0x1a00023c                MCPWM_IRQHandler
                0x1a00023c                GINT1_IRQHandler
                0x1a00023c                GPIO4_IRQHandler
                0x000002fc                . = 0x2fc
 *fill*         0x1a000244       0xb8 ff
                0x1a0002fc                PROVIDE (__CRP_WORD_START__, .)
 *(.crp)
 .crp           0x1a0002fc        0x4 ./src/crp.o
                0x1a0002fc                CRP_WORD
                0x1a000300                PROVIDE (__CRP_WORD_END__, .)
                0x00000001                ASSERT (! ((__CRP_WORD_START__ == __CRP_WORD_END__)), Linker CRP Enabled, but no CRP_WORD provided within application)
 *(.text*)
 .text.Align32  0x1a000300       0x1c ./src/FILE_SYSTEM/fatfs/DISK_DRIVER/USB_MSC_HOST/lpcusblib/Drivers/USB/Core/HCD/EHCI/EHCI.o
 .text.Align4k  0x1a00031c       0x20 ./src/FILE_SYSTEM/fatfs/DISK_DRIVER/USB_MSC_HOST/lpcusblib/Drivers/USB/Core/HCD/EHCI/EHCI.o
 .text.Offset4k
                0x1a00033c       0x1c ./src/FILE_SYSTEM/fatfs/DISK_DRIVER/USB_MSC_HOST/lpcusblib/Drivers/USB/Core/HCD/EHCI/EHCI.o
 .text.HcdInitDriver
                0x1a000358       0x24 ./src/FILE_SYSTEM/fatfs/DISK_DRIVER/USB_MSC_HOST/lpcusblib/Drivers/USB/Core/HCD/EHCI/EHCI.o
                0x1a000358                HcdInitDriver
 .text.HcdDeInitDriver
                0x1a00037c       0x58 ./src/FILE_SYSTEM/fatfs/DISK_DRIVER/USB_MSC_HOST/lpcusblib/Drivers/USB/Core/HCD/EHCI/EHCI.o
                0x1a00037c                HcdDeInitDriver
 .text.HcdRhPortReset
                0x1a0003d4       0x74 ./src/FILE_SYSTEM/fatfs/DISK_DRIVER/USB_MSC_HOST/lpcusblib/Drivers/USB/Core/HCD/EHCI/EHCI.o
                0x1a0003d4                HcdRhPortReset
 .text.HcdClearEndpointHalt
                0x1a000448       0x18 ./src/FILE_SYSTEM/fatfs/DISK_DRIVER/USB_MSC_HOST/lpcusblib/Drivers/USB/Core/HCD/EHCI/EHCI.o
                0x1a000448                HcdClearEndpointHalt
 .text.HcdGetFrameNumber
                0x1a000460       0x28 ./src/FILE_SYSTEM/fatfs/DISK_DRIVER/USB_MSC_HOST/lpcusblib/Drivers/USB/Core/HCD/EHCI/EHCI.o
                0x1a000460                HcdGetFrameNumber
 .text.HcdGetDeviceSpeed
                0x1a000488       0x50 ./src/FILE_SYSTEM/fatfs/DISK_DRIVER/USB_MSC_HOST/lpcusblib/Drivers/USB/Core/HCD/EHCI/EHCI.o
                0x1a000488                HcdGetDeviceSpeed
 .text.HcdOpenPipe
                0x1a0004d8      0x234 ./src/FILE_SYSTEM/fatfs/DISK_DRIVER/USB_MSC_HOST/lpcusblib/Drivers/USB/Core/HCD/EHCI/EHCI.o
                0x1a0004d8                HcdOpenPipe
 .text.HcdClosePipe
                0x1a00070c       0xac ./src/FILE_SYSTEM/fatfs/DISK_DRIVER/USB_MSC_HOST/lpcusblib/Drivers/USB/Core/HCD/EHCI/EHCI.o
                0x1a00070c                HcdClosePipe
 .text.HcdCancelTransfer
                0x1a0007b8      0x1a0 ./src/FILE_SYSTEM/fatfs/DISK_DRIVER/USB_MSC_HOST/lpcusblib/Drivers/USB/Core/HCD/EHCI/EHCI.o
                0x1a0007b8                HcdCancelTransfer
 .text.HcdControlTransfer
                0x1a000958      0x20c ./src/FILE_SYSTEM/fatfs/DISK_DRIVER/USB_MSC_HOST/lpcusblib/Drivers/USB/Core/HCD/EHCI/EHCI.o
                0x1a000958                HcdControlTransfer
 .text.HcdDataTransfer
                0x1a000b64      0x218 ./src/FILE_SYSTEM/fatfs/DISK_DRIVER/USB_MSC_HOST/lpcusblib/Drivers/USB/Core/HCD/EHCI/EHCI.o
                0x1a000b64                HcdDataTransfer
 .text.HcdGetPipeStatus
                0x1a000d7c       0x44 ./src/FILE_SYSTEM/fatfs/DISK_DRIVER/USB_MSC_HOST/lpcusblib/Drivers/USB/Core/HCD/EHCI/EHCI.o
                0x1a000d7c                HcdGetPipeStatus
 .text.FreeQhd  0x1a000dc0       0x58 ./src/FILE_SYSTEM/fatfs/DISK_DRIVER/USB_MSC_HOST/lpcusblib/Drivers/USB/Core/HCD/EHCI/EHCI.o
 .text.AllocQhd
                0x1a000e18      0x3bc ./src/FILE_SYSTEM/fatfs/DISK_DRIVER/USB_MSC_HOST/lpcusblib/Drivers/USB/Core/HCD/EHCI/EHCI.o
 .text.InsertLinkPointer
                0x1a0011d4       0x40 ./src/FILE_SYSTEM/fatfs/DISK_DRIVER/USB_MSC_HOST/lpcusblib/Drivers/USB/Core/HCD/EHCI/EHCI.o
 .text.RemoveQueueHead
                0x1a001214       0xe4 ./src/FILE_SYSTEM/fatfs/DISK_DRIVER/USB_MSC_HOST/lpcusblib/Drivers/USB/Core/HCD/EHCI/EHCI.o
 .text.FreeQtd  0x1a0012f8       0x28 ./src/FILE_SYSTEM/fatfs/DISK_DRIVER/USB_MSC_HOST/lpcusblib/Drivers/USB/Core/HCD/EHCI/EHCI.o
 .text.AllocQTD
                0x1a001320      0x23c ./src/FILE_SYSTEM/fatfs/DISK_DRIVER/USB_MSC_HOST/lpcusblib/Drivers/USB/Core/HCD/EHCI/EHCI.o
 .text.QueueQTDs
                0x1a00155c      0x1c4 ./src/FILE_SYSTEM/fatfs/DISK_DRIVER/USB_MSC_HOST/lpcusblib/Drivers/USB/Core/HCD/EHCI/EHCI.o
 .text.FreeHsItd
                0x1a001720       0x24 ./src/FILE_SYSTEM/fatfs/DISK_DRIVER/USB_MSC_HOST/lpcusblib/Drivers/USB/Core/HCD/EHCI/EHCI.o
 .text.AllocHsItd
                0x1a001744      0x314 ./src/FILE_SYSTEM/fatfs/DISK_DRIVER/USB_MSC_HOST/lpcusblib/Drivers/USB/Core/HCD/EHCI/EHCI.o
 .text.QueueITDs
                0x1a001a58      0x114 ./src/FILE_SYSTEM/fatfs/DISK_DRIVER/USB_MSC_HOST/lpcusblib/Drivers/USB/Core/HCD/EHCI/EHCI.o
 .text.FreeSItd
                0x1a001b6c       0x24 ./src/FILE_SYSTEM/fatfs/DISK_DRIVER/USB_MSC_HOST/lpcusblib/Drivers/USB/Core/HCD/EHCI/EHCI.o
 .text.AllocSItd
                0x1a001b90      0x314 ./src/FILE_SYSTEM/fatfs/DISK_DRIVER/USB_MSC_HOST/lpcusblib/Drivers/USB/Core/HCD/EHCI/EHCI.o
 .text.QueueSITDs
                0x1a001ea4      0x124 ./src/FILE_SYSTEM/fatfs/DISK_DRIVER/USB_MSC_HOST/lpcusblib/Drivers/USB/Core/HCD/EHCI/EHCI.o
 .text.WaitForTransferComplete
                0x1a001fc8       0x40 ./src/FILE_SYSTEM/fatfs/DISK_DRIVER/USB_MSC_HOST/lpcusblib/Drivers/USB/Core/HCD/EHCI/EHCI.o
 .text.PipehandleParse
                0x1a002008       0x94 ./src/FILE_SYSTEM/fatfs/DISK_DRIVER/USB_MSC_HOST/lpcusblib/Drivers/USB/Core/HCD/EHCI/EHCI.o
 .text.PipehandleCreate
                0x1a00209c       0x40 ./src/FILE_SYSTEM/fatfs/DISK_DRIVER/USB_MSC_HOST/lpcusblib/Drivers/USB/Core/HCD/EHCI/EHCI.o
 .text.HcdAsyncHead
                0x1a0020dc       0x2c ./src/FILE_SYSTEM/fatfs/DISK_DRIVER/USB_MSC_HOST/lpcusblib/Drivers/USB/Core/HCD/EHCI/EHCI.o
 .text.HcdIntHead
                0x1a002108       0x2c ./src/FILE_SYSTEM/fatfs/DISK_DRIVER/USB_MSC_HOST/lpcusblib/Drivers/USB/Core/HCD/EHCI/EHCI.o
 .text.HcdQHD   0x1a002134       0x38 ./src/FILE_SYSTEM/fatfs/DISK_DRIVER/USB_MSC_HOST/lpcusblib/Drivers/USB/Core/HCD/EHCI/EHCI.o
 .text.HcdQTD   0x1a00216c       0x38 ./src/FILE_SYSTEM/fatfs/DISK_DRIVER/USB_MSC_HOST/lpcusblib/Drivers/USB/Core/HCD/EHCI/EHCI.o
 .text.HcdSITD  0x1a0021a4       0x38 ./src/FILE_SYSTEM/fatfs/DISK_DRIVER/USB_MSC_HOST/lpcusblib/Drivers/USB/Core/HCD/EHCI/EHCI.o
 .text.HcdHsITD
                0x1a0021dc       0x3c ./src/FILE_SYSTEM/fatfs/DISK_DRIVER/USB_MSC_HOST/lpcusblib/Drivers/USB/Core/HCD/EHCI/EHCI.o
 .text.isValidLink
                0x1a002218       0x24 ./src/FILE_SYSTEM/fatfs/DISK_DRIVER/USB_MSC_HOST/lpcusblib/Drivers/USB/Core/HCD/EHCI/EHCI.o
 .text.IsInterruptQhd
                0x1a00223c       0x34 ./src/FILE_SYSTEM/fatfs/DISK_DRIVER/USB_MSC_HOST/lpcusblib/Drivers/USB/Core/HCD/EHCI/EHCI.o
 .text.HcdIrqHandler
                0x1a002270      0x160 ./src/FILE_SYSTEM/fatfs/DISK_DRIVER/USB_MSC_HOST/lpcusblib/Drivers/USB/Core/HCD/EHCI/EHCI.o
                0x1a002270                HcdIrqHandler
 .text.RemoveCompletedQTD
                0x1a0023d0      0x158 ./src/FILE_SYSTEM/fatfs/DISK_DRIVER/USB_MSC_HOST/lpcusblib/Drivers/USB/Core/HCD/EHCI/EHCI.o
 .text.RemoveErrorQTD
                0x1a002528       0xb4 ./src/FILE_SYSTEM/fatfs/DISK_DRIVER/USB_MSC_HOST/lpcusblib/Drivers/USB/Core/HCD/EHCI/EHCI.o
 .text.AsyncScheduleIsr
                0x1a0025dc       0x60 ./src/FILE_SYSTEM/fatfs/DISK_DRIVER/USB_MSC_HOST/lpcusblib/Drivers/USB/Core/HCD/EHCI/EHCI.o
 .text.PeriodScheduleIsr
                0x1a00263c      0x21c ./src/FILE_SYSTEM/fatfs/DISK_DRIVER/USB_MSC_HOST/lpcusblib/Drivers/USB/Core/HCD/EHCI/EHCI.o
 .text.UsbErrorIsr
                0x1a002858       0x5c ./src/FILE_SYSTEM/fatfs/DISK_DRIVER/USB_MSC_HOST/lpcusblib/Drivers/USB/Core/HCD/EHCI/EHCI.o
 .text.PortStatusChangeIsr
                0x1a0028b4       0x30 ./src/FILE_SYSTEM/fatfs/DISK_DRIVER/USB_MSC_HOST/lpcusblib/Drivers/USB/Core/HCD/EHCI/EHCI.o
 .text.AsyncAdvanceIsr
                0x1a0028e4       0x64 ./src/FILE_SYSTEM/fatfs/DISK_DRIVER/USB_MSC_HOST/lpcusblib/Drivers/USB/Core/HCD/EHCI/EHCI.o
 .text.EHciHostRun
                0x1a002948       0x50 ./src/FILE_SYSTEM/fatfs/DISK_DRIVER/USB_MSC_HOST/lpcusblib/Drivers/USB/Core/HCD/EHCI/EHCI.o
 .text.EHciHostStop
                0x1a002998       0x50 ./src/FILE_SYSTEM/fatfs/DISK_DRIVER/USB_MSC_HOST/lpcusblib/Drivers/USB/Core/HCD/EHCI/EHCI.o
 .text.EHciHostReset
                0x1a0029e8       0x74 ./src/FILE_SYSTEM/fatfs/DISK_DRIVER/USB_MSC_HOST/lpcusblib/Drivers/USB/Core/HCD/EHCI/EHCI.o
 .text.EHciHostInit
                0x1a002a5c      0x1ec ./src/FILE_SYSTEM/fatfs/DISK_DRIVER/USB_MSC_HOST/lpcusblib/Drivers/USB/Core/HCD/EHCI/EHCI.o
 .text.DisableSchedule
                0x1a002c48       0x88 ./src/FILE_SYSTEM/fatfs/DISK_DRIVER/USB_MSC_HOST/lpcusblib/Drivers/USB/Core/HCD/EHCI/EHCI.o
 .text.EnableSchedule
                0x1a002cd0       0x84 ./src/FILE_SYSTEM/fatfs/DISK_DRIVER/USB_MSC_HOST/lpcusblib/Drivers/USB/Core/HCD/EHCI/EHCI.o
 .text.DisableAsyncSchedule
                0x1a002d54       0x1c ./src/FILE_SYSTEM/fatfs/DISK_DRIVER/USB_MSC_HOST/lpcusblib/Drivers/USB/Core/HCD/EHCI/EHCI.o
 .text.EnableAsyncSchedule
                0x1a002d70       0x1c ./src/FILE_SYSTEM/fatfs/DISK_DRIVER/USB_MSC_HOST/lpcusblib/Drivers/USB/Core/HCD/EHCI/EHCI.o
 .text.DisablePeriodSchedule
                0x1a002d8c       0x1c ./src/FILE_SYSTEM/fatfs/DISK_DRIVER/USB_MSC_HOST/lpcusblib/Drivers/USB/Core/HCD/EHCI/EHCI.o
 .text.EnablePeriodSchedule
                0x1a002da8       0x1c ./src/FILE_SYSTEM/fatfs/DISK_DRIVER/USB_MSC_HOST/lpcusblib/Drivers/USB/Core/HCD/EHCI/EHCI.o
 .text.HcdSetStreamPacketSize
                0x1a002dc4       0x44 ./src/FILE_SYSTEM/fatfs/DISK_DRIVER/USB_MSC_HOST/lpcusblib/Drivers/USB/Core/HCD/EHCI/EHCI.o
                0x1a002dc4                HcdSetStreamPacketSize
 .text.HcdDelayUS
                0x1a002e08       0x28 ./src/FILE_SYSTEM/fatfs/DISK_DRIVER/USB_MSC_HOST/lpcusblib/Drivers/USB/Core/HCD/HCD.o
                0x1a002e08                HcdDelayUS
 .text.HcdDelayMS
                0x1a002e30       0x2c ./src/FILE_SYSTEM/fatfs/DISK_DRIVER/USB_MSC_HOST/lpcusblib/Drivers/USB/Core/HCD/HCD.o
                0x1a002e30                HcdDelayMS
 .text.OpenPipe_VerifyParameters
                0x1a002e5c      0x168 ./src/FILE_SYSTEM/fatfs/DISK_DRIVER/USB_MSC_HOST/lpcusblib/Drivers/USB/Core/HCD/HCD.o
                0x1a002e5c                OpenPipe_VerifyParameters
 .text.NVIC_EnableIRQ
                0x1a002fc4       0x30 ./src/FILE_SYSTEM/fatfs/DISK_DRIVER/USB_MSC_HOST/lpcusblib/Drivers/USB/Core/HAL/LPC18XX/HAL_LPC18xx.o
 .text.Chip_CREG_EnableUSB0Phy
                0x1a002ff4       0x1c ./src/FILE_SYSTEM/fatfs/DISK_DRIVER/USB_MSC_HOST/lpcusblib/Drivers/USB/Core/HAL/LPC18XX/HAL_LPC18xx.o
 .text.HAL_USBInit
                0x1a003010       0xc4 ./src/FILE_SYSTEM/fatfs/DISK_DRIVER/USB_MSC_HOST/lpcusblib/Drivers/USB/Core/HAL/LPC18XX/HAL_LPC18xx.o
                0x1a003010                HAL_USBInit
 .text.HAL_EnableUSBInterrupt
                0x1a0030d4       0x24 ./src/FILE_SYSTEM/fatfs/DISK_DRIVER/USB_MSC_HOST/lpcusblib/Drivers/USB/Core/HAL/LPC18XX/HAL_LPC18xx.o
                0x1a0030d4                HAL_EnableUSBInterrupt
 .text.USB1_IRQHandler
                0x1a0030f8       0x20 ./src/FILE_SYSTEM/fatfs/DISK_DRIVER/USB_MSC_HOST/lpcusblib/Drivers/USB/Core/HAL/LPC18XX/HAL_LPC18xx.o
                0x1a0030f8                USB1_IRQHandler
 .text.USB_GetNextDescriptor
                0x1a003118       0x4c ./src/FILE_SYSTEM/fatfs/DISK_DRIVER/USB_MSC_HOST/lpcusblib/Drivers/USB/Core/ConfigDescriptor.o
 .text.USB_Host_GetDeviceConfigDescriptor
                0x1a003164       0xd0 ./src/FILE_SYSTEM/fatfs/DISK_DRIVER/USB_MSC_HOST/lpcusblib/Drivers/USB/Core/ConfigDescriptor.o
                0x1a003164                USB_Host_GetDeviceConfigDescriptor
 .text.USB_GetNextDescriptorComp
                0x1a003234       0x60 ./src/FILE_SYSTEM/fatfs/DISK_DRIVER/USB_MSC_HOST/lpcusblib/Drivers/USB/Core/ConfigDescriptor.o
                0x1a003234                USB_GetNextDescriptorComp
 .text.USB_Host_ProcessNextHostState
                0x1a003294      0x2f8 ./src/FILE_SYSTEM/fatfs/DISK_DRIVER/USB_MSC_HOST/lpcusblib/Drivers/USB/Core/Host.o
                0x1a003294                USB_Host_ProcessNextHostState
 .text.USB_Host_WaitMS
                0x1a00358c       0x18 ./src/FILE_SYSTEM/fatfs/DISK_DRIVER/USB_MSC_HOST/lpcusblib/Drivers/USB/Core/Host.o
                0x1a00358c                USB_Host_WaitMS
 .text.USB_Host_Enumerate
                0x1a0035a4       0x24 ./src/FILE_SYSTEM/fatfs/DISK_DRIVER/USB_MSC_HOST/lpcusblib/Drivers/USB/Core/Host.o
                0x1a0035a4                USB_Host_Enumerate
 .text.USB_Host_DeEnumerate
                0x1a0035c8       0x64 ./src/FILE_SYSTEM/fatfs/DISK_DRIVER/USB_MSC_HOST/lpcusblib/Drivers/USB/Core/Host.o
                0x1a0035c8                USB_Host_DeEnumerate
 .text.USB_Host_GetActiveHost
                0x1a00362c       0x18 ./src/FILE_SYSTEM/fatfs/DISK_DRIVER/USB_MSC_HOST/lpcusblib/Drivers/USB/Core/Host.o
                0x1a00362c                USB_Host_GetActiveHost
 .text.USB_Host_SetDeviceSpeed
                0x1a003644       0x28 ./src/FILE_SYSTEM/fatfs/DISK_DRIVER/USB_MSC_HOST/lpcusblib/Drivers/USB/Core/Host.o
                0x1a003644                USB_Host_SetDeviceSpeed
 .text.USB_Host_GetFrameNumber
                0x1a00366c       0x18 ./src/FILE_SYSTEM/fatfs/DISK_DRIVER/USB_MSC_HOST/lpcusblib/Drivers/USB/Core/Host.o
                0x1a00366c                USB_Host_GetFrameNumber
 .text.USB_Host_SendControlRequest
                0x1a003684      0x1b0 ./src/FILE_SYSTEM/fatfs/DISK_DRIVER/USB_MSC_HOST/lpcusblib/Drivers/USB/Core/HostStandardReq.o
                0x1a003684                USB_Host_SendControlRequest
 .text.USB_Host_SetDeviceConfiguration
                0x1a003834       0x8c ./src/FILE_SYSTEM/fatfs/DISK_DRIVER/USB_MSC_HOST/lpcusblib/Drivers/USB/Core/HostStandardReq.o
                0x1a003834                USB_Host_SetDeviceConfiguration
 .text.USB_Host_ClearEndpointStall
                0x1a0038c0       0x60 ./src/FILE_SYSTEM/fatfs/DISK_DRIVER/USB_MSC_HOST/lpcusblib/Drivers/USB/Core/HostStandardReq.o
                0x1a0038c0                USB_Host_ClearEndpointStall
 .text.Pipe_ConfigurePipe
                0x1a003920      0x14c ./src/FILE_SYSTEM/fatfs/DISK_DRIVER/USB_MSC_HOST/lpcusblib/Drivers/USB/Core/Pipe.o
                0x1a003920                Pipe_ConfigurePipe
 .text.Pipe_ClosePipe
                0x1a003a6c       0x84 ./src/FILE_SYSTEM/fatfs/DISK_DRIVER/USB_MSC_HOST/lpcusblib/Drivers/USB/Core/Pipe.o
                0x1a003a6c                Pipe_ClosePipe
 .text.Pipe_IsEndpointBound
                0x1a003af0       0x18 ./src/FILE_SYSTEM/fatfs/DISK_DRIVER/USB_MSC_HOST/lpcusblib/Drivers/USB/Core/Pipe.o
                0x1a003af0                Pipe_IsEndpointBound
 .text.Pipe_WaitUntilReady
                0x1a003b08      0x170 ./src/FILE_SYSTEM/fatfs/DISK_DRIVER/USB_MSC_HOST/lpcusblib/Drivers/USB/Core/Pipe.o
                0x1a003b08                Pipe_WaitUntilReady
 .text.Pipe_IsINReceived
                0x1a003c78       0xd0 ./src/FILE_SYSTEM/fatfs/DISK_DRIVER/USB_MSC_HOST/lpcusblib/Drivers/USB/Core/Pipe.o
                0x1a003c78                Pipe_IsINReceived
 .text.Pipe_Write_Stream_LE
                0x1a003d48       0xfc ./src/FILE_SYSTEM/fatfs/DISK_DRIVER/USB_MSC_HOST/lpcusblib/Drivers/USB/Core/PipeStream.o
                0x1a003d48                Pipe_Write_Stream_LE
 .text.Pipe_Read_Stream_LE
                0x1a003e44      0x2e4 ./src/FILE_SYSTEM/fatfs/DISK_DRIVER/USB_MSC_HOST/lpcusblib/Drivers/USB/Core/PipeStream.o
                0x1a003e44                Pipe_Read_Stream_LE
 .text.Pipe_Streaming
                0x1a004128       0x78 ./src/FILE_SYSTEM/fatfs/DISK_DRIVER/USB_MSC_HOST/lpcusblib/Drivers/USB/Core/PipeStream.o
                0x1a004128                Pipe_Streaming
 .text.USB_Init
                0x1a0041a0       0x68 ./src/FILE_SYSTEM/fatfs/DISK_DRIVER/USB_MSC_HOST/lpcusblib/Drivers/USB/Core/USBController.o
                0x1a0041a0                USB_Init
 .text.USB_ResetInterface
                0x1a004208       0x2c ./src/FILE_SYSTEM/fatfs/DISK_DRIVER/USB_MSC_HOST/lpcusblib/Drivers/USB/Core/USBController.o
                0x1a004208                USB_ResetInterface
 .text.USB_Init_Host
                0x1a004234       0x64 ./src/FILE_SYSTEM/fatfs/DISK_DRIVER/USB_MSC_HOST/lpcusblib/Drivers/USB/Core/USBController.o
 .text.USB_Memory_Init
                0x1a004298       0x48 ./src/FILE_SYSTEM/fatfs/DISK_DRIVER/USB_MSC_HOST/lpcusblib/Drivers/USB/Core/USBMemory.o
                0x1a004298                USB_Memory_Init
 .text.USB_Memory_Alloc
                0x1a0042e0      0x128 ./src/FILE_SYSTEM/fatfs/DISK_DRIVER/USB_MSC_HOST/lpcusblib/Drivers/USB/Core/USBMemory.o
                0x1a0042e0                USB_Memory_Alloc
 .text.USB_Memory_Free
                0x1a004408      0x14c ./src/FILE_SYSTEM/fatfs/DISK_DRIVER/USB_MSC_HOST/lpcusblib/Drivers/USB/Core/USBMemory.o
                0x1a004408                USB_Memory_Free
 .text.USB_USBTask
                0x1a004554       0x20 ./src/FILE_SYSTEM/fatfs/DISK_DRIVER/USB_MSC_HOST/lpcusblib/Drivers/USB/Core/USBTask.o
                0x1a004554                USB_USBTask
 .text.USB_HostTask
                0x1a004574       0x44 ./src/FILE_SYSTEM/fatfs/DISK_DRIVER/USB_MSC_HOST/lpcusblib/Drivers/USB/Core/USBTask.o
 .text.MS_Host_ConfigurePipes
                0x1a0045b8      0x18c ./src/FILE_SYSTEM/fatfs/DISK_DRIVER/USB_MSC_HOST/lpcusblib/Drivers/USB/Class/Host/MassStorageClassHost.o
                0x1a0045b8                MS_Host_ConfigurePipes
 .text.DCOMP_MS_Host_NextMSInterface
                0x1a004744       0x44 ./src/FILE_SYSTEM/fatfs/DISK_DRIVER/USB_MSC_HOST/lpcusblib/Drivers/USB/Class/Host/MassStorageClassHost.o
 .text.DCOMP_MS_Host_NextMSInterfaceEndpoint
                0x1a004788       0x5c ./src/FILE_SYSTEM/fatfs/DISK_DRIVER/USB_MSC_HOST/lpcusblib/Drivers/USB/Class/Host/MassStorageClassHost.o
 .text.MS_Host_SendCommand
                0x1a0047e4      0x1a0 ./src/FILE_SYSTEM/fatfs/DISK_DRIVER/USB_MSC_HOST/lpcusblib/Drivers/USB/Class/Host/MassStorageClassHost.o
 .text.MS_Host_WaitForDataReceived
                0x1a004984      0x1d4 ./src/FILE_SYSTEM/fatfs/DISK_DRIVER/USB_MSC_HOST/lpcusblib/Drivers/USB/Class/Host/MassStorageClassHost.o
 .text.MS_Host_SendReceiveData
                0x1a004b58       0xf8 ./src/FILE_SYSTEM/fatfs/DISK_DRIVER/USB_MSC_HOST/lpcusblib/Drivers/USB/Class/Host/MassStorageClassHost.o
 .text.MS_Host_GetReturnedStatus
                0x1a004c50       0xbc ./src/FILE_SYSTEM/fatfs/DISK_DRIVER/USB_MSC_HOST/lpcusblib/Drivers/USB/Class/Host/MassStorageClassHost.o
 .text.MS_Host_ResetMSInterface
                0x1a004d0c      0x104 ./src/FILE_SYSTEM/fatfs/DISK_DRIVER/USB_MSC_HOST/lpcusblib/Drivers/USB/Class/Host/MassStorageClassHost.o
                0x1a004d0c                MS_Host_ResetMSInterface
 .text.MS_Host_GetMaxLUN
                0x1a004e10       0x7c ./src/FILE_SYSTEM/fatfs/DISK_DRIVER/USB_MSC_HOST/lpcusblib/Drivers/USB/Class/Host/MassStorageClassHost.o
                0x1a004e10                MS_Host_GetMaxLUN
 .text.MS_Host_GetInquiryData
                0x1a004e8c       0xc4 ./src/FILE_SYSTEM/fatfs/DISK_DRIVER/USB_MSC_HOST/lpcusblib/Drivers/USB/Class/Host/MassStorageClassHost.o
                0x1a004e8c                MS_Host_GetInquiryData
 .text.MS_Host_ReadDeviceCapacity
                0x1a004f50      0x104 ./src/FILE_SYSTEM/fatfs/DISK_DRIVER/USB_MSC_HOST/lpcusblib/Drivers/USB/Class/Host/MassStorageClassHost.o
                0x1a004f50                MS_Host_ReadDeviceCapacity
 .text.MS_Host_RequestSense
                0x1a005054       0xb4 ./src/FILE_SYSTEM/fatfs/DISK_DRIVER/USB_MSC_HOST/lpcusblib/Drivers/USB/Class/Host/MassStorageClassHost.o
                0x1a005054                MS_Host_RequestSense
 .text.MS_Host_ReadDeviceBlocks
                0x1a005108       0xe8 ./src/FILE_SYSTEM/fatfs/DISK_DRIVER/USB_MSC_HOST/lpcusblib/Drivers/USB/Class/Host/MassStorageClassHost.o
                0x1a005108                MS_Host_ReadDeviceBlocks
 .text.MS_Host_WriteDeviceBlocks
                0x1a0051f0       0xe4 ./src/FILE_SYSTEM/fatfs/DISK_DRIVER/USB_MSC_HOST/lpcusblib/Drivers/USB/Class/Host/MassStorageClassHost.o
                0x1a0051f0                MS_Host_WriteDeviceBlocks
 .text.InitUSB_MSC_Host
                0x1a0052d4       0x38 ./src/FILE_SYSTEM/fatfs/DISK_DRIVER/USB_MSC_HOST/MassStorageHost.o
                0x1a0052d4                InitUSB_MSC_Host
 .text.EVENT_USB_Host_DeviceAttached
                0x1a00530c       0x20 ./src/FILE_SYSTEM/fatfs/DISK_DRIVER/USB_MSC_HOST/MassStorageHost.o
                0x1a00530c                EVENT_USB_Host_DeviceAttached
 .text.EVENT_USB_Host_DeviceUnattached
                0x1a00532c       0x28 ./src/FILE_SYSTEM/fatfs/DISK_DRIVER/USB_MSC_HOST/MassStorageHost.o
                0x1a00532c                EVENT_USB_Host_DeviceUnattached
 .text.EVENT_USB_Host_DeviceEnumerationComplete
                0x1a005354      0x1a8 ./src/FILE_SYSTEM/fatfs/DISK_DRIVER/USB_MSC_HOST/MassStorageHost.o
                0x1a005354                EVENT_USB_Host_DeviceEnumerationComplete
 .text.EVENT_USB_Host_DeviceEnumerationFailed
                0x1a0054fc       0x44 ./src/FILE_SYSTEM/fatfs/DISK_DRIVER/USB_MSC_HOST/MassStorageHost.o
                0x1a0054fc                EVENT_USB_Host_DeviceEnumerationFailed
 .text.FSUSB_DiskInit
                0x1a005540       0x14 ./src/FILE_SYSTEM/fatfs/DISK_DRIVER/USB_MSC_HOST/MassStorageHost.o
                0x1a005540                FSUSB_DiskInit
 .text.FSUSB_GetDeviceCapacity
                0x1a005554       0x2c ./src/FILE_SYSTEM/fatfs/DISK_DRIVER/USB_MSC_HOST/MassStorageHost.o
                0x1a005554                FSUSB_GetDeviceCapacity
 .text.FSUSB_DiskGetSectorCnt
                0x1a005580       0x1c ./src/FILE_SYSTEM/fatfs/DISK_DRIVER/USB_MSC_HOST/MassStorageHost.o
                0x1a005580                FSUSB_DiskGetSectorCnt
 .text.FSUSB_DiskGetSectorSz
                0x1a00559c       0x1c ./src/FILE_SYSTEM/fatfs/DISK_DRIVER/USB_MSC_HOST/MassStorageHost.o
                0x1a00559c                FSUSB_DiskGetSectorSz
 .text.FSUSB_DiskReadSectors
                0x1a0055b8       0x5c ./src/FILE_SYSTEM/fatfs/DISK_DRIVER/USB_MSC_HOST/MassStorageHost.o
                0x1a0055b8                FSUSB_DiskReadSectors
 .text.FSUSB_DiskWriteSectors
                0x1a005614       0x4c ./src/FILE_SYSTEM/fatfs/DISK_DRIVER/USB_MSC_HOST/MassStorageHost.o
                0x1a005614                FSUSB_DiskWriteSectors
 .text.FSUSB_DiskReadyWait
                0x1a005660       0x30 ./src/FILE_SYSTEM/fatfs/DISK_DRIVER/USB_MSC_HOST/MassStorageHost.o
                0x1a005660                FSUSB_DiskReadyWait
 .text.NVIC_EnableIRQ
                0x1a005690       0x30 ./src/FILE_SYSTEM/fatfs/DISK_DRIVER/SD/SD.o
 .text.NVIC_DisableIRQ
                0x1a0056c0       0x34 ./src/FILE_SYSTEM/fatfs/DISK_DRIVER/SD/SD.o
 .text.NVIC_ClearPendingIRQ
                0x1a0056f4       0x34 ./src/FILE_SYSTEM/fatfs/DISK_DRIVER/SD/SD.o
 .text.NVIC_SetPriority
                0x1a005728       0x54 ./src/FILE_SYSTEM/fatfs/DISK_DRIVER/SD/SD.o
 .text.Chip_SDIF_GetIntStatus
                0x1a00577c       0x18 ./src/FILE_SYSTEM/fatfs/DISK_DRIVER/SD/SD.o
 .text.Chip_SDIF_ClrIntStatus
                0x1a005794       0x1c ./src/FILE_SYSTEM/fatfs/DISK_DRIVER/SD/SD.o
 .text.Chip_SDIF_SetIntMask
                0x1a0057b0       0x1c ./src/FILE_SYSTEM/fatfs/DISK_DRIVER/SD/SD.o
 .text.sdmmc_waitms
                0x1a0057cc       0x14 ./src/FILE_SYSTEM/fatfs/DISK_DRIVER/SD/SD.o
 .text.sdmmc_setup_wakeup
                0x1a0057e0       0x34 ./src/FILE_SYSTEM/fatfs/DISK_DRIVER/SD/SD.o
 .text.sdmmc_irq_driven_wait
                0x1a005814       0x88 ./src/FILE_SYSTEM/fatfs/DISK_DRIVER/SD/SD.o
 .text.InitSD   0x1a00589c       0x50 ./src/FILE_SYSTEM/fatfs/DISK_DRIVER/SD/SD.o
                0x1a00589c                InitSD
 .text.SDIO_IRQHandler
                0x1a0058ec       0x18 ./src/FILE_SYSTEM/fatfs/DISK_DRIVER/SD/SD.o
                0x1a0058ec                SDIO_IRQHandler
 .text.NVIC_EnableIRQ
                0x1a005904       0x30 ./src/FILE_SYSTEM/fatfs/DISK_DRIVER/disk_io.o
 .text.NVIC_DisableIRQ
                0x1a005934       0x34 ./src/FILE_SYSTEM/fatfs/DISK_DRIVER/disk_io.o
 .text.Chip_SDIF_CardNDetect
                0x1a005968       0x1c ./src/FILE_SYSTEM/fatfs/DISK_DRIVER/disk_io.o
 .text.Chip_RIT_GetCounter
                0x1a005984       0x18 ./src/FILE_SYSTEM/fatfs/DISK_DRIVER/disk_io.o
 .text.FSMCI_CardReadyWait
                0x1a00599c       0xac ./src/FILE_SYSTEM/fatfs/DISK_DRIVER/disk_io.o
 .text.FSMCI_CardGetState
                0x1a005a48       0x3c ./src/FILE_SYSTEM/fatfs/DISK_DRIVER/disk_io.o
 .text.MSC_Enable
                0x1a005a84       0x18 ./src/FILE_SYSTEM/fatfs/DISK_DRIVER/disk_io.o
                0x1a005a84                MSC_Enable
 .text.MSC_Disable
                0x1a005a9c       0x18 ./src/FILE_SYSTEM/fatfs/DISK_DRIVER/disk_io.o
                0x1a005a9c                MSC_Disable
 .text.MSC_IsAttached
                0x1a005ab4       0x18 ./src/FILE_SYSTEM/fatfs/DISK_DRIVER/disk_io.o
                0x1a005ab4                MSC_IsAttached
 .text.disk_initialize
                0x1a005acc       0x34 ./src/FILE_SYSTEM/fatfs/DISK_DRIVER/disk_io.o
                0x1a005acc                disk_initialize
 .text.disk_ioctl
                0x1a005b00      0x208 ./src/FILE_SYSTEM/fatfs/DISK_DRIVER/disk_io.o
                0x1a005b00                disk_ioctl
 .text.disk_read
                0x1a005d08       0x98 ./src/FILE_SYSTEM/fatfs/DISK_DRIVER/disk_io.o
                0x1a005d08                disk_read
 .text.disk_status
                0x1a005da0       0x34 ./src/FILE_SYSTEM/fatfs/DISK_DRIVER/disk_io.o
                0x1a005da0                disk_status
 .text.disk_write
                0x1a005dd4       0x98 ./src/FILE_SYSTEM/fatfs/DISK_DRIVER/disk_io.o
                0x1a005dd4                disk_write
 .text.InitFileSystem
                0x1a005e6c       0x40 ./src/FILE_SYSTEM/fatfs/DISK_DRIVER/disk_io.o
                0x1a005e6c                InitFileSystem
 .text.ProcessFileSystem
                0x1a005eac      0x3e0 ./src/FILE_SYSTEM/fatfs/DISK_DRIVER/disk_io.o
                0x1a005eac                ProcessFileSystem
 .text.get_fattime
                0x1a00628c       0x3c ./src/FILE_SYSTEM/fatfs/DISK_DRIVER/rtc.o
                0x1a00628c                get_fattime
 .text.mem_cpy  0x1a0062c8       0x3c ./src/FILE_SYSTEM/fatfs/ff.o
 .text.mem_set  0x1a006304       0x34 ./src/FILE_SYSTEM/fatfs/ff.o
 .text.mem_cmp  0x1a006338       0x50 ./src/FILE_SYSTEM/fatfs/ff.o
 .text.chk_chr  0x1a006388       0x38 ./src/FILE_SYSTEM/fatfs/ff.o
 .text.move_window
                0x1a0063c0       0xbc ./src/FILE_SYSTEM/fatfs/ff.o
 .text.sync     0x1a00647c      0x14c ./src/FILE_SYSTEM/fatfs/ff.o
 .text.clust2sect
                0x1a0065c8       0x40 ./src/FILE_SYSTEM/fatfs/ff.o
                0x1a0065c8                clust2sect
 .text.get_fat  0x1a006608      0x158 ./src/FILE_SYSTEM/fatfs/ff.o
                0x1a006608                get_fat
 .text.put_fat  0x1a006760      0x1f4 ./src/FILE_SYSTEM/fatfs/ff.o
                0x1a006760                put_fat
 .text.remove_chain
                0x1a006954       0x9c ./src/FILE_SYSTEM/fatfs/ff.o
 .text.create_chain
                0x1a0069f0      0x118 ./src/FILE_SYSTEM/fatfs/ff.o
 .text.dir_sdi  0x1a006b08      0x104 ./src/FILE_SYSTEM/fatfs/ff.o
 .text.dir_next
                0x1a006c0c      0x1a8 ./src/FILE_SYSTEM/fatfs/ff.o
 .text.ld_clust
                0x1a006db4       0x5c ./src/FILE_SYSTEM/fatfs/ff.o
 .text.st_clust
                0x1a006e10       0x4c ./src/FILE_SYSTEM/fatfs/ff.o
 .text.cmp_lfn  0x1a006e5c       0xdc ./src/FILE_SYSTEM/fatfs/ff.o
 .text.fit_lfn  0x1a006f38       0xe8 ./src/FILE_SYSTEM/fatfs/ff.o
 .text.gen_numname
                0x1a007020      0x124 ./src/FILE_SYSTEM/fatfs/ff.o
                0x1a007020                gen_numname
 .text.sum_sfn  0x1a007144       0x44 ./src/FILE_SYSTEM/fatfs/ff.o
 .text.dir_find
                0x1a007188      0x150 ./src/FILE_SYSTEM/fatfs/ff.o
 .text.dir_register
                0x1a0072d8      0x26c ./src/FILE_SYSTEM/fatfs/ff.o
 .text.dir_remove
                0x1a007544       0x94 ./src/FILE_SYSTEM/fatfs/ff.o
 .text.create_name
                0x1a0075d8      0x3f0 ./src/FILE_SYSTEM/fatfs/ff.o
 .text.follow_path
                0x1a0079c8       0xd0 ./src/FILE_SYSTEM/fatfs/ff.o
 .text.check_fs
                0x1a007a98       0xc0 ./src/FILE_SYSTEM/fatfs/ff.o
 .text.chk_mounted
                0x1a007b58      0x550 ./src/FILE_SYSTEM/fatfs/ff.o
 .text.validate
                0x1a0080a8       0x54 ./src/FILE_SYSTEM/fatfs/ff.o
 .text.f_mount  0x1a0080fc       0x54 ./src/FILE_SYSTEM/fatfs/ff.o
                0x1a0080fc                f_mount
 .text.f_open   0x1a008150      0x288 ./src/FILE_SYSTEM/fatfs/ff.o
                0x1a008150                f_open
 .text.f_read   0x1a0083d8      0x2ac ./src/FILE_SYSTEM/fatfs/ff.o
                0x1a0083d8                f_read
 .text.f_sync   0x1a008684      0x158 ./src/FILE_SYSTEM/fatfs/ff.o
                0x1a008684                f_sync
 .text.f_close  0x1a0087dc       0x28 ./src/FILE_SYSTEM/fatfs/ff.o
                0x1a0087dc                f_close
 .text.f_lseek  0x1a008804      0x2a8 ./src/FILE_SYSTEM/fatfs/ff.o
                0x1a008804                f_lseek
 .text.f_rename
                0x1a008aac      0x1c0 ./src/FILE_SYSTEM/fatfs/ff.o
                0x1a008aac                f_rename
 .text.f_gets   0x1a008c6c       0x78 ./src/FILE_SYSTEM/fatfs/ff.o
                0x1a008c6c                f_gets
 .text.ff_convert
                0x1a008ce4       0x24 ./src/FILE_SYSTEM/fatfs/ff_lfn_support.o
                0x1a008ce4                ff_convert
 .text.ff_wtoupper
                0x1a008d08       0x38 ./src/FILE_SYSTEM/fatfs/ff_lfn_support.o
                0x1a008d08                ff_wtoupper
 .text.NVIC_EnableIRQ
                0x1a008d40       0x30 ./src/FILE_SYSTEM/USB_MSC_ROM/msc_main.o
 .text.NVIC_SetPriority
                0x1a008d70       0x54 ./src/FILE_SYSTEM/USB_MSC_ROM/msc_main.o
 .text.EP0_patch
                0x1a008dc4       0x54 ./src/FILE_SYSTEM/USB_MSC_ROM/msc_main.o
                0x1a008dc4                EP0_patch
 .text.USB0_IRQHandler
                0x1a008e18       0x54 ./src/FILE_SYSTEM/USB_MSC_ROM/msc_main.o
                0x1a008e18                USB0_IRQHandler
 .text.find_IntfDesc
                0x1a008e6c       0x5c ./src/FILE_SYSTEM/USB_MSC_ROM/msc_main.o
                0x1a008e6c                find_IntfDesc
 .text.InitUSB_ROM_MSC
                0x1a008ec8       0xf4 ./src/FILE_SYSTEM/USB_MSC_ROM/msc_main.o
                0x1a008ec8                InitUSB_ROM_MSC
 .text.translate_rd
                0x1a008fbc       0xf0 ./src/FILE_SYSTEM/USB_MSC_ROM/msc_sd.o
 .text.translate_wr
                0x1a0090ac      0x128 ./src/FILE_SYSTEM/USB_MSC_ROM/msc_sd.o
 .text.translate_verify
                0x1a0091d4       0x1c ./src/FILE_SYSTEM/USB_MSC_ROM/msc_sd.o
 .text.mscDisk_init
                0x1a0091f0       0xcc ./src/FILE_SYSTEM/USB_MSC_ROM/msc_sd.o
                0x1a0091f0                mscDisk_init
 .text.ProgramLine
                0x1a0092bc       0x6c ./src/DeviceProgramming.o
                0x1a0092bc                ProgramLine
 .text.FinalizeProgramming
                0x1a009328       0x18 ./src/DeviceProgramming.o
                0x1a009328                FinalizeProgramming
 .text.LPC43xx_GetSectorFromAddress
                0x1a009340      0x330 ./src/LPC43xx_ProgrammingDriver.o
                0x1a009340                LPC43xx_GetSectorFromAddress
 .text.LPC43xx_FLASH_FlushCache
                0x1a009670       0xdc ./src/LPC43xx_ProgrammingDriver.o
                0x1a009670                LPC43xx_FLASH_FlushCache
 .text.LPC43xx_FLASH_Program_iHexLine
                0x1a00974c       0x90 ./src/LPC43xx_ProgrammingDriver.o
                0x1a00974c                LPC43xx_FLASH_Program_iHexLine
 .text.ChangeBootState
                0x1a0097dc       0xb0 ./src/MonkeyBoot.o
                0x1a0097dc                ChangeBootState
 .text.IAP_GetErrorString
                0x1a00988c       0xa8 ./src/MonkeyBoot.o
                0x1a00988c                IAP_GetErrorString
 .text.main     0x1a009934      0x664 ./src/MonkeyBoot.o
                0x1a009934                main
 .text.NVIC_SetPriority
                0x1a009f98       0x54 ./src/System.o
 .text.SysTick_Config
                0x1a009fec       0x44 ./src/System.o
 .text.SysTick_Handler
                0x1a00a030       0x6c ./src/System.o
                0x1a00a030                SysTick_Handler
 .text.InitSystemTimer
                0x1a00a09c       0x2c ./src/System.o
                0x1a00a09c                InitSystemTimer
 .text.Delay_mS
                0x1a00a0c8       0x28 ./src/System.o
                0x1a00a0c8                Delay_mS
 .text.EmitMsg  0x1a00a0f0       0x30 ./src/System.o
                0x1a00a0f0                EmitMsg
 .text.ResetISR
                0x1a00a120       0xc4 ./src/cr_startup_lpc43xx.o
                0x1a00a120                ResetISR
 .text.ASCII_NUM_TO_VAL
                0x1a00a1e4       0x54 ./src/ihex.o
                0x1a00a1e4                ASCII_NUM_TO_VAL
 .text.ASCII_BYTE_STRING_TO_VAL
                0x1a00a238       0x34 ./src/ihex.o
                0x1a00a238                ASCII_BYTE_STRING_TO_VAL
 .text.ASCII_UINT16_TO_VAL
                0x1a00a26c       0x58 ./src/ihex.o
                0x1a00a26c                ASCII_UINT16_TO_VAL
 .text.ASCII_UINT32_TO_VAL
                0x1a00a2c4       0xa0 ./src/ihex.o
                0x1a00a2c4                ASCII_UINT32_TO_VAL
 .text.StripRightWhiteSpace
                0x1a00a364       0x4c ./src/ihex.o
                0x1a00a364                StripRightWhiteSpace
 .text.IHEX_GetAddress
                0x1a00a3b0       0x20 ./src/ihex.o
                0x1a00a3b0                IHEX_GetAddress
 .text.IHEX_GetByteCount
                0x1a00a3d0       0x20 ./src/ihex.o
                0x1a00a3d0                IHEX_GetByteCount
 .text.IHEX_GetRecordType
                0x1a00a3f0       0x24 ./src/ihex.o
                0x1a00a3f0                IHEX_GetRecordType
 .text.ReadIHEX_32_Line
                0x1a00a414      0x208 ./src/ihex.o
                0x1a00a414                ReadIHEX_32_Line
 .text.GetRangeIndex
                0x1a00a61c       0xcc ./src/ihex.o
                0x1a00a61c                GetRangeIndex
 .text.VerifyIHEX_32
                0x1a00a6e8      0x31c ./src/ihex.o
                0x1a00a6e8                VerifyIHEX_32
 .text.SystemInit
                0x1a00aa04       0x28 ./src/sysinit.o
                0x1a00aa04                SystemInit
 .text.Chip_SCU_PinMuxSet
                0x1a00aa2c       0x30 Z:\Dropbox\eLib\MonkeyBoot\SRC\lpc_board_keil_mcb_4357\Debug\liblpc_board_keil_mcb_4357.a(board.o)
 .text.Chip_ENET_RMIIEnable
                0x1a00aa5c       0x28 Z:\Dropbox\eLib\MonkeyBoot\SRC\lpc_board_keil_mcb_4357\Debug\liblpc_board_keil_mcb_4357.a(board.o)
 .text.Chip_GPIO_SetPinDIROutput
                0x1a00aa84       0x3c Z:\Dropbox\eLib\MonkeyBoot\SRC\lpc_board_keil_mcb_4357\Debug\liblpc_board_keil_mcb_4357.a(board.o)
 .text.Chip_UART_TXEnable
                0x1a00aac0       0x18 Z:\Dropbox\eLib\MonkeyBoot\SRC\lpc_board_keil_mcb_4357\Debug\liblpc_board_keil_mcb_4357.a(board.o)
 .text.Chip_UART_SendByte
                0x1a00aad8       0x1c Z:\Dropbox\eLib\MonkeyBoot\SRC\lpc_board_keil_mcb_4357\Debug\liblpc_board_keil_mcb_4357.a(board.o)
 .text.Chip_UART_ConfigData
                0x1a00aaf4       0x1c Z:\Dropbox\eLib\MonkeyBoot\SRC\lpc_board_keil_mcb_4357\Debug\liblpc_board_keil_mcb_4357.a(board.o)
 .text.Chip_UART_ReadLineStatus
                0x1a00ab10       0x18 Z:\Dropbox\eLib\MonkeyBoot\SRC\lpc_board_keil_mcb_4357\Debug\liblpc_board_keil_mcb_4357.a(board.o)
 .text.__sys_write
                0x1a00ab28       0x38 Z:\Dropbox\eLib\MonkeyBoot\SRC\lpc_board_keil_mcb_4357\Debug\liblpc_board_keil_mcb_4357.a(board.o)
                0x1a00ab28                __sys_write
 .text.Board_UART_Init
                0x1a00ab60       0x50 Z:\Dropbox\eLib\MonkeyBoot\SRC\lpc_board_keil_mcb_4357\Debug\liblpc_board_keil_mcb_4357.a(board.o)
                0x1a00ab60                Board_UART_Init
 .text.Board_Debug_Init
                0x1a00abb0       0x30 Z:\Dropbox\eLib\MonkeyBoot\SRC\lpc_board_keil_mcb_4357\Debug\liblpc_board_keil_mcb_4357.a(board.o)
                0x1a00abb0                Board_Debug_Init
 .text.Board_UARTPutChar
                0x1a00abe0       0x30 Z:\Dropbox\eLib\MonkeyBoot\SRC\lpc_board_keil_mcb_4357\Debug\liblpc_board_keil_mcb_4357.a(board.o)
                0x1a00abe0                Board_UARTPutChar
 .text.Board_LED_Init
                0x1a00ac10       0x44 Z:\Dropbox\eLib\MonkeyBoot\SRC\lpc_board_keil_mcb_4357\Debug\liblpc_board_keil_mcb_4357.a(board.o)
 .text.Board_Init
                0x1a00ac54       0x40 Z:\Dropbox\eLib\MonkeyBoot\SRC\lpc_board_keil_mcb_4357\Debug\liblpc_board_keil_mcb_4357.a(board.o)
                0x1a00ac54                Board_Init
 .text.Board_SDMMC_Init
                0x1a00ac94       0x4c Z:\Dropbox\eLib\MonkeyBoot\SRC\lpc_board_keil_mcb_4357\Debug\liblpc_board_keil_mcb_4357.a(board.o)
                0x1a00ac94                Board_SDMMC_Init
 .text.Chip_SCU_PinMuxSet
                0x1a00ace0       0x30 Z:\Dropbox\eLib\MonkeyBoot\SRC\lpc_board_keil_mcb_4357\Debug\liblpc_board_keil_mcb_4357.a(board_sysinit.o)
 .text.Chip_SCU_ClockPinMuxSet
                0x1a00ad10       0x2c Z:\Dropbox\eLib\MonkeyBoot\SRC\lpc_board_keil_mcb_4357\Debug\liblpc_board_keil_mcb_4357.a(board_sysinit.o)
 .text.Chip_SCU_SetPinMuxing
                0x1a00ad3c       0x48 Z:\Dropbox\eLib\MonkeyBoot\SRC\lpc_board_keil_mcb_4357\Debug\liblpc_board_keil_mcb_4357.a(board_sysinit.o)
 .text.Chip_CREG_SetFlashAcceleration
                0x1a00ad84       0x54 Z:\Dropbox\eLib\MonkeyBoot\SRC\lpc_board_keil_mcb_4357\Debug\liblpc_board_keil_mcb_4357.a(board_sysinit.o)
 .text.Board_SetupMuxing
                0x1a00add8       0x58 Z:\Dropbox\eLib\MonkeyBoot\SRC\lpc_board_keil_mcb_4357\Debug\liblpc_board_keil_mcb_4357.a(board_sysinit.o)
                0x1a00add8                Board_SetupMuxing
 .text.Board_SetupExtMemory
                0x1a00ae30       0x6c Z:\Dropbox\eLib\MonkeyBoot\SRC\lpc_board_keil_mcb_4357\Debug\liblpc_board_keil_mcb_4357.a(board_sysinit.o)
                0x1a00ae30                Board_SetupExtMemory
 .text.Board_SetupClocking
                0x1a00ae9c       0xa0 Z:\Dropbox\eLib\MonkeyBoot\SRC\lpc_board_keil_mcb_4357\Debug\liblpc_board_keil_mcb_4357.a(board_sysinit.o)
                0x1a00ae9c                Board_SetupClocking
 .text.Board_SystemInit
                0x1a00af3c       0x14 Z:\Dropbox\eLib\MonkeyBoot\SRC\lpc_board_keil_mcb_4357\Debug\liblpc_board_keil_mcb_4357.a(board_sysinit.o)
                0x1a00af3c                Board_SystemInit
 .text.Chip_CREG_EnableUSB0Phy
                0x1a00af50       0x1c Z:\Dropbox\eLib\MonkeyBoot\SRC\lpc_chip_43xx\Debug\liblpc_chip_43xx.a(chip_18xx_43xx.o)
 .text.Chip_USB_PllSetup
                0x1a00af6c       0x40 Z:\Dropbox\eLib\MonkeyBoot\SRC\lpc_chip_43xx\Debug\liblpc_chip_43xx.a(chip_18xx_43xx.o)
 .text.Chip_USB0_Init
                0x1a00afac       0x2c Z:\Dropbox\eLib\MonkeyBoot\SRC\lpc_chip_43xx\Debug\liblpc_chip_43xx.a(chip_18xx_43xx.o)
                0x1a00afac                Chip_USB0_Init
 .text.Chip_USB1_Init
                0x1a00afd8       0x48 Z:\Dropbox\eLib\MonkeyBoot\SRC\lpc_chip_43xx\Debug\liblpc_chip_43xx.a(chip_18xx_43xx.o)
                0x1a00afd8                Chip_USB1_Init
 .text.SystemCoreClockUpdate
                0x1a00b020       0x18 Z:\Dropbox\eLib\MonkeyBoot\SRC\lpc_chip_43xx\Debug\liblpc_chip_43xx.a(chip_18xx_43xx.o)
                0x1a00b020                SystemCoreClockUpdate
 .text.Chip_Clock_GetDivRate
                0x1a00b038       0x40 Z:\Dropbox\eLib\MonkeyBoot\SRC\lpc_chip_43xx\Debug\liblpc_chip_43xx.a(clock_18xx_43xx.o)
 .text.Chip_Clock_FindBaseClock
                0x1a00b078       0x88 Z:\Dropbox\eLib\MonkeyBoot\SRC\lpc_chip_43xx\Debug\liblpc_chip_43xx.a(clock_18xx_43xx.o)
 .text.Chip_Clock_EnableCrystal
                0x1a00b100       0x70 Z:\Dropbox\eLib\MonkeyBoot\SRC\lpc_chip_43xx\Debug\liblpc_chip_43xx.a(clock_18xx_43xx.o)
                0x1a00b100                Chip_Clock_EnableCrystal
 .text.Chip_Clock_SetupMainPLL_mch
                0x1a00b170       0xfc Z:\Dropbox\eLib\MonkeyBoot\SRC\lpc_chip_43xx\Debug\liblpc_chip_43xx.a(clock_18xx_43xx.o)
                0x1a00b170                Chip_Clock_SetupMainPLL_mch
 .text.Chip_Clock_GetMainPLLHz
                0x1a00b26c       0xc0 Z:\Dropbox\eLib\MonkeyBoot\SRC\lpc_chip_43xx\Debug\liblpc_chip_43xx.a(clock_18xx_43xx.o)
                0x1a00b26c                Chip_Clock_GetMainPLLHz
 .text.Chip_Clock_MainPLLLocked
                0x1a00b32c       0x24 Z:\Dropbox\eLib\MonkeyBoot\SRC\lpc_chip_43xx\Debug\liblpc_chip_43xx.a(clock_18xx_43xx.o)
                0x1a00b32c                Chip_Clock_MainPLLLocked
 .text.Chip_Clock_SetDivider
                0x1a00b350       0x84 Z:\Dropbox\eLib\MonkeyBoot\SRC\lpc_chip_43xx\Debug\liblpc_chip_43xx.a(clock_18xx_43xx.o)
                0x1a00b350                Chip_Clock_SetDivider
 .text.Chip_Clock_GetDividerSource
                0x1a00b3d4       0x40 Z:\Dropbox\eLib\MonkeyBoot\SRC\lpc_chip_43xx\Debug\liblpc_chip_43xx.a(clock_18xx_43xx.o)
                0x1a00b3d4                Chip_Clock_GetDividerSource
 .text.Chip_Clock_GetDividerDivisor
                0x1a00b414       0x38 Z:\Dropbox\eLib\MonkeyBoot\SRC\lpc_chip_43xx\Debug\liblpc_chip_43xx.a(clock_18xx_43xx.o)
                0x1a00b414                Chip_Clock_GetDividerDivisor
 .text.Chip_Clock_GetClockInputHz
                0x1a00b44c      0x140 Z:\Dropbox\eLib\MonkeyBoot\SRC\lpc_chip_43xx\Debug\liblpc_chip_43xx.a(clock_18xx_43xx.o)
                0x1a00b44c                Chip_Clock_GetClockInputHz
 .text.Chip_Clock_GetBaseClocktHz
                0x1a00b58c       0x24 Z:\Dropbox\eLib\MonkeyBoot\SRC\lpc_chip_43xx\Debug\liblpc_chip_43xx.a(clock_18xx_43xx.o)
                0x1a00b58c                Chip_Clock_GetBaseClocktHz
 .text.Chip_Clock_SetBaseClock
                0x1a00b5b0       0x9c Z:\Dropbox\eLib\MonkeyBoot\SRC\lpc_chip_43xx\Debug\liblpc_chip_43xx.a(clock_18xx_43xx.o)
                0x1a00b5b0                Chip_Clock_SetBaseClock
 .text.Chip_Clock_EnableBaseClock
                0x1a00b64c       0x3c Z:\Dropbox\eLib\MonkeyBoot\SRC\lpc_chip_43xx\Debug\liblpc_chip_43xx.a(clock_18xx_43xx.o)
                0x1a00b64c                Chip_Clock_EnableBaseClock
 .text.Chip_Clock_GetBaseClock
                0x1a00b688       0x4c Z:\Dropbox\eLib\MonkeyBoot\SRC\lpc_chip_43xx\Debug\liblpc_chip_43xx.a(clock_18xx_43xx.o)
                0x1a00b688                Chip_Clock_GetBaseClock
 .text.Chip_Clock_EnableOpts
                0x1a00b6d4       0x7c Z:\Dropbox\eLib\MonkeyBoot\SRC\lpc_chip_43xx\Debug\liblpc_chip_43xx.a(clock_18xx_43xx.o)
                0x1a00b6d4                Chip_Clock_EnableOpts
 .text.Chip_Clock_Enable
                0x1a00b750       0x60 Z:\Dropbox\eLib\MonkeyBoot\SRC\lpc_chip_43xx\Debug\liblpc_chip_43xx.a(clock_18xx_43xx.o)
                0x1a00b750                Chip_Clock_Enable
 .text.Chip_Clock_GetRate
                0x1a00b7b0       0x88 Z:\Dropbox\eLib\MonkeyBoot\SRC\lpc_chip_43xx\Debug\liblpc_chip_43xx.a(clock_18xx_43xx.o)
                0x1a00b7b0                Chip_Clock_GetRate
 .text.Chip_Clock_GetEMCRate
                0x1a00b838       0x48 Z:\Dropbox\eLib\MonkeyBoot\SRC\lpc_chip_43xx\Debug\liblpc_chip_43xx.a(clock_18xx_43xx.o)
                0x1a00b838                Chip_Clock_GetEMCRate
 .text.Chip_Clock_SetupPLL
                0x1a00b880       0x78 Z:\Dropbox\eLib\MonkeyBoot\SRC\lpc_chip_43xx\Debug\liblpc_chip_43xx.a(clock_18xx_43xx.o)
                0x1a00b880                Chip_Clock_SetupPLL
 .text.Chip_Clock_EnablePLL
                0x1a00b8f8       0x34 Z:\Dropbox\eLib\MonkeyBoot\SRC\lpc_chip_43xx\Debug\liblpc_chip_43xx.a(clock_18xx_43xx.o)
                0x1a00b8f8                Chip_Clock_EnablePLL
 .text.Chip_Clock_GetPLLStatus
                0x1a00b92c       0x28 Z:\Dropbox\eLib\MonkeyBoot\SRC\lpc_chip_43xx\Debug\liblpc_chip_43xx.a(clock_18xx_43xx.o)
                0x1a00b92c                Chip_Clock_GetPLLStatus
 .text.convertTimmingParam
                0x1a00b954       0x6c Z:\Dropbox\eLib\MonkeyBoot\SRC\lpc_chip_43xx\Debug\liblpc_chip_43xx.a(emc_18xx_43xx.o)
 .text.getColsLen
                0x1a00b9c0       0x50 Z:\Dropbox\eLib\MonkeyBoot\SRC\lpc_chip_43xx\Debug\liblpc_chip_43xx.a(emc_18xx_43xx.o)
 .text.initDynMem
                0x1a00ba10      0x2cc Z:\Dropbox\eLib\MonkeyBoot\SRC\lpc_chip_43xx\Debug\liblpc_chip_43xx.a(emc_18xx_43xx.o)
                0x1a00ba10                initDynMem
 .text.initStaticMem
                0x1a00bcdc       0xb0 Z:\Dropbox\eLib\MonkeyBoot\SRC\lpc_chip_43xx\Debug\liblpc_chip_43xx.a(emc_18xx_43xx.o)
                0x1a00bcdc                initStaticMem
 .text.Chip_EMC_Dynamic_Init
                0x1a00bd8c       0x24 Z:\Dropbox\eLib\MonkeyBoot\SRC\lpc_chip_43xx\Debug\liblpc_chip_43xx.a(emc_18xx_43xx.o)
                0x1a00bd8c                Chip_EMC_Dynamic_Init
 .text.Chip_EMC_Static_Init
                0x1a00bdb0       0x24 Z:\Dropbox\eLib\MonkeyBoot\SRC\lpc_chip_43xx\Debug\liblpc_chip_43xx.a(emc_18xx_43xx.o)
                0x1a00bdb0                Chip_EMC_Static_Init
 .text.Chip_EMC_Init
                0x1a00bdd4       0x4c Z:\Dropbox\eLib\MonkeyBoot\SRC\lpc_chip_43xx\Debug\liblpc_chip_43xx.a(emc_18xx_43xx.o)
                0x1a00bdd4                Chip_EMC_Init
 .text.fpuInit  0x1a00be20       0x74 Z:\Dropbox\eLib\MonkeyBoot\SRC\lpc_chip_43xx\Debug\liblpc_chip_43xx.a(fpu_init.o)
                0x1a00be20                fpuInit
 .text.Chip_GPIO_Init
                0x1a00be94       0x14 Z:\Dropbox\eLib\MonkeyBoot\SRC\lpc_chip_43xx\Debug\liblpc_chip_43xx.a(gpio_18xx_43xx.o)
                0x1a00be94                Chip_GPIO_Init
 .text.iap_entry
                0x1a00bea8       0x20 Z:\Dropbox\eLib\MonkeyBoot\SRC\lpc_chip_43xx\Debug\liblpc_chip_43xx.a(iap_18xx_43xx.o)
 .text.Chip_IAP_PreSectorForReadWrite
                0x1a00bec8       0x3c Z:\Dropbox\eLib\MonkeyBoot\SRC\lpc_chip_43xx\Debug\liblpc_chip_43xx.a(iap_18xx_43xx.o)
                0x1a00bec8                Chip_IAP_PreSectorForReadWrite
 .text.Chip_IAP_CopyRamToFlash
                0x1a00bf04       0x50 Z:\Dropbox\eLib\MonkeyBoot\SRC\lpc_chip_43xx\Debug\liblpc_chip_43xx.a(iap_18xx_43xx.o)
                0x1a00bf04                Chip_IAP_CopyRamToFlash
 .text.Chip_IAP_EraseSector
                0x1a00bf54       0x50 Z:\Dropbox\eLib\MonkeyBoot\SRC\lpc_chip_43xx\Debug\liblpc_chip_43xx.a(iap_18xx_43xx.o)
                0x1a00bf54                Chip_IAP_EraseSector
 .text.Chip_SDIF_Init
                0x1a00bfa4       0x78 Z:\Dropbox\eLib\MonkeyBoot\SRC\lpc_chip_43xx\Debug\liblpc_chip_43xx.a(sdif_18xx_43xx.o)
                0x1a00bfa4                Chip_SDIF_Init
 .text.Chip_SDIF_SendCmd
                0x1a00c01c       0x70 Z:\Dropbox\eLib\MonkeyBoot\SRC\lpc_chip_43xx\Debug\liblpc_chip_43xx.a(sdif_18xx_43xx.o)
                0x1a00c01c                Chip_SDIF_SendCmd
 .text.Chip_SDIF_GetResponse
                0x1a00c08c       0x3c Z:\Dropbox\eLib\MonkeyBoot\SRC\lpc_chip_43xx\Debug\liblpc_chip_43xx.a(sdif_18xx_43xx.o)
                0x1a00c08c                Chip_SDIF_GetResponse
 .text.Chip_SDIF_SetClock
                0x1a00c0c8       0x70 Z:\Dropbox\eLib\MonkeyBoot\SRC\lpc_chip_43xx\Debug\liblpc_chip_43xx.a(sdif_18xx_43xx.o)
                0x1a00c0c8                Chip_SDIF_SetClock
 .text.Chip_SDIF_SetClearIntFifo
                0x1a00c138       0x34 Z:\Dropbox\eLib\MonkeyBoot\SRC\lpc_chip_43xx\Debug\liblpc_chip_43xx.a(sdif_18xx_43xx.o)
                0x1a00c138                Chip_SDIF_SetClearIntFifo
 .text.Chip_SDIF_DmaSetup
                0x1a00c16c       0xdc Z:\Dropbox\eLib\MonkeyBoot\SRC\lpc_chip_43xx\Debug\liblpc_chip_43xx.a(sdif_18xx_43xx.o)
                0x1a00c16c                Chip_SDIF_DmaSetup
 .text.Chip_SDIF_SetBlkSize
                0x1a00c248       0x1c Z:\Dropbox\eLib\MonkeyBoot\SRC\lpc_chip_43xx\Debug\liblpc_chip_43xx.a(sdmmc_18xx_43xx.o)
 .text.Chip_SDIF_SetCardType
                0x1a00c264       0x1c Z:\Dropbox\eLib\MonkeyBoot\SRC\lpc_chip_43xx\Debug\liblpc_chip_43xx.a(sdmmc_18xx_43xx.o)
 .text.Chip_SDIF_ClrIntStatus
                0x1a00c280       0x1c Z:\Dropbox\eLib\MonkeyBoot\SRC\lpc_chip_43xx\Debug\liblpc_chip_43xx.a(sdmmc_18xx_43xx.o)
 .text.Chip_SDIF_SetBlkSizeByteCnt
                0x1a00c29c       0x20 Z:\Dropbox\eLib\MonkeyBoot\SRC\lpc_chip_43xx\Debug\liblpc_chip_43xx.a(sdmmc_18xx_43xx.o)
 .text.Chip_SDIF_SetByteCnt
                0x1a00c2bc       0x1c Z:\Dropbox\eLib\MonkeyBoot\SRC\lpc_chip_43xx\Debug\liblpc_chip_43xx.a(sdmmc_18xx_43xx.o)
 .text.sdmmc_execute_command
                0x1a00c2d8      0x23c Z:\Dropbox\eLib\MonkeyBoot\SRC\lpc_chip_43xx\Debug\liblpc_chip_43xx.a(sdmmc_18xx_43xx.o)
 .text.prv_card_acquired
                0x1a00c514       0x24 Z:\Dropbox\eLib\MonkeyBoot\SRC\lpc_chip_43xx\Debug\liblpc_chip_43xx.a(sdmmc_18xx_43xx.o)
 .text.prv_get_bits
                0x1a00c538       0x88 Z:\Dropbox\eLib\MonkeyBoot\SRC\lpc_chip_43xx\Debug\liblpc_chip_43xx.a(sdmmc_18xx_43xx.o)
 .text.prv_process_csd
                0x1a00c5c0      0x1e4 Z:\Dropbox\eLib\MonkeyBoot\SRC\lpc_chip_43xx\Debug\liblpc_chip_43xx.a(sdmmc_18xx_43xx.o)
 .text.prv_set_trans_state
                0x1a00c7a4       0x94 Z:\Dropbox\eLib\MonkeyBoot\SRC\lpc_chip_43xx\Debug\liblpc_chip_43xx.a(sdmmc_18xx_43xx.o)
 .text.prv_set_card_params
                0x1a00c838       0x78 Z:\Dropbox\eLib\MonkeyBoot\SRC\lpc_chip_43xx\Debug\liblpc_chip_43xx.a(sdmmc_18xx_43xx.o)
 .text.Chip_SDMMC_GetState
                0x1a00c8b0       0x50 Z:\Dropbox\eLib\MonkeyBoot\SRC\lpc_chip_43xx\Debug\liblpc_chip_43xx.a(sdmmc_18xx_43xx.o)
                0x1a00c8b0                Chip_SDMMC_GetState
 .text.Chip_SDMMC_Acquire
                0x1a00c900      0x39c Z:\Dropbox\eLib\MonkeyBoot\SRC\lpc_chip_43xx\Debug\liblpc_chip_43xx.a(sdmmc_18xx_43xx.o)
                0x1a00c900                Chip_SDMMC_Acquire
 .text.Chip_SDMMC_ReadBlocks
                0x1a00cc9c       0xd4 Z:\Dropbox\eLib\MonkeyBoot\SRC\lpc_chip_43xx\Debug\liblpc_chip_43xx.a(sdmmc_18xx_43xx.o)
                0x1a00cc9c                Chip_SDMMC_ReadBlocks
 .text.Chip_SDMMC_WriteBlocks
                0x1a00cd70       0xdc Z:\Dropbox\eLib\MonkeyBoot\SRC\lpc_chip_43xx\Debug\liblpc_chip_43xx.a(sdmmc_18xx_43xx.o)
                0x1a00cd70                Chip_SDMMC_WriteBlocks
 .text.Chip_SetupCoreClock
                0x1a00ce4c       0x80 Z:\Dropbox\eLib\MonkeyBoot\SRC\lpc_chip_43xx\Debug\liblpc_chip_43xx.a(sysinit_18xx_43xx.o)
                0x1a00ce4c                Chip_SetupCoreClock
 .text.Chip_UART_TXDisable
                0x1a00cecc       0x18 Z:\Dropbox\eLib\MonkeyBoot\SRC\lpc_chip_43xx\Debug\liblpc_chip_43xx.a(uart_18xx_43xx.o)
 .text.Chip_UART_SetupFIFOS
                0x1a00cee4       0x1c Z:\Dropbox\eLib\MonkeyBoot\SRC\lpc_chip_43xx\Debug\liblpc_chip_43xx.a(uart_18xx_43xx.o)
 .text.Chip_UART_ConfigData
                0x1a00cf00       0x1c Z:\Dropbox\eLib\MonkeyBoot\SRC\lpc_chip_43xx\Debug\liblpc_chip_43xx.a(uart_18xx_43xx.o)
 .text.Chip_UART_EnableDivisorAccess
                0x1a00cf1c       0x20 Z:\Dropbox\eLib\MonkeyBoot\SRC\lpc_chip_43xx\Debug\liblpc_chip_43xx.a(uart_18xx_43xx.o)
 .text.Chip_UART_DisableDivisorAccess
                0x1a00cf3c       0x20 Z:\Dropbox\eLib\MonkeyBoot\SRC\lpc_chip_43xx\Debug\liblpc_chip_43xx.a(uart_18xx_43xx.o)
 .text.Chip_UART_SetDivisorLatches
                0x1a00cf5c       0x28 Z:\Dropbox\eLib\MonkeyBoot\SRC\lpc_chip_43xx\Debug\liblpc_chip_43xx.a(uart_18xx_43xx.o)
 .text.Chip_UART_GetClockIndex
                0x1a00cf84       0x50 Z:\Dropbox\eLib\MonkeyBoot\SRC\lpc_chip_43xx\Debug\liblpc_chip_43xx.a(uart_18xx_43xx.o)
 .text.Chip_UART_Init
                0x1a00cfd4       0x7c Z:\Dropbox\eLib\MonkeyBoot\SRC\lpc_chip_43xx\Debug\liblpc_chip_43xx.a(uart_18xx_43xx.o)
                0x1a00cfd4                Chip_UART_Init
 .text.Chip_UART_SetBaud
                0x1a00d050       0x64 Z:\Dropbox\eLib\MonkeyBoot\SRC\lpc_chip_43xx\Debug\liblpc_chip_43xx.a(uart_18xx_43xx.o)
                0x1a00d050                Chip_UART_SetBaud
 .text.__main   0x1a00d0b4       0x14 c:/nxp/lpcxpresso_7.7.2_379/lpcxpresso/tools/bin/../lib/gcc/arm-none-eabi/4.9.3/../../../../arm-none-eabi/lib/armv7e-m/softfp\libcr_semihost.a(_cr__main.o)
                0x1a00d0b4                __CR_SEMIHOST
                0x1a00d0b4                __main
 .text.memcpy   0x1a00d0c8        0x4 c:/nxp/lpcxpresso_7.7.2_379/lpcxpresso/tools/bin/../lib/gcc/arm-none-eabi/4.9.3/../../../../arm-none-eabi/lib/armv7e-m/softfp\libcr_c.a(memcpy.o)
                0x1a00d0c8                memcpy
 .text.memset   0x1a00d0cc        0x4 c:/nxp/lpcxpresso_7.7.2_379/lpcxpresso/tools/bin/../lib/gcc/arm-none-eabi/4.9.3/../../../../arm-none-eabi/lib/armv7e-m/softfp\libcr_c.a(memset.o)
                0x1a00d0cc                memset
 .text.fp_round
                0x1a00d0d0       0x4c c:/nxp/lpcxpresso_7.7.2_379/lpcxpresso/tools/bin/../lib/gcc/arm-none-eabi/4.9.3/../../../../arm-none-eabi/lib/armv7e-m/softfp\libcr_c.a(fpprintf.o)
 .text.pr_dec.constprop.1
                0x1a00d11c       0x26 c:/nxp/lpcxpresso_7.7.2_379/lpcxpresso/tools/bin/../lib/gcc/arm-none-eabi/4.9.3/../../../../arm-none-eabi/lib/armv7e-m/softfp\libcr_c.a(fpprintf.o)
 *fill*         0x1a00d142        0x2 
 .text.sprintf  0x1a00d144       0x6c c:/nxp/lpcxpresso_7.7.2_379/lpcxpresso/tools/bin/../lib/gcc/arm-none-eabi/4.9.3/../../../../arm-none-eabi/lib/armv7e-m/softfp\libcr_c.a(fpprintf.o)
                0x1a00d144                sprintf
 .text.fp_display
                0x1a00d1b0      0x900 c:/nxp/lpcxpresso_7.7.2_379/lpcxpresso/tools/bin/../lib/gcc/arm-none-eabi/4.9.3/../../../../arm-none-eabi/lib/armv7e-m/softfp\libcr_c.a(fpprintf.o)
 .text.vsprintf
                0x1a00dab0       0x5c c:/nxp/lpcxpresso_7.7.2_379/lpcxpresso/tools/bin/../lib/gcc/arm-none-eabi/4.9.3/../../../../arm-none-eabi/lib/armv7e-m/softfp\libcr_c.a(fpprintf.o)
                0x1a00dab0                vsprintf
 .text.vsnprintf
                0x1a00db0c       0x5c c:/nxp/lpcxpresso_7.7.2_379/lpcxpresso/tools/bin/../lib/gcc/arm-none-eabi/4.9.3/../../../../arm-none-eabi/lib/armv7e-m/softfp\libcr_c.a(fpprintf.o)
                0x1a00db0c                vsnprintf
 .text.printf   0x1a00db68       0x54 c:/nxp/lpcxpresso_7.7.2_379/lpcxpresso/tools/bin/../lib/gcc/arm-none-eabi/4.9.3/../../../../arm-none-eabi/lib/armv7e-m/softfp\libcr_c.a(fpprintf.o)
                0x1a00db68                printf
 .text._initio  0x1a00dbbc       0xa4 c:/nxp/lpcxpresso_7.7.2_379/lpcxpresso/tools/bin/../lib/gcc/arm-none-eabi/4.9.3/../../../../arm-none-eabi/lib/armv7e-m/softfp\libcr_c.a(initio.o)
                0x1a00dbbc                _initio
 .text.memcmp   0x1a00dc60       0x44 c:/nxp/lpcxpresso_7.7.2_379/lpcxpresso/tools/bin/../lib/gcc/arm-none-eabi/4.9.3/../../../../arm-none-eabi/lib/armv7e-m/softfp\libcr_c.a(memcmp.o)
                0x1a00dc60                memcmp
 .text.__vfprintf
                0x1a00dca4      0xca0 c:/nxp/lpcxpresso_7.7.2_379/lpcxpresso/tools/bin/../lib/gcc/arm-none-eabi/4.9.3/../../../../arm-none-eabi/lib/armv7e-m/softfp\libcr_c.a(printf.o)
                0x1a00dca4                __vfprintf
 .text.setvbuf  0x1a00e944       0x40 c:/nxp/lpcxpresso_7.7.2_379/lpcxpresso/tools/bin/../lib/gcc/arm-none-eabi/4.9.3/../../../../arm-none-eabi/lib/armv7e-m/softfp\libcr_c.a(setvbuf.o)
                0x1a00e944                setvbuf
 .text.strlen   0x1a00e984       0x4a c:/nxp/lpcxpresso_7.7.2_379/lpcxpresso/tools/bin/../lib/gcc/arm-none-eabi/4.9.3/../../../../arm-none-eabi/lib/armv7e-m/softfp\libcr_c.a(strlen.o)
                0x1a00e984                strlen
 .text._deferredlazyseek
                0x1a00e9ce       0x44 c:/nxp/lpcxpresso_7.7.2_379/lpcxpresso/tools/bin/../lib/gcc/arm-none-eabi/4.9.3/../../../../arm-none-eabi/lib/armv7e-m/softfp\libcr_c.a(_deferredlazyseek.o)
                0x1a00e9ce                _deferredlazyseek
 .text.__flsbuf
                0x1a00ea12      0x142 c:/nxp/lpcxpresso_7.7.2_379/lpcxpresso/tools/bin/../lib/gcc/arm-none-eabi/4.9.3/../../../../arm-none-eabi/lib/armv7e-m/softfp\libcr_c.a(_deferredlazyseek.o)
                0x1a00ea12                __flsbuf
 .text._fdopen  0x1a00eb54       0x6a c:/nxp/lpcxpresso_7.7.2_379/lpcxpresso/tools/bin/../lib/gcc/arm-none-eabi/4.9.3/../../../../arm-none-eabi/lib/armv7e-m/softfp\libcr_c.a(_fdopen.o)
                0x1a00eb54                _fdopen
 .text._fflush  0x1a00ebbe       0x58 c:/nxp/lpcxpresso_7.7.2_379/lpcxpresso/tools/bin/../lib/gcc/arm-none-eabi/4.9.3/../../../../arm-none-eabi/lib/armv7e-m/softfp\libcr_c.a(_fflush.o)
                0x1a00ebbe                _fflush
 .text._frexpl  0x1a00ec16       0x5a c:/nxp/lpcxpresso_7.7.2_379/lpcxpresso/tools/bin/../lib/gcc/arm-none-eabi/4.9.3/../../../../arm-none-eabi/lib/armv7e-m/softfp\libcr_c.a(_frexpl.o)
                0x1a00ec16                _frexpl
 .text._ldexpl  0x1a00ec70       0x4c c:/nxp/lpcxpresso_7.7.2_379/lpcxpresso/tools/bin/../lib/gcc/arm-none-eabi/4.9.3/../../../../arm-none-eabi/lib/armv7e-m/softfp\libcr_c.a(_ldexpl.o)
                0x1a00ec70                _ldexpl
 .text._Cwritebuf
                0x1a00ecbc       0x70 c:/nxp/lpcxpresso_7.7.2_379/lpcxpresso/tools/bin/../lib/gcc/arm-none-eabi/4.9.3/../../../../arm-none-eabi/lib/armv7e-m/softfp\libcr_c.a(_writebuf.o)
                0x1a00ecbc                _Cwritebuf
 .text.malloc   0x1a00ed2c       0xcc c:/nxp/lpcxpresso_7.7.2_379/lpcxpresso/tools/bin/../lib/gcc/arm-none-eabi/4.9.3/../../../../arm-none-eabi/lib/armv7e-m/softfp\libcr_c.a(alloc.o)
                0x1a00ed2c                malloc
 .text.free     0x1a00edf8       0x30 c:/nxp/lpcxpresso_7.7.2_379/lpcxpresso/tools/bin/../lib/gcc/arm-none-eabi/4.9.3/../../../../arm-none-eabi/lib/armv7e-m/softfp\libcr_c.a(alloc.o)
                0x1a00edf8                free
 .text._Csys_alloc
                0x1a00ee28       0x20 c:/nxp/lpcxpresso_7.7.2_379/lpcxpresso/tools/bin/../lib/gcc/arm-none-eabi/4.9.3/../../../../arm-none-eabi/lib/armv7e-m/softfp\libcr_c.a(alloc.o)
                0x1a00ee28                _Csys_alloc
 .text.fclose   0x1a00ee48       0x6c c:/nxp/lpcxpresso_7.7.2_379/lpcxpresso/tools/bin/../lib/gcc/arm-none-eabi/4.9.3/../../../../arm-none-eabi/lib/armv7e-m/softfp\libcr_c.a(fclose.o)
                0x1a00ee48                fclose
 .text.fflush   0x1a00eeb4       0x30 c:/nxp/lpcxpresso_7.7.2_379/lpcxpresso/tools/bin/../lib/gcc/arm-none-eabi/4.9.3/../../../../arm-none-eabi/lib/armv7e-m/softfp\libcr_c.a(fflush.o)
                0x1a00eeb4                fflush
 .text.fseek    0x1a00eee4      0x110 c:/nxp/lpcxpresso_7.7.2_379/lpcxpresso/tools/bin/../lib/gcc/arm-none-eabi/4.9.3/../../../../arm-none-eabi/lib/armv7e-m/softfp\libcr_c.a(fseek.o)
                0x1a00eee4                fseek
 .text.ftell    0x1a00eff4       0x4c c:/nxp/lpcxpresso_7.7.2_379/lpcxpresso/tools/bin/../lib/gcc/arm-none-eabi/4.9.3/../../../../arm-none-eabi/lib/armv7e-m/softfp\libcr_c.a(ftell.o)
                0x1a00eff4                ftell
 .text.remove   0x1a00f040       0x14 c:/nxp/lpcxpresso_7.7.2_379/lpcxpresso/tools/bin/../lib/gcc/arm-none-eabi/4.9.3/../../../../arm-none-eabi/lib/armv7e-m/softfp\libcr_c.a(remove.o)
                0x1a00f040                remove
 .text._sbrk    0x1a00f054       0x40 c:/nxp/lpcxpresso_7.7.2_379/lpcxpresso/tools/bin/../lib/gcc/arm-none-eabi/4.9.3/../../../../arm-none-eabi/lib/armv7e-m/softfp\libcr_c.a(_cr_sbrk.o)
                0x1a00f054                _sbrk
 .text._do_fflush
                0x1a00f094       0x44 c:/nxp/lpcxpresso_7.7.2_379/lpcxpresso/tools/bin/../lib/gcc/arm-none-eabi/4.9.3/../../../../arm-none-eabi/lib/armv7e-m/softfp\libcr_c.a(_do_fflush.o)
                0x1a00f094                _do_fflush
 .text.__check_heap_overflow
                0x1a00f0d8       0x18 c:/nxp/lpcxpresso_7.7.2_379/lpcxpresso/tools/bin/../lib/gcc/arm-none-eabi/4.9.3/../../../../arm-none-eabi/lib/armv7e-m/softfp\libcr_c.a(_cr_check_heap.o)
                0x1a00f0d8                __check_heap_overflow
 .text.__aeabi_dmul
                0x1a00f0f0      0x110 c:/nxp/lpcxpresso_7.7.2_379/lpcxpresso/tools/bin/../lib/gcc/arm-none-eabi/4.9.3/armv7e-m/softfp\libcr_eabihelpers.a(double.o)
                0x1a00f0f0                __aeabi_dmul
 .text.__aeabi_ddiv
                0x1a00f200      0x140 c:/nxp/lpcxpresso_7.7.2_379/lpcxpresso/tools/bin/../lib/gcc/arm-none-eabi/4.9.3/armv7e-m/softfp\libcr_eabihelpers.a(double.o)
                0x1a00f200                __aeabi_ddiv
 .text.__aeabi_dsub
                0x1a00f340      0x1b8 c:/nxp/lpcxpresso_7.7.2_379/lpcxpresso/tools/bin/../lib/gcc/arm-none-eabi/4.9.3/armv7e-m/softfp\libcr_eabihelpers.a(double.o)
                0x1a00f340                __aeabi_dsub
 .text.__aeabi_dadd
                0x1a00f4f8      0x128 c:/nxp/lpcxpresso_7.7.2_379/lpcxpresso/tools/bin/../lib/gcc/arm-none-eabi/4.9.3/armv7e-m/softfp\libcr_eabihelpers.a(double.o)
                0x1a00f4f8                __aeabi_dadd
 .text.__aeabi_d2iz
                0x1a00f620       0x40 c:/nxp/lpcxpresso_7.7.2_379/lpcxpresso/tools/bin/../lib/gcc/arm-none-eabi/4.9.3/armv7e-m/softfp\libcr_eabihelpers.a(double.o)
                0x1a00f620                __aeabi_d2iz
 .text.__bhs_ui2d
                0x1a00f660       0x46 c:/nxp/lpcxpresso_7.7.2_379/lpcxpresso/tools/bin/../lib/gcc/arm-none-eabi/4.9.3/armv7e-m/softfp\libcr_eabihelpers.a(double.o)
                0x1a00f660                __bhs_ui2d
 .text.__aeabi_i2d
                0x1a00f6a6       0x10 c:/nxp/lpcxpresso_7.7.2_379/lpcxpresso/tools/bin/../lib/gcc/arm-none-eabi/4.9.3/armv7e-m/softfp\libcr_eabihelpers.a(double.o)
                0x1a00f6a6                __aeabi_i2d
 .text.__aeabi_dcmpeq
                0x1a00f6b6       0x30 c:/nxp/lpcxpresso_7.7.2_379/lpcxpresso/tools/bin/../lib/gcc/arm-none-eabi/4.9.3/armv7e-m/softfp\libcr_eabihelpers.a(double.o)
                0x1a00f6b6                __aeabi_dcmpeq
 .text.__aeabi_dcmplt
                0x1a00f6e6       0x52 c:/nxp/lpcxpresso_7.7.2_379/lpcxpresso/tools/bin/../lib/gcc/arm-none-eabi/4.9.3/armv7e-m/softfp\libcr_eabihelpers.a(double.o)
                0x1a00f6e6                __aeabi_dcmplt
 .text.__aeabi_dcmple
                0x1a00f738       0x54 c:/nxp/lpcxpresso_7.7.2_379/lpcxpresso/tools/bin/../lib/gcc/arm-none-eabi/4.9.3/armv7e-m/softfp\libcr_eabihelpers.a(double.o)
                0x1a00f738                __aeabi_dcmple
 .text.__aeabi_dcmpge
                0x1a00f78c       0x54 c:/nxp/lpcxpresso_7.7.2_379/lpcxpresso/tools/bin/../lib/gcc/arm-none-eabi/4.9.3/armv7e-m/softfp\libcr_eabihelpers.a(double.o)
                0x1a00f78c                __aeabi_dcmpge
 .text.__aeabi_memcpy
                0x1a00f7e0       0x34 c:/nxp/lpcxpresso_7.7.2_379/lpcxpresso/tools/bin/../lib/gcc/arm-none-eabi/4.9.3/armv7e-m/softfp\libcr_eabihelpers.a(memcpy.o)
                0x1a00f7e0                __aeabi_memcpy
                0x1a00f7ea                __aeabi_memcpy8
                0x1a00f7ea                __aeabi_memcpy4
 .text.__aeabi_memset_lowlevel
                0x1a00f814       0x32 c:/nxp/lpcxpresso_7.7.2_379/lpcxpresso/tools/bin/../lib/gcc/arm-none-eabi/4.9.3/armv7e-m/softfp\libcr_eabihelpers.a(memcpy.o)
                0x1a00f814                __aeabi_lowlevel_memset
 *fill*         0x1a00f846        0x2 
 .text.__sys_appexit
                0x1a00f848        0xc c:/nxp/lpcxpresso_7.7.2_379/lpcxpresso/tools/bin/../lib/gcc/arm-none-eabi/4.9.3/../../../../arm-none-eabi/lib/armv7e-m/softfp\libcr_semihost.a(__sys_appexit.o)
                0x1a00f848                __sys_appexit
                0x1a00f848                __exit
 .text.__sys_close
                0x1a00f854        0xc c:/nxp/lpcxpresso_7.7.2_379/lpcxpresso/tools/bin/../lib/gcc/arm-none-eabi/4.9.3/../../../../arm-none-eabi/lib/armv7e-m/softfp\libcr_semihost.a(__sys_close.o)
                0x1a00f854                __sys_close
 .text.__sys_flen
                0x1a00f860        0xc c:/nxp/lpcxpresso_7.7.2_379/lpcxpresso/tools/bin/../lib/gcc/arm-none-eabi/4.9.3/../../../../arm-none-eabi/lib/armv7e-m/softfp\libcr_semihost.a(__sys_flen.o)
                0x1a00f860                __sys_flen
 .text.__sys_istty
                0x1a00f86c        0xc c:/nxp/lpcxpresso_7.7.2_379/lpcxpresso/tools/bin/../lib/gcc/arm-none-eabi/4.9.3/../../../../arm-none-eabi/lib/armv7e-m/softfp\libcr_semihost.a(__sys_istty.o)
                0x1a00f86c                __sys_istty
 .text.__sys_remove
                0x1a00f878        0xc c:/nxp/lpcxpresso_7.7.2_379/lpcxpresso/tools/bin/../lib/gcc/arm-none-eabi/4.9.3/../../../../arm-none-eabi/lib/armv7e-m/softfp\libcr_semihost.a(__sys_remove.o)
                0x1a00f878                __sys_remove
 .text.__sys_seek
                0x1a00f884        0xc c:/nxp/lpcxpresso_7.7.2_379/lpcxpresso/tools/bin/../lib/gcc/arm-none-eabi/4.9.3/../../../../arm-none-eabi/lib/armv7e-m/softfp\libcr_semihost.a(__sys_seek.o)
                0x1a00f884                __sys_seek
 .text.__sys_tmpnam
                0x1a00f890        0xc c:/nxp/lpcxpresso_7.7.2_379/lpcxpresso/tools/bin/../lib/gcc/arm-none-eabi/4.9.3/../../../../arm-none-eabi/lib/armv7e-m/softfp\libcr_semihost.a(__sys_tmpnam.o)
                0x1a00f890                __sys_tmpnam
 *(.rodata .rodata.* .constdata .constdata.*)
 .rodata.USB_REG_BASE_ADDR
                0x1a00f89c        0x8 ./src/FILE_SYSTEM/fatfs/DISK_DRIVER/USB_MSC_HOST/lpcusblib/Drivers/USB/Core/HAL/LPC18XX/HAL_LPC18xx.o
                0x1a00f89c                USB_REG_BASE_ADDR
 .rodata        0x1a00f8a4       0x10 ./src/FILE_SYSTEM/fatfs/DISK_DRIVER/USB_MSC_HOST/lpcusblib/Drivers/USB/Core/Host.o
 .rodata        0x1a00f8b4      0x3ac ./src/FILE_SYSTEM/fatfs/DISK_DRIVER/USB_MSC_HOST/MassStorageHost.o
 .rodata        0x1a00fc60      0x15c ./src/FILE_SYSTEM/fatfs/DISK_DRIVER/disk_io.o
 .rodata.LfnOfs
                0x1a00fdbc       0x10 ./src/FILE_SYSTEM/fatfs/ff.o
 .rodata        0x1a00fdcc       0x48 ./src/FILE_SYSTEM/fatfs/ff.o
 .rodata.USB_DeviceDescriptor
                0x1a00fe14       0x14 ./src/FILE_SYSTEM/USB_MSC_ROM/msc_desc.o
                0x1a00fe14                USB_DeviceDescriptor
 .rodata.USB_DeviceQualifier
                0x1a00fe28        0xc ./src/FILE_SYSTEM/USB_MSC_ROM/msc_desc.o
                0x1a00fe28                USB_DeviceQualifier
 .rodata.USB_StringDescriptor
                0x1a00fe34       0x50 ./src/FILE_SYSTEM/USB_MSC_ROM/msc_desc.o
                0x1a00fe34                USB_StringDescriptor
 .rodata.g_InquiryStr
                0x1a00fe84       0x1c ./src/FILE_SYSTEM/USB_MSC_ROM/msc_sd.o
 .rodata        0x1a00fea0       0x28 ./src/DeviceProgramming.o
 .rodata        0x1a00fec8      0x100 ./src/LPC43xx_ProgrammingDriver.o
 .rodata.MyBootloaderMemoryRanges
                0x1a00ffc8        0xc ./src/MonkeyBoot.o
                0x1a00ffc8                MyBootloaderMemoryRanges
 .rodata.MyProgrammableMemoryRanges
                0x1a00ffd4       0x18 ./src/MonkeyBoot.o
                0x1a00ffd4                MyProgrammableMemoryRanges
 .rodata        0x1a00ffec      0x4c8 ./src/MonkeyBoot.o
 .rodata        0x1a0104b4      0x224 ./src/ihex.o
 .rodata.ledports
                0x1a0106d8        0x8 Z:\Dropbox\eLib\MonkeyBoot\SRC\lpc_board_keil_mcb_4357\Debug\liblpc_board_keil_mcb_4357.a(board.o)
 .rodata.ledbits
                0x1a0106e0        0x8 Z:\Dropbox\eLib\MonkeyBoot\SRC\lpc_board_keil_mcb_4357\Debug\liblpc_board_keil_mcb_4357.a(board.o)
 .rodata.ExtRateIn
                0x1a0106e8        0x4 Z:\Dropbox\eLib\MonkeyBoot\SRC\lpc_board_keil_mcb_4357\Debug\liblpc_board_keil_mcb_4357.a(board.o)
                0x1a0106e8                ExtRateIn
 .rodata.OscRateIn
                0x1a0106ec        0x4 Z:\Dropbox\eLib\MonkeyBoot\SRC\lpc_board_keil_mcb_4357\Debug\liblpc_board_keil_mcb_4357.a(board.o)
                0x1a0106ec                OscRateIn
 .rodata.InitClkStates
                0x1a0106f0       0x10 Z:\Dropbox\eLib\MonkeyBoot\SRC\lpc_board_keil_mcb_4357\Debug\liblpc_board_keil_mcb_4357.a(board_sysinit.o)
 .rodata.spifipinmuxing
                0x1a010700       0x18 Z:\Dropbox\eLib\MonkeyBoot\SRC\lpc_board_keil_mcb_4357\Debug\liblpc_board_keil_mcb_4357.a(board_sysinit.o)
 .rodata.pinmuxing
                0x1a010718      0x1f0 Z:\Dropbox\eLib\MonkeyBoot\SRC\lpc_board_keil_mcb_4357\Debug\liblpc_board_keil_mcb_4357.a(board_sysinit.o)
 .rodata.pinclockmuxing
                0x1a010908       0x10 Z:\Dropbox\eLib\MonkeyBoot\SRC\lpc_board_keil_mcb_4357\Debug\liblpc_board_keil_mcb_4357.a(board_sysinit.o)
 .rodata.MT48LC4M32_config
                0x1a010918       0x74 Z:\Dropbox\eLib\MonkeyBoot\SRC\lpc_board_keil_mcb_4357\Debug\liblpc_board_keil_mcb_4357.a(board_sysinit.o)
 .rodata.S29GL64N90_config
                0x1a01098c       0x20 Z:\Dropbox\eLib\MonkeyBoot\SRC\lpc_board_keil_mcb_4357\Debug\liblpc_board_keil_mcb_4357.a(board_sysinit.o)
 .rodata.usbPLLSetup
                0x1a0109ac       0x14 Z:\Dropbox\eLib\MonkeyBoot\SRC\lpc_chip_43xx\Debug\liblpc_chip_43xx.a(chip_18xx_43xx.o)
 .rodata.periph_to_base
                0x1a0109c0       0x6c Z:\Dropbox\eLib\MonkeyBoot\SRC\lpc_chip_43xx\Debug\liblpc_chip_43xx.a(clock_18xx_43xx.o)
 .rodata        0x1a010a2c        0xc Z:\Dropbox\eLib\MonkeyBoot\SRC\lpc_chip_43xx\Debug\liblpc_chip_43xx.a(clock_18xx_43xx.o)
 .rodata.InitClkStates
                0x1a010a38       0x48 Z:\Dropbox\eLib\MonkeyBoot\SRC\lpc_chip_43xx\Debug\liblpc_chip_43xx.a(sysinit_18xx_43xx.o)
 .rodata.str1.1
                0x1a010a80       0x34 c:/nxp/lpcxpresso_7.7.2_379/lpcxpresso/tools/bin/../lib/gcc/arm-none-eabi/4.9.3/../../../../arm-none-eabi/lib/armv7e-m/softfp\libcr_c.a(fpprintf.o)
                                 0x35 (size before relaxing)
 .rodata.str1.1
                0x1a010ab4        0x4 c:/nxp/lpcxpresso_7.7.2_379/lpcxpresso/tools/bin/../lib/gcc/arm-none-eabi/4.9.3/../../../../arm-none-eabi/lib/armv7e-m/softfp\libcr_c.a(initio.o)
 .rodata.str1.1
                0x1a010ab8       0x31 c:/nxp/lpcxpresso_7.7.2_379/lpcxpresso/tools/bin/../lib/gcc/arm-none-eabi/4.9.3/../../../../arm-none-eabi/lib/armv7e-m/softfp\libcr_c.a(printf.o)
                                 0x38 (size before relaxing)
 .rodata.str1.1
                0x1a010ae9       0x18 c:/nxp/lpcxpresso_7.7.2_379/lpcxpresso/tools/bin/../lib/gcc/arm-none-eabi/4.9.3/../../../../arm-none-eabi/lib/armv7e-m/softfp\libcr_c.a(alloc.o)
 *fill*         0x1a010b01        0x7 
 .rodata.__huge_vall
                0x1a010b08        0x8 c:/nxp/lpcxpresso_7.7.2_379/lpcxpresso/tools/bin/../lib/gcc/arm-none-eabi/4.9.3/../../../../arm-none-eabi/lib/armv7e-m/softfp\libcr_c.a(_hugeval.o)
                0x1a010b08                __huge_vall
                0x1a010b10                . = ALIGN (0x4)

.glue_7         0x1a010b10        0x0
 .glue_7        0x00000000        0x0 linker stubs

.glue_7t        0x1a010b10        0x0
 .glue_7t       0x00000000        0x0 linker stubs

.vfp11_veneer   0x1a010b10        0x0
 .vfp11_veneer  0x00000000        0x0 linker stubs

.v4_bx          0x1a010b10        0x0
 .v4_bx         0x00000000        0x0 linker stubs

.iplt           0x1a010b10        0x0
 .iplt          0x00000000        0x0 ./src/FILE_SYSTEM/fatfs/DISK_DRIVER/USB_MSC_HOST/lpcusblib/Drivers/USB/Core/HCD/EHCI/EHCI.o

.rel.dyn        0x1a010b10        0x0
 .rel.iplt      0x00000000        0x0 ./src/FILE_SYSTEM/fatfs/DISK_DRIVER/USB_MSC_HOST/lpcusblib/Drivers/USB/Core/HCD/EHCI/EHCI.o

.ARM.extab
 *(.ARM.extab* .gnu.linkonce.armextab.*)
                0x1a010b10                __exidx_start = .

.ARM.exidx
 *(.ARM.exidx* .gnu.linkonce.armexidx.*)
                0x1a010b10                __exidx_end = .
                0x1a010b10                _etext = .

.data_RAM2      0x10080000        0x0 load address 0x1a010b10
 FILL mask 0xff
                0x10080000                PROVIDE (__start_data_RAM2, .)
 *(.ramfunc.$RAM2)
 *(.ramfunc.$RamLoc40)
 *(.data.$RAM2*)
 *(.data.$RamLoc40*)
                0x10080000                . = ALIGN (0x4)
                0x10080000                PROVIDE (__end_data_RAM2, .)

.data_RAM3      0x20000000        0x0 load address 0x1a010b10
 FILL mask 0xff
                0x20000000                PROVIDE (__start_data_RAM3, .)
 *(.ramfunc.$RAM3)
 *(.ramfunc.$RamAHB32)
 *(.data.$RAM3*)
 *(.data.$RamAHB32*)
                0x20000000                . = ALIGN (0x4)
                0x20000000                PROVIDE (__end_data_RAM3, .)

.data_RAM4      0x20008000        0x0 load address 0x1a010b10
 FILL mask 0xff
                0x20008000                PROVIDE (__start_data_RAM4, .)
 *(.ramfunc.$RAM4)
 *(.ramfunc.$RamAHB16)
 *(.data.$RAM4*)
 *(.data.$RamAHB16*)
                0x20008000                . = ALIGN (0x4)
                0x20008000                PROVIDE (__end_data_RAM4, .)

.data_RAM5      0x2000c000        0x0 load address 0x1a010b10
 FILL mask 0xff
                0x2000c000                PROVIDE (__start_data_RAM5, .)
 *(.ramfunc.$RAM5)
 *(.ramfunc.$RamAHB_ETB16)
 *(.data.$RAM5*)
 *(.data.$RamAHB_ETB16*)
                0x2000c000                . = ALIGN (0x4)
                0x2000c000                PROVIDE (__end_data_RAM5, .)

.uninit_RESERVED
                0x10000000        0x0
 *(.bss.$RESERVED*)
                0x10000000                . = ALIGN (0x4)
                0x10000000                _end_uninit_RESERVED = .

.data           0x10000000       0x6c load address 0x1a010b10
 FILL mask 0xff
                0x10000000                _data = .
 *(vtable)
 *(.ramfunc*)
 *(.data*)
 .data.FlashDisk_MS_Interface
                0x10000000       0x14 ./src/FILE_SYSTEM/fatfs/DISK_DRIVER/USB_MSC_HOST/MassStorageHost.o
 .data.SD_Stat  0x10000014        0x1 ./src/FILE_SYSTEM/fatfs/DISK_DRIVER/disk_io.o
 .data.USB_Stat
                0x10000015        0x1 ./src/FILE_SYSTEM/fatfs/DISK_DRIVER/disk_io.o
 *fill*         0x10000016        0x2 
 .data.USB_FsConfigDescriptor
                0x10000018       0x24 ./src/FILE_SYSTEM/USB_MSC_ROM/msc_desc.o
                0x10000018                USB_FsConfigDescriptor
 .data.USB_HsConfigDescriptor
                0x1000003c       0x24 ./src/FILE_SYSTEM/USB_MSC_ROM/msc_desc.o
                0x1000003c                USB_HsConfigDescriptor
 .data.MSC_CacheWritePtr
                0x10000060        0x4 ./src/FILE_SYSTEM/USB_MSC_ROM/msc_sd.o
                0x10000060                MSC_CacheWritePtr
 .data.LPC43xx_FLASH_CacheBase
                0x10000064        0x4 ./src/LPC43xx_ProgrammingDriver.o
                0x10000064                LPC43xx_FLASH_CacheBase
 .data.BootState
                0x10000068        0x1 ./src/MonkeyBoot.o
                0x10000068                BootState
                0x1000006c                . = ALIGN (0x4)
 *fill*         0x10000069        0x3 ff
                0x1000006c                _edata = .

.igot.plt       0x1000006c        0x0 load address 0x1a010b7c
 .igot.plt      0x00000000        0x0 ./src/FILE_SYSTEM/fatfs/DISK_DRIVER/USB_MSC_HOST/lpcusblib/Drivers/USB/Core/HCD/EHCI/EHCI.o

.bss_RAM2       0x10080000     0x4000
                0x10080000                PROVIDE (__start_bss_RAM2, .)
 *(.bss.$RAM2*)
 .bss.$RAM2     0x10080000     0x4000 ./src/FILE_SYSTEM/USB_MSC_ROM/msc_sd.o
                0x10080000                MSC_Cache
 *(.bss.$RamLoc40*)
                0x10084000                . = ALIGN (0x4)
                0x10084000                PROVIDE (__end_bss_RAM2, .)

.bss_RAM3       0x20000000        0x0
                0x20000000                PROVIDE (__start_bss_RAM3, .)
 *(.bss.$RAM3*)
 *(.bss.$RamAHB32*)
                0x20000000                . = ALIGN (0x4)
                0x20000000                PROVIDE (__end_bss_RAM3, .)

.bss_RAM4       0x20008000        0x0
                0x20008000                PROVIDE (__start_bss_RAM4, .)
 *(.bss.$RAM4*)
 *(.bss.$RamAHB16*)
                0x20008000                . = ALIGN (0x4)
                0x20008000                PROVIDE (__end_bss_RAM4, .)

.bss_RAM5       0x2000c000        0x0
                0x2000c000                PROVIDE (__start_bss_RAM5, .)
 *(.bss.$RAM5*)
 *(.bss.$RamAHB_ETB16*)
                0x2000c000                . = ALIGN (0x4)
                0x2000c000                PROVIDE (__end_bss_RAM5, .)

.bss            0x10001000     0x530c
                0x10001000                _bss = .
 *(.bss*)
 .bss.$RAM      0x10001000     0x3000 ./src/FILE_SYSTEM/fatfs/DISK_DRIVER/USB_MSC_HOST/lpcusblib/Drivers/USB/Core/HCD/EHCI/EHCI.o
                0x10001000                ehci_data
                0x10002000                PeriodFrameList0
                0x10003000                PeriodFrameList1
 .bss.coreEnabled
                0x10004000        0x4 ./src/FILE_SYSTEM/fatfs/DISK_DRIVER/USB_MSC_HOST/lpcusblib/Drivers/USB/Core/HAL/LPC18XX/HAL_LPC18xx.o
 .bss.WaitMSRemaining.10402
                0x10004004        0x2 ./src/FILE_SYSTEM/fatfs/DISK_DRIVER/USB_MSC_HOST/lpcusblib/Drivers/USB/Core/Host.o
 .bss.PostWaitState.10403
                0x10004006        0x1 ./src/FILE_SYSTEM/fatfs/DISK_DRIVER/USB_MSC_HOST/lpcusblib/Drivers/USB/Core/Host.o
 .bss.Mem_IsInitialized
                0x10004007        0x1 ./src/FILE_SYSTEM/fatfs/DISK_DRIVER/USB_MSC_HOST/lpcusblib/Drivers/USB/Core/USBController.o
                0x10004007                Mem_IsInitialized
 .bss.$RAM      0x10004008     0x1000 ./src/FILE_SYSTEM/fatfs/DISK_DRIVER/USB_MSC_HOST/lpcusblib/Drivers/USB/Core/USBMemory.o
 .bss.$RAM      0x10005008        0x8 ./src/FILE_SYSTEM/fatfs/DISK_DRIVER/USB_MSC_HOST/lpcusblib/Drivers/USB/Core/USBTask.o
                0x10005008                USB_ControlRequest
 .bss.USB_HostEnumState
                0x10005010        0x1 ./src/FILE_SYSTEM/fatfs/DISK_DRIVER/USB_MSC_HOST/MassStorageHost.o
                0x10005010                USB_HostEnumState
 *fill*         0x10005011        0x3 
 .bss.sdio_wait_exit
                0x10005014        0x4 ./src/FILE_SYSTEM/fatfs/DISK_DRIVER/SD/SD.o
                0x10005014                sdio_wait_exit
 .bss.SD_Errors
                0x10005018        0x4 ./src/FILE_SYSTEM/fatfs/DISK_DRIVER/SD/SD.o
                0x10005018                SD_Errors
 .bss.MSC_Attached
                0x1000501c        0x1 ./src/FILE_SYSTEM/fatfs/DISK_DRIVER/disk_io.o
                0x1000501c                MSC_Attached
 .bss.MSC_EnableFlag
                0x1000501d        0x1 ./src/FILE_SYSTEM/fatfs/DISK_DRIVER/disk_io.o
                0x1000501d                MSC_EnableFlag
 *fill*         0x1000501e        0x2 
 .bss.hCard     0x10005020        0x4 ./src/FILE_SYSTEM/fatfs/DISK_DRIVER/disk_io.o
 .bss.hDisk     0x10005024        0x4 ./src/FILE_SYSTEM/fatfs/DISK_DRIVER/disk_io.o
 .bss.FatFs     0x10005028        0x8 ./src/FILE_SYSTEM/fatfs/ff.o
 .bss.Fsid      0x10005030        0x2 ./src/FILE_SYSTEM/fatfs/ff.o
 *fill*         0x10005032        0x2 
 .bss.LfnBuf    0x10005034      0x200 ./src/FILE_SYSTEM/fatfs/ff.o
 .bss.g_ep0RxBusy
                0x10005234        0x4 ./src/FILE_SYSTEM/USB_MSC_ROM/msc_main.o
 .bss.g_Ep0BaseHdlr
                0x10005238        0x4 ./src/FILE_SYSTEM/USB_MSC_ROM/msc_main.o
 .bss.PCI       0x1000523c        0x4 ./src/FILE_SYSTEM/USB_MSC_ROM/msc_main.o
                0x1000523c                PCI
 .bss.MSC_CacheBaseAddress
                0x10005240        0x4 ./src/FILE_SYSTEM/USB_MSC_ROM/msc_sd.o
                0x10005240                MSC_CacheBaseAddress
 .bss.ErrorCounter
                0x10005244        0x4 ./src/MonkeyBoot.o
                0x10005244                ErrorCounter
 .bss.mS_DelayTicker
                0x10005248        0x4 ./src/System.o
 .bss.StringBuffer
                0x1000524c      0x200 ./src/System.o
 .bss.audio_usb_pll_freq
                0x1000544c        0x8 Z:\Dropbox\eLib\MonkeyBoot\SRC\lpc_chip_43xx\Debug\liblpc_chip_43xx.a(clock_18xx_43xx.o)
 .bss.g_card_info
                0x10005454        0x4 Z:\Dropbox\eLib\MonkeyBoot\SRC\lpc_chip_43xx\Debug\liblpc_chip_43xx.a(sdmmc_18xx_43xx.o)
 .bss.errno     0x10005458        0x4 c:/nxp/lpcxpresso_7.7.2_379/lpcxpresso/tools/bin/../lib/gcc/arm-none-eabi/4.9.3/../../../../arm-none-eabi/lib/armv7e-m/softfp\libcr_c.a(errno.o)
                0x10005458                errno
 *(COMMON)
 COMMON         0x1000545c       0x18 ./src/FILE_SYSTEM/fatfs/DISK_DRIVER/USB_MSC_HOST/lpcusblib/Drivers/USB/Core/HCD/EHCI/EHCI.o
                0x1000545c                PipeStreaming
 COMMON         0x10005474        0x2 ./src/FILE_SYSTEM/fatfs/DISK_DRIVER/USB_MSC_HOST/lpcusblib/Drivers/USB/Core/Host.o
                0x10005474                USB_Host_ControlPipeSize
 COMMON         0x10005476        0x1 ./src/FILE_SYSTEM/fatfs/DISK_DRIVER/USB_MSC_HOST/lpcusblib/Drivers/USB/Core/HostStandardReq.o
                0x10005476                USB_Host_ConfigurationNumber
 *fill*         0x10005477        0x1 
 COMMON         0x10005478      0x10a ./src/FILE_SYSTEM/fatfs/DISK_DRIVER/USB_MSC_HOST/lpcusblib/Drivers/USB/Core/Pipe.o
                0x10005478                hostportspeed
                0x1000547c                PipeInfo
                0x1000557c                hostselected
                0x10005580                pipeselected
 *fill*         0x10005582        0x2 
 COMMON         0x10005584        0x2 ./src/FILE_SYSTEM/fatfs/DISK_DRIVER/USB_MSC_HOST/lpcusblib/Drivers/USB/Core/USBController.o
                0x10005584                USB_CurrentMode
 *fill*         0x10005586        0x2 
 COMMON         0x10005588        0x6 ./src/FILE_SYSTEM/fatfs/DISK_DRIVER/USB_MSC_HOST/lpcusblib/Drivers/USB/Core/USBTask.o
                0x10005588                USB_IsInitialized
                0x1000558c                USB_HostState
 *fill*         0x1000558e        0x2 
 COMMON         0x10005590        0x8 ./src/FILE_SYSTEM/fatfs/DISK_DRIVER/USB_MSC_HOST/MassStorageHost.o
                0x10005590                DiskCapacity
 COMMON         0x10005598      0x368 ./src/FILE_SYSTEM/fatfs/DISK_DRIVER/SD/SD.o
                0x10005598                sdcardinfo
 COMMON         0x10005900      0x464 ./src/FILE_SYSTEM/fatfs/DISK_DRIVER/disk_io.o
                0x10005900                MySD_FatFs
                0x10005b30                DiskManagerTicker
                0x10005b34                MyUSB_FatFs
 COMMON         0x10005d64        0x8 ./src/FILE_SYSTEM/USB_MSC_ROM/msc_main.o
                0x10005d64                g_hUsb
                0x10005d68                g_pUsbApi
 COMMON         0x10005d6c        0x4 ./src/FILE_SYSTEM/USB_MSC_ROM/msc_sd.o
                0x10005d6c                MSC_CacheFlushTicker
 COMMON         0x10005d70      0x400 ./src/LPC43xx_ProgrammingDriver.o
                0x10005d70                LPC43xx_FLASH_Cache
 COMMON         0x10006170        0xc ./src/MonkeyBoot.o
                0x10006170                My_iHEX_Info
 COMMON         0x1000617c       0x40 ./src/System.o
                0x1000617c                GP_Timer
 COMMON         0x100061bc        0x4 Z:\Dropbox\eLib\MonkeyBoot\SRC\lpc_chip_43xx\Debug\liblpc_chip_43xx.a(chip_18xx_43xx.o)
                0x100061bc                SystemCoreClock
 COMMON         0x100061c0        0x4 c:/nxp/lpcxpresso_7.7.2_379/lpcxpresso/tools/bin/../lib/gcc/arm-none-eabi/4.9.3/../../../../arm-none-eabi/lib/armv7e-m/softfp\libcr_c.a(initio.o)
                0x100061c0                _extra
 COMMON         0x100061c4      0x140 c:/nxp/lpcxpresso_7.7.2_379/lpcxpresso/tools/bin/../lib/gcc/arm-none-eabi/4.9.3/../../../../arm-none-eabi/lib/armv7e-m/softfp\libcr_c.a(stdio.o)
                0x100061c4                __Ciob
 COMMON         0x10006304        0x8 c:/nxp/lpcxpresso_7.7.2_379/lpcxpresso/tools/bin/../lib/gcc/arm-none-eabi/4.9.3/../../../../arm-none-eabi/lib/armv7e-m/softfp\libcr_c.a(__init_alloc.o)
                0x10006304                __heaps
                0x10006308                __end_of_heap
                0x1000630c                . = ALIGN (0x4)
                0x1000630c                _ebss = .
                0x1000630c                PROVIDE (end, .)

.noinit_RAM2    0x10084000        0x0
 *(.noinit.$RAM2*)
 *(.noinit.$RamLoc40*)
                0x10084000                . = ALIGN (0x4)

.noinit_RAM3    0x20000000        0x0
 *(.noinit.$RAM3*)
 *(.noinit.$RamAHB32*)