Archive member included because of file (symbol)

C:\Users\emh203\Dropbox\eLib\MonkeyBoot\SRC\lpc_board_keil_mcb_4357\Debug\liblpc_board_keil_mcb_4357.a(board.o)
                              ./src/MonkeyBootTestApp.o (Board_LED_Set)
C:\Users\emh203\Dropbox\eLib\MonkeyBoot\SRC\lpc_board_keil_mcb_4357\Debug\liblpc_board_keil_mcb_4357.a(board_sysinit.o)
                              ./src/sysinit.o (Board_SystemInit)
C:\Users\emh203\Dropbox\eLib\MonkeyBoot\SRC\lpc_board_keil_mcb_4357\Debug\liblpc_board_keil_mcb_4357.a(uda1380.o)
                              C:\Users\emh203\Dropbox\eLib\MonkeyBoot\SRC\lpc_board_keil_mcb_4357\Debug\liblpc_board_keil_mcb_4357.a(board.o) (UDA1380_Init)
C:\Users\emh203\Dropbox\eLib\MonkeyBoot\SRC\lpc_chip_43xx\Debug\liblpc_chip_43xx.a(chip_18xx_43xx.o)
                              ./src/MonkeyBootTestApp.o (SystemCoreClockUpdate)
C:\Users\emh203\Dropbox\eLib\MonkeyBoot\SRC\lpc_chip_43xx\Debug\liblpc_chip_43xx.a(clock_18xx_43xx.o)
                              C:\Users\emh203\Dropbox\eLib\MonkeyBoot\SRC\lpc_chip_43xx\Debug\liblpc_chip_43xx.a(chip_18xx_43xx.o) (Chip_Clock_GetClockInputHz)
C:\Users\emh203\Dropbox\eLib\MonkeyBoot\SRC\lpc_chip_43xx\Debug\liblpc_chip_43xx.a(emc_18xx_43xx.o)
                              C:\Users\emh203\Dropbox\eLib\MonkeyBoot\SRC\lpc_board_keil_mcb_4357\Debug\liblpc_board_keil_mcb_4357.a(board_sysinit.o) (Chip_EMC_Dynamic_Init)
C:\Users\emh203\Dropbox\eLib\MonkeyBoot\SRC\lpc_chip_43xx\Debug\liblpc_chip_43xx.a(fpu_init.o)
                              ./src/sysinit.o (fpuInit)
C:\Users\emh203\Dropbox\eLib\MonkeyBoot\SRC\lpc_chip_43xx\Debug\liblpc_chip_43xx.a(gpio_18xx_43xx.o)
                              C:\Users\emh203\Dropbox\eLib\MonkeyBoot\SRC\lpc_board_keil_mcb_4357\Debug\liblpc_board_keil_mcb_4357.a(board.o) (Chip_GPIO_Init)
C:\Users\emh203\Dropbox\eLib\MonkeyBoot\SRC\lpc_chip_43xx\Debug\liblpc_chip_43xx.a(i2c_18xx_43xx.o)
                              C:\Users\emh203\Dropbox\eLib\MonkeyBoot\SRC\lpc_board_keil_mcb_4357\Debug\liblpc_board_keil_mcb_4357.a(board.o) (Chip_I2C_EventHandlerPolling)
C:\Users\emh203\Dropbox\eLib\MonkeyBoot\SRC\lpc_chip_43xx\Debug\liblpc_chip_43xx.a(i2s_18xx_43xx.o)
                              C:\Users\emh203\Dropbox\eLib\MonkeyBoot\SRC\lpc_board_keil_mcb_4357\Debug\liblpc_board_keil_mcb_4357.a(board.o) (Chip_I2S_Init)
C:\Users\emh203\Dropbox\eLib\MonkeyBoot\SRC\lpc_chip_43xx\Debug\liblpc_chip_43xx.a(rgu_18xx_43xx.o)
                              C:\Users\emh203\Dropbox\eLib\MonkeyBoot\SRC\lpc_board_keil_mcb_4357\Debug\liblpc_board_keil_mcb_4357.a(board.o) (Chip_RGU_TriggerReset)
C:\Users\emh203\Dropbox\eLib\MonkeyBoot\SRC\lpc_chip_43xx\Debug\liblpc_chip_43xx.a(ssp_18xx_43xx.o)
                              C:\Users\emh203\Dropbox\eLib\MonkeyBoot\SRC\lpc_board_keil_mcb_4357\Debug\liblpc_board_keil_mcb_4357.a(board.o) (Chip_SSP_WriteFrames_Blocking)
C:\Users\emh203\Dropbox\eLib\MonkeyBoot\SRC\lpc_chip_43xx\Debug\liblpc_chip_43xx.a(sysinit_18xx_43xx.o)
                              C:\Users\emh203\Dropbox\eLib\MonkeyBoot\SRC\lpc_board_keil_mcb_4357\Debug\liblpc_board_keil_mcb_4357.a(board_sysinit.o) (Chip_SetupCoreClock)
C:\Users\emh203\Dropbox\eLib\MonkeyBoot\SRC\lpc_chip_43xx\Debug\liblpc_chip_43xx.a(uart_18xx_43xx.o)
                              C:\Users\emh203\Dropbox\eLib\MonkeyBoot\SRC\lpc_board_keil_mcb_4357\Debug\liblpc_board_keil_mcb_4357.a(board.o) (Chip_UART_Init)
C:\Users\emh203\Dropbox\eLib\MonkeyBoot\SRC\lpc_chip_43xx\Debug\liblpc_chip_43xx.a(ring_buffer.o)
                              C:\Users\emh203\Dropbox\eLib\MonkeyBoot\SRC\lpc_chip_43xx\Debug\liblpc_chip_43xx.a(uart_18xx_43xx.o) (RingBuffer_Insert)
c:/nxp/lpcxpresso_7.5.0_254/lpcxpresso/tools/bin/../lib/gcc/arm-none-eabi/4.8.4/../../../../arm-none-eabi/lib/armv7e-m/softfp\libcr_c.a(memcpy.o)
                              C:\Users\emh203\Dropbox\eLib\MonkeyBoot\SRC\lpc_board_keil_mcb_4357\Debug\liblpc_board_keil_mcb_4357.a(board.o) (memcpy)
c:/nxp/lpcxpresso_7.5.0_254/lpcxpresso/tools/bin/../lib/gcc/arm-none-eabi/4.8.4/../../../../arm-none-eabi/lib/armv7e-m/softfp\libcr_c.a(__weak__main.o)
                              ./src/cr_startup_lpc43xx.o (__main)
c:/nxp/lpcxpresso_7.5.0_254/lpcxpresso/tools/bin/../lib/gcc/arm-none-eabi/4.8.4/armv7e-m/softfp\libcr_eabihelpers.a(division_64.o)
                              C:\Users\emh203\Dropbox\eLib\MonkeyBoot\SRC\lpc_chip_43xx\Debug\liblpc_chip_43xx.a(i2s_18xx_43xx.o) (__aeabi_uldivmod)
c:/nxp/lpcxpresso_7.5.0_254/lpcxpresso/tools/bin/../lib/gcc/arm-none-eabi/4.8.4/armv7e-m/softfp\libcr_eabihelpers.a(division_idiv0.o)
                              c:/nxp/lpcxpresso_7.5.0_254/lpcxpresso/tools/bin/../lib/gcc/arm-none-eabi/4.8.4/armv7e-m/softfp\libcr_eabihelpers.a(division_64.o) (__aeabi_idiv0)
c:/nxp/lpcxpresso_7.5.0_254/lpcxpresso/tools/bin/../lib/gcc/arm-none-eabi/4.8.4/armv7e-m/softfp\libcr_eabihelpers.a(memcpy.o)
[...]
Memory Configuration

Name             Origin             Length             Attributes
MFlashA512       0x1a020000         0x00060000         xr
MFlashB512       0x1b000000         0x00080000         xr
RamLoc32         0x10000000         0x00008000         xrw
RamLoc40         0x10080000         0x0000a000         xrw
RamAHB32         0x20000000         0x00008000         xrw
RamAHB16         0x20008000         0x00004000         xrw
RamAHB_ETB16     0x2000c000         0x00004000         xrw
*default*        0x00000000         0xffffffff

Linker script and memory map

LOAD ./src/MonkeyBootTestApp.o
LOAD ./src/cr_startup_lpc43xx.o
LOAD ./src/crp.o
LOAD ./src/sysinit.o
LOAD C:\Users\emh203\Dropbox\eLib\MonkeyBoot\SRC\lpc_board_keil_mcb_4357\Debug\liblpc_board_keil_mcb_4357.a
LOAD C:\Users\emh203\Dropbox\eLib\MonkeyBoot\SRC\lpc_chip_43xx\Debug\liblpc_chip_43xx.a
START GROUP
LOAD c:/nxp/lpcxpresso_7.5.0_254/lpcxpresso/tools/bin/../lib/gcc/arm-none-eabi/4.8.4/../../../../arm-none-eabi/lib/armv7e-m/softfp\libcr_c.a
LOAD c:/nxp/lpcxpresso_7.5.0_254/lpcxpresso/tools/bin/../lib/gcc/arm-none-eabi/4.8.4/armv7e-m/softfp\libcr_eabihelpers.a
END GROUP
                0x1a080000                __top_MFlashA512 = 0x1a080000
                0x1b080000                __top_MFlashB512 = 0x1b080000
                0x10008000                __top_RamLoc32 = 0x10008000
                0x1008a000                __top_RamLoc40 = 0x1008a000
                0x20008000                __top_RamAHB32 = 0x20008000
                0x2000c000                __top_RamAHB16 = 0x2000c000
                0x20010000                __top_RamAHB_ETB16 = 0x20010000

.text_Flash2    0x1b000000        0x0
 FILL mask 0xff
 *(.text_Flash2*)
 *(.text_MFlashB512*)
 *(.text.$Flash2*)
 *(.text.$MFlashB512*)
 *(.rodata.$Flash2*)
 *(.rodata.$MFlashB512*)

.text           0x1a020000     0x1c58
 FILL mask 0xff
                0x1a020000                __vectors_start__ = ABSOLUTE (.)
 *(.isr_vector)
 .isr_vector    0x1a020000      0x114 ./src/cr_startup_lpc43xx.o
                0x1a020000                g_pfnVectors
                0x1a020114                . = ALIGN (0x4)
                0x1a020114                __section_table_start = .
                0x1a020114                __data_section_table = .
                0x1a020114        0x4 LONG 0x1a021c58 LOADADDR (.data)
                0x1a020118        0x4 LONG 0x10000000 ADDR (.data)
                0x1a02011c        0x4 LONG 0x0 SIZEOF (.data)
                0x1a020120        0x4 LONG 0x1a021c58 LOADADDR (.data_RAM2)
                0x1a020124        0x4 LONG 0x10080000 ADDR (.data_RAM2)
                0x1a020128        0x4 LONG 0x0 SIZEOF (.data_RAM2)
                0x1a02012c        0x4 LONG 0x1a021c58 LOADADDR (.data_RAM3)
                0x1a020130        0x4 LONG 0x20000000 ADDR (.data_RAM3)
                0x1a020134        0x4 LONG 0x0 SIZEOF (.data_RAM3)
                0x1a020138        0x4 LONG 0x1a021c58 LOADADDR (.data_RAM4)
                0x1a02013c        0x4 LONG 0x20008000 ADDR (.data_RAM4)
                0x1a020140        0x4 LONG 0x0 SIZEOF (.data_RAM4)
                0x1a020144        0x4 LONG 0x1a021c58 LOADADDR (.data_RAM5)
                0x1a020148        0x4 LONG 0x2000c000 ADDR (.data_RAM5)
                0x1a02014c        0x4 LONG 0x0 SIZEOF (.data_RAM5)
                0x1a020150                __data_section_table_end = .
                0x1a020150                __bss_section_table = .
                0x1a020150        0x4 LONG 0x10000000 ADDR (.bss)
                0x1a020154        0x4 LONG 0x10 SIZEOF (.bss)
                0x1a020158        0x4 LONG 0x10080000 ADDR (.bss_RAM2)
                0x1a02015c        0x4 LONG 0x0 SIZEOF (.bss_RAM2)
                0x1a020160        0x4 LONG 0x20000000 ADDR (.bss_RAM3)
                0x1a020164        0x4 LONG 0x0 SIZEOF (.bss_RAM3)
                0x1a020168        0x4 LONG 0x20008000 ADDR (.bss_RAM4)
                0x1a02016c        0x4 LONG 0x0 SIZEOF (.bss_RAM4)
                0x1a020170        0x4 LONG 0x2000c000 ADDR (.bss_RAM5)
                0x1a020174        0x4 LONG 0x0 SIZEOF (.bss_RAM5)
                0x1a020178                __bss_section_table_end = .
                0x1a020178                __section_table_end = .
 *(.after_vectors*)
 .after_vectors
                0x1a020178       0xcc ./src/cr_startup_lpc43xx.o
                0x1a020178                data_init
                0x1a0201bc                bss_init
                0x1a0201f4                NMI_Handler
                0x1a0201fc                HardFault_Handler
                0x1a020204                MemManage_Handler
                0x1a02020c                BusFault_Handler
                0x1a020214                UsageFault_Handler
                0x1a02021c                SVC_Handler
                0x1a020224                DebugMon_Handler
                0x1a02022c                PendSV_Handler
                0x1a020234                SysTick_Handler
                0x1a02023c                I2C1_IRQHandler
                0x1a02023c                UART1_IRQHandler
                0x1a02023c                GPIO5_IRQHandler
                0x1a02023c                SDIO_IRQHandler
                0x1a02023c                USB1_IRQHandler
                0x1a02023c                I2S0_IRQHandler
                0x1a02023c                TIMER3_IRQHandler
                0x1a02023c                UART0_IRQHandler
                0x1a02023c                CAN1_IRQHandler
                0x1a02023c                SGPIO_IRQHandler
                0x1a02023c                ADC0_IRQHandler
                0x1a02023c                I2C0_IRQHandler
                0x1a02023c                ADCHS_IRQHandler
                0x1a02023c                IntDefaultHandler
                0x1a02023c                GPIO1_IRQHandler
                0x1a02023c                SSP0_IRQHandler
                0x1a02023c                ADC1_IRQHandler
                0x1a02023c                FLASHEEPROM_IRQHandler
                0x1a02023c                RTC_IRQHandler
                0x1a02023c                TIMER0_IRQHandler
                0x1a02023c                SPI_IRQHandler
                0x1a02023c                LCD_IRQHandler
                0x1a02023c                RIT_IRQHandler
                0x1a02023c                TIMER1_IRQHandler
                0x1a02023c                UART2_IRQHandler
                0x1a02023c                GPIO2_IRQHandler
                0x1a02023c                I2S1_IRQHandler
                0x1a02023c                SSP1_IRQHandler
                0x1a02023c                USB0_IRQHandler
                0x1a02023c                GPIO3_IRQHandler
                0x1a02023c                SCT_IRQHandler
                0x1a02023c                ATIMER_IRQHandler
                0x1a02023c                MX_CORE_IRQHandler
                0x1a02023c                WDT_IRQHandler
                0x1a02023c                GPIO6_IRQHandler
                0x1a02023c                GPIO7_IRQHandler
                0x1a02023c                SPIFI_IRQHandler
                0x1a02023c                QEI_IRQHandler
                0x1a02023c                ETH_IRQHandler
                0x1a02023c                CAN0_IRQHandler
                0x1a02023c                GINT0_IRQHandler
                0x1a02023c                DAC_IRQHandler
                0x1a02023c                M0SUB_IRQHandler
                0x1a02023c                GPIO0_IRQHandler
                0x1a02023c                DMA_IRQHandler
                0x1a02023c                EVRT_IRQHandler
                0x1a02023c                TIMER2_IRQHandler
                0x1a02023c                UART3_IRQHandler
                0x1a02023c                MCPWM_IRQHandler
                0x1a02023c                GINT1_IRQHandler
                0x1a02023c                GPIO4_IRQHandler
                0x000002fc                . = 0x2fc
 *fill*         0x1a020244       0xb8 ff
                0x1a0202fc                PROVIDE (__CRP_WORD_START__, .)
 *(.crp)
 .crp           0x1a0202fc        0x4 ./src/crp.o
                0x1a0202fc                CRP_WORD
                0x1a020300                PROVIDE (__CRP_WORD_END__, .)
                0x00000001                ASSERT (! ((__CRP_WORD_START__ == __CRP_WORD_END__)), Linker CRP Enabled, but no CRP_WORD provided within application)
 *(.text*)
 .text.main     0x1a020300       0x68 ./src/MonkeyBootTestApp.o
                0x1a020300                main
 .text.ResetISR
                0x1a020368       0xc4 ./src/cr_startup_lpc43xx.o
                0x1a020368                ResetISR
 .text.SystemInit
                0x1a02042c       0x28 ./src/sysinit.o
                0x1a02042c                SystemInit
 .text.Chip_SCU_PinMuxSet
                0x1a020454       0x30 C:\Users\emh203\Dropbox\eLib\MonkeyBoot\SRC\lpc_board_keil_mcb_4357\Debug\liblpc_board_keil_mcb_4357.a(board.o)
 .text.Chip_ENET_RMIIEnable
                0x1a020484       0x28 C:\Users\emh203\Dropbox\eLib\MonkeyBoot\SRC\lpc_board_keil_mcb_4357\Debug\liblpc_board_keil_mcb_4357.a(board.o)
 .text.Chip_GPIO_SetPinState
                0x1a0204ac       0x28 C:\Users\emh203\Dropbox\eLib\MonkeyBoot\SRC\lpc_board_keil_mcb_4357\Debug\liblpc_board_keil_mcb_4357.a(board.o)
 .text.Chip_GPIO_SetPinDIROutput
                0x1a0204d4       0x3c C:\Users\emh203\Dropbox\eLib\MonkeyBoot\SRC\lpc_board_keil_mcb_4357\Debug\liblpc_board_keil_mcb_4357.a(board.o)
 .text.Chip_UART_TXEnable
                0x1a020510       0x18 C:\Users\emh203\Dropbox\eLib\MonkeyBoot\SRC\lpc_board_keil_mcb_4357\Debug\liblpc_board_keil_mcb_4357.a(board.o)
 .text.Chip_UART_ConfigData
                0x1a020528       0x1c C:\Users\emh203\Dropbox\eLib\MonkeyBoot\SRC\lpc_board_keil_mcb_4357\Debug\liblpc_board_keil_mcb_4357.a(board.o)
 .text.Board_UART_Init
                0x1a020544       0x50 C:\Users\emh203\Dropbox\eLib\MonkeyBoot\SRC\lpc_board_keil_mcb_4357\Debug\liblpc_board_keil_mcb_4357.a(board.o)
                0x1a020544                Board_UART_Init
 .text.Board_Debug_Init
                0x1a020594       0x30 C:\Users\emh203\Dropbox\eLib\MonkeyBoot\SRC\lpc_board_keil_mcb_4357\Debug\liblpc_board_keil_mcb_4357.a(board.o)
                0x1a020594                Board_Debug_Init
 .text.Board_LED_Init
                0x1a0205c4       0x44 C:\Users\emh203\Dropbox\eLib\MonkeyBoot\SRC\lpc_board_keil_mcb_4357\Debug\liblpc_board_keil_mcb_4357.a(board.o)
 .text.Board_LED_Set
                0x1a020608       0x3c C:\Users\emh203\Dropbox\eLib\MonkeyBoot\SRC\lpc_board_keil_mcb_4357\Debug\liblpc_board_keil_mcb_4357.a(board.o)
                0x1a020608                Board_LED_Set
 .text.Board_Init
                0x1a020644       0x40 C:\Users\emh203\Dropbox\eLib\MonkeyBoot\SRC\lpc_board_keil_mcb_4357\Debug\liblpc_board_keil_mcb_4357.a(board.o)
                0x1a020644                Board_Init
 .text.Chip_SCU_PinMuxSet
                0x1a020684       0x30 C:\Users\emh203\Dropbox\eLib\MonkeyBoot\SRC\lpc_board_keil_mcb_4357\Debug\liblpc_board_keil_mcb_4357.a(board_sysinit.o)
 .text.Chip_SCU_ClockPinMuxSet
                0x1a0206b4       0x2c C:\Users\emh203\Dropbox\eLib\MonkeyBoot\SRC\lpc_board_keil_mcb_4357\Debug\liblpc_board_keil_mcb_4357.a(board_sysinit.o)
 .text.Chip_SCU_SetPinMuxing
                0x1a0206e0       0x4c C:\Users\emh203\Dropbox\eLib\MonkeyBoot\SRC\lpc_board_keil_mcb_4357\Debug\liblpc_board_keil_mcb_4357.a(board_sysinit.o)
 .text.Chip_CREG_SetFlashAcceleration
                0x1a02072c       0x54 C:\Users\emh203\Dropbox\eLib\MonkeyBoot\SRC\lpc_board_keil_mcb_4357\Debug\liblpc_board_keil_mcb_4357.a(board_sysinit.o)
 .text.Board_SetupMuxing
                0x1a020780       0x58 C:\Users\emh203\Dropbox\eLib\MonkeyBoot\SRC\lpc_board_keil_mcb_4357\Debug\liblpc_board_keil_mcb_4357.a(board_sysinit.o)
                0x1a020780                Board_SetupMuxing
 .text.Board_SetupExtMemory
                0x1a0207d8       0x6c C:\Users\emh203\Dropbox\eLib\MonkeyBoot\SRC\lpc_board_keil_mcb_4357\Debug\liblpc_board_keil_mcb_4357.a(board_sysinit.o)
                0x1a0207d8                Board_SetupExtMemory
 .text.Board_SetupClocking
                0x1a020844       0x9c C:\Users\emh203\Dropbox\eLib\MonkeyBoot\SRC\lpc_board_keil_mcb_4357\Debug\liblpc_board_keil_mcb_4357.a(board_sysinit.o)
                0x1a020844                Board_SetupClocking
 .text.Board_SystemInit
                0x1a0208e0       0x14 C:\Users\emh203\Dropbox\eLib\MonkeyBoot\SRC\lpc_board_keil_mcb_4357\Debug\liblpc_board_keil_mcb_4357.a(board_sysinit.o)
                0x1a0208e0                Board_SystemInit
 .text.SystemCoreClockUpdate
                0x1a0208f4       0x18 C:\Users\emh203\Dropbox\eLib\MonkeyBoot\SRC\lpc_chip_43xx\Debug\liblpc_chip_43xx.a(chip_18xx_43xx.o)
                0x1a0208f4                SystemCoreClockUpdate
 .text.Chip_Clock_GetDivRate
                0x1a02090c       0x40 C:\Users\emh203\Dropbox\eLib\MonkeyBoot\SRC\lpc_chip_43xx\Debug\liblpc_chip_43xx.a(clock_18xx_43xx.o)
 .text.Chip_Clock_FindBaseClock
                0x1a02094c       0x88 C:\Users\emh203\Dropbox\eLib\MonkeyBoot\SRC\lpc_chip_43xx\Debug\liblpc_chip_43xx.a(clock_18xx_43xx.o)
 .text.Chip_Clock_EnableCrystal
                0x1a0209d4       0x70 C:\Users\emh203\Dropbox\eLib\MonkeyBoot\SRC\lpc_chip_43xx\Debug\liblpc_chip_43xx.a(clock_18xx_43xx.o)
                0x1a0209d4                Chip_Clock_EnableCrystal
 .text.Chip_Clock_SetupMainPLL_mch
                0x1a020a44       0xfc C:\Users\emh203\Dropbox\eLib\MonkeyBoot\SRC\lpc_chip_43xx\Debug\liblpc_chip_43xx.a(clock_18xx_43xx.o)
                0x1a020a44                Chip_Clock_SetupMainPLL_mch
 .text.Chip_Clock_GetMainPLLHz
                0x1a020b40       0xc0 C:\Users\emh203\Dropbox\eLib\MonkeyBoot\SRC\lpc_chip_43xx\Debug\liblpc_chip_43xx.a(clock_18xx_43xx.o)
                0x1a020b40                Chip_Clock_GetMainPLLHz
 .text.Chip_Clock_MainPLLLocked
                0x1a020c00       0x24 C:\Users\emh203\Dropbox\eLib\MonkeyBoot\SRC\lpc_chip_43xx\Debug\liblpc_chip_43xx.a(clock_18xx_43xx.o)
                0x1a020c00                Chip_Clock_MainPLLLocked
 .text.Chip_Clock_SetDivider
                0x1a020c24       0x84 C:\Users\emh203\Dropbox\eLib\MonkeyBoot\SRC\lpc_chip_43xx\Debug\liblpc_chip_43xx.a(clock_18xx_43xx.o)
                0x1a020c24                Chip_Clock_SetDivider
 .text.Chip_Clock_GetDividerSource
                0x1a020ca8       0x40 C:\Users\emh203\Dropbox\eLib\MonkeyBoot\SRC\lpc_chip_43xx\Debug\liblpc_chip_43xx.a(clock_18xx_43xx.o)
                0x1a020ca8                Chip_Clock_GetDividerSource
 .text.Chip_Clock_GetDividerDivisor
                0x1a020ce8       0x38 C:\Users\emh203\Dropbox\eLib\MonkeyBoot\SRC\lpc_chip_43xx\Debug\liblpc_chip_43xx.a(clock_18xx_43xx.o)
                0x1a020ce8                Chip_Clock_GetDividerDivisor
 .text.Chip_Clock_GetClockInputHz
                0x1a020d20      0x140 C:\Users\emh203\Dropbox\eLib\MonkeyBoot\SRC\lpc_chip_43xx\Debug\liblpc_chip_43xx.a(clock_18xx_43xx.o)
                0x1a020d20                Chip_Clock_GetClockInputHz
 .text.Chip_Clock_GetBaseClocktHz
                0x1a020e60       0x24 C:\Users\emh203\Dropbox\eLib\MonkeyBoot\SRC\lpc_chip_43xx\Debug\liblpc_chip_43xx.a(clock_18xx_43xx.o)
                0x1a020e60                Chip_Clock_GetBaseClocktHz
 .text.Chip_Clock_SetBaseClock
                0x1a020e84       0x8c C:\Users\emh203\Dropbox\eLib\MonkeyBoot\SRC\lpc_chip_43xx\Debug\liblpc_chip_43xx.a(clock_18xx_43xx.o)
                0x1a020e84                Chip_Clock_SetBaseClock
 .text.Chip_Clock_GetBaseClock
                0x1a020f10       0x4c C:\Users\emh203\Dropbox\eLib\MonkeyBoot\SRC\lpc_chip_43xx\Debug\liblpc_chip_43xx.a(clock_18xx_43xx.o)
                0x1a020f10                Chip_Clock_GetBaseClock
 .text.Chip_Clock_EnableOpts
                0x1a020f5c       0x7c C:\Users\emh203\Dropbox\eLib\MonkeyBoot\SRC\lpc_chip_43xx\Debug\liblpc_chip_43xx.a(clock_18xx_43xx.o)
                0x1a020f5c                Chip_Clock_EnableOpts
 .text.Chip_Clock_Enable
                0x1a020fd8       0x60 C:\Users\emh203\Dropbox\eLib\MonkeyBoot\SRC\lpc_chip_43xx\Debug\liblpc_chip_43xx.a(clock_18xx_43xx.o)
                0x1a020fd8                Chip_Clock_Enable
 .text.Chip_Clock_GetRate
                0x1a021038       0x88 C:\Users\emh203\Dropbox\eLib\MonkeyBoot\SRC\lpc_chip_43xx\Debug\liblpc_chip_43xx.a(clock_18xx_43xx.o)
                0x1a021038                Chip_Clock_GetRate
 .text.Chip_Clock_GetEMCRate
                0x1a0210c0       0x48 C:\Users\emh203\Dropbox\eLib\MonkeyBoot\SRC\lpc_chip_43xx\Debug\liblpc_chip_43xx.a(clock_18xx_43xx.o)
                0x1a0210c0                Chip_Clock_GetEMCRate
 .text.convertTimmingParam
                0x1a021108       0x6c C:\Users\emh203\Dropbox\eLib\MonkeyBoot\SRC\lpc_chip_43xx\Debug\liblpc_chip_43xx.a(emc_18xx_43xx.o)
 .text.getColsLen
                0x1a021174       0x50 C:\Users\emh203\Dropbox\eLib\MonkeyBoot\SRC\lpc_chip_43xx\Debug\liblpc_chip_43xx.a(emc_18xx_43xx.o)
 .text.initDynMem
                0x1a0211c4      0x2c8 C:\Users\emh203\Dropbox\eLib\MonkeyBoot\SRC\lpc_chip_43xx\Debug\liblpc_chip_43xx.a(emc_18xx_43xx.o)
                0x1a0211c4                initDynMem
 .text.initStaticMem
                0x1a02148c       0xb0 C:\Users\emh203\Dropbox\eLib\MonkeyBoot\SRC\lpc_chip_43xx\Debug\liblpc_chip_43xx.a(emc_18xx_43xx.o)
                0x1a02148c                initStaticMem
 .text.Chip_EMC_Dynamic_Init
                0x1a02153c       0x24 C:\Users\emh203\Dropbox\eLib\MonkeyBoot\SRC\lpc_chip_43xx\Debug\liblpc_chip_43xx.a(emc_18xx_43xx.o)
                0x1a02153c                Chip_EMC_Dynamic_Init
 .text.Chip_EMC_Static_Init
                0x1a021560       0x24 C:\Users\emh203\Dropbox\eLib\MonkeyBoot\SRC\lpc_chip_43xx\Debug\liblpc_chip_43xx.a(emc_18xx_43xx.o)
                0x1a021560                Chip_EMC_Static_Init
 .text.Chip_EMC_Init
                0x1a021584       0x4c C:\Users\emh203\Dropbox\eLib\MonkeyBoot\SRC\lpc_chip_43xx\Debug\liblpc_chip_43xx.a(emc_18xx_43xx.o)
                0x1a021584                Chip_EMC_Init
 .text.fpuInit  0x1a0215d0       0x74 C:\Users\emh203\Dropbox\eLib\MonkeyBoot\SRC\lpc_chip_43xx\Debug\liblpc_chip_43xx.a(fpu_init.o)
                0x1a0215d0                fpuInit
 .text.Chip_GPIO_Init
                0x1a021644       0x14 C:\Users\emh203\Dropbox\eLib\MonkeyBoot\SRC\lpc_chip_43xx\Debug\liblpc_chip_43xx.a(gpio_18xx_43xx.o)
                0x1a021644                Chip_GPIO_Init
 .text.Chip_SetupCoreClock
                0x1a021658       0x80 C:\Users\emh203\Dropbox\eLib\MonkeyBoot\SRC\lpc_chip_43xx\Debug\liblpc_chip_43xx.a(sysinit_18xx_43xx.o)
                0x1a021658                Chip_SetupCoreClock
 .text.Chip_UART_TXDisable
                0x1a0216d8       0x18 C:\Users\emh203\Dropbox\eLib\MonkeyBoot\SRC\lpc_chip_43xx\Debug\liblpc_chip_43xx.a(uart_18xx_43xx.o)
 .text.Chip_UART_SetupFIFOS
                0x1a0216f0       0x1c C:\Users\emh203\Dropbox\eLib\MonkeyBoot\SRC\lpc_chip_43xx\Debug\liblpc_chip_43xx.a(uart_18xx_43xx.o)
 .text.Chip_UART_ConfigData
                0x1a02170c       0x1c C:\Users\emh203\Dropbox\eLib\MonkeyBoot\SRC\lpc_chip_43xx\Debug\liblpc_chip_43xx.a(uart_18xx_43xx.o)
 .text.Chip_UART_EnableDivisorAccess
                0x1a021728       0x20 C:\Users\emh203\Dropbox\eLib\MonkeyBoot\SRC\lpc_chip_43xx\Debug\liblpc_chip_43xx.a(uart_18xx_43xx.o)
 .text.Chip_UART_DisableDivisorAccess
                0x1a021748       0x20 C:\Users\emh203\Dropbox\eLib\MonkeyBoot\SRC\lpc_chip_43xx\Debug\liblpc_chip_43xx.a(uart_18xx_43xx.o)
 .text.Chip_UART_SetDivisorLatches
                0x1a021768       0x28 C:\Users\emh203\Dropbox\eLib\MonkeyBoot\SRC\lpc_chip_43xx\Debug\liblpc_chip_43xx.a(uart_18xx_43xx.o)
 .text.Chip_UART_GetClockIndex
                0x1a021790       0x50 C:\Users\emh203\Dropbox\eLib\MonkeyBoot\SRC\lpc_chip_43xx\Debug\liblpc_chip_43xx.a(uart_18xx_43xx.o)
 .text.Chip_UART_Init
                0x1a0217e0       0x7c C:\Users\emh203\Dropbox\eLib\MonkeyBoot\SRC\lpc_chip_43xx\Debug\liblpc_chip_43xx.a(uart_18xx_43xx.o)
                0x1a0217e0                Chip_UART_Init
 .text.Chip_UART_SetBaud
                0x1a02185c       0x64 C:\Users\emh203\Dropbox\eLib\MonkeyBoot\SRC\lpc_chip_43xx\Debug\liblpc_chip_43xx.a(uart_18xx_43xx.o)
                0x1a02185c                Chip_UART_SetBaud
 .text.__weak_main
                0x1a0218c0        0x4 c:/nxp/lpcxpresso_7.5.0_254/lpcxpresso/tools/bin/../lib/gcc/arm-none-eabi/4.8.4/../../../../arm-none-eabi/lib/armv7e-m/softfp\libcr_c.a(__weak__main.o)
                0x1a0218c0                __weak_main
                0x1a0218c0                __main
 *(.rodata .rodata.* .constdata .constdata.*)
 .rodata.ledports
                0x1a0218c4        0x8 C:\Users\emh203\Dropbox\eLib\MonkeyBoot\SRC\lpc_board_keil_mcb_4357\Debug\liblpc_board_keil_mcb_4357.a(board.o)
 .rodata.ledbits
                0x1a0218cc        0x8 C:\Users\emh203\Dropbox\eLib\MonkeyBoot\SRC\lpc_board_keil_mcb_4357\Debug\liblpc_board_keil_mcb_4357.a(board.o)
 .rodata.ExtRateIn
                0x1a0218d4        0x4 C:\Users\emh203\Dropbox\eLib\MonkeyBoot\SRC\lpc_board_keil_mcb_4357\Debug\liblpc_board_keil_mcb_4357.a(board.o)
                0x1a0218d4                ExtRateIn
 .rodata.OscRateIn
                0x1a0218d8        0x4 C:\Users\emh203\Dropbox\eLib\MonkeyBoot\SRC\lpc_board_keil_mcb_4357\Debug\liblpc_board_keil_mcb_4357.a(board.o)
                0x1a0218d8                OscRateIn
 .rodata.InitClkStates
                0x1a0218dc       0x10 C:\Users\emh203\Dropbox\eLib\MonkeyBoot\SRC\lpc_board_keil_mcb_4357\Debug\liblpc_board_keil_mcb_4357.a(board_sysinit.o)
 .rodata.spifipinmuxing
                0x1a0218ec       0x18 C:\Users\emh203\Dropbox\eLib\MonkeyBoot\SRC\lpc_board_keil_mcb_4357\Debug\liblpc_board_keil_mcb_4357.a(board_sysinit.o)
 .rodata.pinmuxing
                0x1a021904      0x1f0 C:\Users\emh203\Dropbox\eLib\MonkeyBoot\SRC\lpc_board_keil_mcb_4357\Debug\liblpc_board_keil_mcb_4357.a(board_sysinit.o)
 .rodata.pinclockmuxing
                0x1a021af4       0x10 C:\Users\emh203\Dropbox\eLib\MonkeyBoot\SRC\lpc_board_keil_mcb_4357\Debug\liblpc_board_keil_mcb_4357.a(board_sysinit.o)
 .rodata.MT48LC4M32_config
                0x1a021b04       0x74 C:\Users\emh203\Dropbox\eLib\MonkeyBoot\SRC\lpc_board_keil_mcb_4357\Debug\liblpc_board_keil_mcb_4357.a(board_sysinit.o)
 .rodata.S29GL64N90_config
                0x1a021b78       0x20 C:\Users\emh203\Dropbox\eLib\MonkeyBoot\SRC\lpc_board_keil_mcb_4357\Debug\liblpc_board_keil_mcb_4357.a(board_sysinit.o)
 .rodata.periph_to_base
                0x1a021b98       0x6c C:\Users\emh203\Dropbox\eLib\MonkeyBoot\SRC\lpc_chip_43xx\Debug\liblpc_chip_43xx.a(clock_18xx_43xx.o)
 .rodata        0x1a021c04        0xc C:\Users\emh203\Dropbox\eLib\MonkeyBoot\SRC\lpc_chip_43xx\Debug\liblpc_chip_43xx.a(clock_18xx_43xx.o)
 .rodata.InitClkStates
                0x1a021c10       0x48 C:\Users\emh203\Dropbox\eLib\MonkeyBoot\SRC\lpc_chip_43xx\Debug\liblpc_chip_43xx.a(sysinit_18xx_43xx.o)
                0x1a021c58                . = ALIGN (0x4)

.glue_7         0x1a021c58        0x0
 .glue_7        0x00000000        0x0 linker stubs

.glue_7t        0x1a021c58        0x0
 .glue_7t       0x00000000        0x0 linker stubs

.vfp11_veneer   0x1a021c58        0x0
 .vfp11_veneer  0x00000000        0x0 linker stubs

.v4_bx          0x1a021c58        0x0
 .v4_bx         0x00000000        0x0 linker stubs

.iplt           0x1a021c58        0x0
 .iplt          0x00000000        0x0 ./src/MonkeyBootTestApp.o

.rel.dyn        0x1a021c58        0x0
 .rel.iplt      0x00000000        0x0 ./src/MonkeyBootTestApp.o

.ARM.extab
 *(.ARM.extab* .gnu.linkonce.armextab.*)
                0x1a021c58                __exidx_start = .

.ARM.exidx
 *(.ARM.exidx* .gnu.linkonce.armexidx.*)
                0x1a021c58                __exidx_end = .
                0x1a021c58                _etext = .

.data_RAM2      0x10080000        0x0 load address 0x1a021c58
 FILL mask 0xff
 *(.ramfunc.$RAM2)
 *(.ramfunc.$RamLoc40)
 *(.data.$RAM2*)
 *(.data.$RamLoc40*)
                0x10080000                . = ALIGN (0x4)

.data_RAM3      0x20000000        0x0 load address 0x1a021c58
 FILL mask 0xff
 *(.ramfunc.$RAM3)
 *(.ramfunc.$RamAHB32)
 *(.data.$RAM3*)
 *(.data.$RamAHB32*)
                0x20000000                . = ALIGN (0x4)

.data_RAM4      0x20008000        0x0 load address 0x1a021c58
 FILL mask 0xff
 *(.ramfunc.$RAM4)
 *(.ramfunc.$RamAHB16)
 *(.data.$RAM4*)
 *(.data.$RamAHB16*)
                0x20008000                . = ALIGN (0x4)

.data_RAM5      0x2000c000        0x0 load address 0x1a021c58
 FILL mask 0xff
 *(.ramfunc.$RAM5)
 *(.ramfunc.$RamAHB_ETB16)
 *(.data.$RAM5*)
 *(.data.$RamAHB_ETB16*)
                0x2000c000                . = ALIGN (0x4)

.uninit_RESERVED
                0x10000000        0x0
 *(.bss.$RESERVED*)
                0x10000000                . = ALIGN (0x4)
                0x10000000                _end_uninit_RESERVED = .

.data           0x10000000        0x0 load address 0x1a021c58
 FILL mask 0xff
                0x10000000                _data = .
 *(vtable)
 *(.ramfunc*)
 *(.data*)
                0x10000000                . = ALIGN (0x4)
                0x10000000                _edata = .

.igot.plt       0x10000000        0x0 load address 0x1a021c58
 .igot.plt      0x00000000        0x0 ./src/MonkeyBootTestApp.o

.bss_RAM2       0x10080000        0x0
 *(.bss.$RAM2*)
 *(.bss.$RamLoc40*)
                0x10080000                . = ALIGN (0x4)

.bss_RAM3       0x20000000        0x0
 *(.bss.$RAM3*)
 *(.bss.$RamAHB32*)
                0x20000000                . = ALIGN (0x4)

.bss_RAM4       0x20008000        0x0
 *(.bss.$RAM4*)
 *(.bss.$RamAHB16*)
                0x20008000                . = ALIGN (0x4)

.bss_RAM5       0x2000c000        0x0
 *(.bss.$RAM5*)
 *(.bss.$RamAHB_ETB16*)
                0x2000c000                . = ALIGN (0x4)

.bss            0x10000000       0x10
                0x10000000                _bss = .
 *(.bss*)
 .bss.i.8971    0x10000000        0x4 ./src/MonkeyBootTestApp.o
 .bss.audio_usb_pll_freq
                0x10000004        0x8 C:\Users\emh203\Dropbox\eLib\MonkeyBoot\SRC\lpc_chip_43xx\Debug\liblpc_chip_43xx.a(clock_18xx_43xx.o)
 *(COMMON)
 COMMON         0x1000000c        0x4 C:\Users\emh203\Dropbox\eLib\MonkeyBoot\SRC\lpc_chip_43xx\Debug\liblpc_chip_43xx.a(chip_18xx_43xx.o)
                0x1000000c                SystemCoreClock
                0x10000010                . = ALIGN (0x4)
                0x10000010                _ebss = .
                0x10000010                PROVIDE (end, .)

.noinit_RAM2    0x10080000        0x0
 *(.noinit.$RAM2*)
 *(.noinit.$RamLoc40*)
                0x10080000                . = ALIGN (0x4)

.noinit_RAM3    0x20000000        0x0
 *(.noinit.$RAM3*)
 *(.noinit.$RamAHB32*)
                0x20000000                . = ALIGN (0x4)

.noinit_RAM4    0x20008000        0x0
 *(.noinit.$RAM4*)
 *(.noinit.$RamAHB16*)
                0x20008000                . = ALIGN (0x4)

.noinit_RAM5    0x2000c000        0x0
 *(.noinit.$RAM5*)
 *(.noinit.$RamAHB_ETB16*)
                0x2000c000                . = ALIGN (0x4)

.noinit         0x10000010        0x0
                0x10000010                _noinit = .
 *(.noinit*)
                0x10000010                . = ALIGN (0x4)
                0x10000010                _end_noinit = .
                0x10000010                PROVIDE (_pvHeapStart, DEFINED (__user_heap_base)?__user_heap_base:.)
                0x10008000                PROVIDE (_vStackTop, DEFINED (__user_stack_top)?__user_stack_top:(__top_RamLoc32 - 0x0))
OUTPUT(MonkeyBootTestApp.axf elf32-littlearm)

.debug_info     0x00000000     0x77f9
 .debug_info    0x00000000       0xd6 ./src/MonkeyBootTestApp.o
 .debug_info    0x000000d6      0x292 ./src/cr_startup_lpc43xx.o
 .debug_info    0x00000368       0x3f ./src/crp.o
 .debug_info    0x000003a7       0xea ./src/sysinit.o
 .debug_info    0x00000491     0x1d7d C:\Users\emh203\Dropbox\eLib\MonkeyBoot\SRC\lpc_board_keil_mcb_4357\Debug\liblpc_board_keil_mcb_4357.a(board.o)
 .debug_info    0x0000220e     0x119e C:\Users\emh203\Dropbox\eLib\MonkeyBoot\SRC\lpc_board_keil_mcb_4357\Debug\liblpc_board_keil_mcb_4357.a(board_sysinit.o)
 .debug_info    0x000033ac      0xa2d C:\Users\emh203\Dropbox\eLib\MonkeyBoot\SRC\lpc_chip_43xx\Debug\liblpc_chip_43xx.a(chip_18xx_43xx.o)
 .debug_info    0x00003dd9     0x1450 C:\Users\emh203\Dropbox\eLib\MonkeyBoot\SRC\lpc_chip_43xx\Debug\liblpc_chip_43xx.a(clock_18xx_43xx.o)
 .debug_info    0x00005229      0x936 C:\Users\emh203\Dropbox\eLib\MonkeyBoot\SRC\lpc_chip_43xx\Debug\liblpc_chip_43xx.a(emc_18xx_43xx.o)
 .debug_info    0x00005b5f      0x128 C:\Users\emh203\Dropbox\eLib\MonkeyBoot\SRC\lpc_chip_43xx\Debug\liblpc_chip_43xx.a(fpu_init.o)
 .debug_info    0x00005c87      0x42b C:\Users\emh203\Dropbox\eLib\MonkeyBoot\SRC\lpc_chip_43xx\Debug\liblpc_chip_43xx.a(gpio_18xx_43xx.o)
 .debug_info    0x000060b2      0x6d7 C:\Users\emh203\Dropbox\eLib\MonkeyBoot\SRC\lpc_chip_43xx\Debug\liblpc_chip_43xx.a(sysinit_18xx_43xx.o)
 .debug_info    0x00006789     0x1070 C:\Users\emh203\Dropbox\eLib\MonkeyBoot\SRC\lpc_chip_43xx\Debug\liblpc_chip_43xx.a(uart_18xx_43xx.o)

.debug_abbrev   0x00000000     0x128d
 .debug_abbrev  0x00000000       0x7d ./src/MonkeyBootTestApp.o
 .debug_abbrev  0x0000007d       0xed ./src/cr_startup_lpc43xx.o
 .debug_abbrev  0x0000016a       0x36 ./src/crp.o
 .debug_abbrev  0x000001a0       0x9c ./src/sysinit.o
 .debug_abbrev  0x0000023c      0x367 C:\Users\emh203\Dropbox\eLib\MonkeyBoot\SRC\lpc_board_keil_mcb_4357\Debug\liblpc_board_keil_mcb_4357.a(board.o)
 .debug_abbrev  0x000005a3      0x1e3 C:\Users\emh203\Dropbox\eLib\MonkeyBoot\SRC\lpc_board_keil_mcb_4357\Debug\liblpc_board_keil_mcb_4357.a(board_sysinit.o)
 .debug_abbrev  0x00000786      0x148 C:\Users\emh203\Dropbox\eLib\MonkeyBoot\SRC\lpc_chip_43xx\Debug\liblpc_chip_43xx.a(chip_18xx_43xx.o)
 .debug_abbrev  0x000008ce      0x2a1 C:\Users\emh203\Dropbox\eLib\MonkeyBoot\SRC\lpc_chip_43xx\Debug\liblpc_chip_43xx.a(clock_18xx_43xx.o)
 .debug_abbrev  0x00000b6f      0x1ab C:\Users\emh203\Dropbox\eLib\MonkeyBoot\SRC\lpc_chip_43xx\Debug\liblpc_chip_43xx.a(emc_18xx_43xx.o)
 .debug_abbrev  0x00000d1a       0x84 C:\Users\emh203\Dropbox\eLib\MonkeyBoot\SRC\lpc_chip_43xx\Debug\liblpc_chip_43xx.a(fpu_init.o)
 .debug_abbrev  0x00000d9e      0x111 C:\Users\emh203\Dropbox\eLib\MonkeyBoot\SRC\lpc_chip_43xx\Debug\liblpc_chip_43xx.a(gpio_18xx_43xx.o)
 .debug_abbrev  0x00000eaf      0x132 C:\Users\emh203\Dropbox\eLib\MonkeyBoot\SRC\lpc_chip_43xx\Debug\liblpc_chip_43xx.a(sysinit_18xx_43xx.o)
 .debug_abbrev  0x00000fe1      0x2ac C:\Users\emh203\Dropbox\eLib\MonkeyBoot\SRC\lpc_chip_43xx\Debug\liblpc_chip_43xx.a(uart_18xx_43xx.o)

.debug_aranges  0x00000000      0x6b0
 .debug_aranges
                0x00000000       0x20 ./src/MonkeyBootTestApp.o
 .debug_aranges
                0x00000020       0x80 ./src/cr_startup_lpc43xx.o
 .debug_aranges
                0x000000a0       0x18 ./src/crp.o
 .debug_aranges
                0x000000b8       0x20 ./src/sysinit.o
 .debug_aranges
                0x000000d8      0x1c8 C:\Users\emh203\Dropbox\eLib\MonkeyBoot\SRC\lpc_board_keil_mcb_4357\Debug\liblpc_board_keil_mcb_4357.a(board.o)
 .debug_aranges
                0x000002a0       0x58 C:\Users\emh203\Dropbox\eLib\MonkeyBoot\SRC\lpc_board_keil_mcb_4357\Debug\liblpc_board_keil_mcb_4357.a(board_sysinit.o)
 .debug_aranges
                0x000002f8       0x40 C:\Users\emh203\Dropbox\eLib\MonkeyBoot\SRC\lpc_chip_43xx\Debug\liblpc_chip_43xx.a(chip_18xx_43xx.o)
 .debug_aranges
                0x00000338      0x130 C:\Users\emh203\Dropbox\eLib\MonkeyBoot\SRC\lpc_chip_43xx\Debug\liblpc_chip_43xx.a(clock_18xx_43xx.o)
 .debug_aranges
                0x00000468       0x70 C:\Users\emh203\Dropbox\eLib\MonkeyBoot\SRC\lpc_chip_43xx\Debug\liblpc_chip_43xx.a(emc_18xx_43xx.o)
 .debug_aranges
                0x000004d8       0x20 C:\Users\emh203\Dropbox\eLib\MonkeyBoot\SRC\lpc_chip_43xx\Debug\liblpc_chip_43xx.a(fpu_init.o)
 .debug_aranges
                0x000004f8       0x68 C:\Users\emh203\Dropbox\eLib\MonkeyBoot\SRC\lpc_chip_43xx\Debug\liblpc_chip_43xx.a(gpio_18xx_43xx.o)
 .debug_aranges
                0x00000560       0x38 C:\Users\emh203\Dropbox\eLib\MonkeyBoot\SRC\lpc_chip_43xx\Debug\liblpc_chip_43xx.a(sysinit_18xx_43xx.o)
 .debug_aranges
                0x00000598      0x118 C:\Users\emh203\Dropbox\eLib\MonkeyBoot\SRC\lpc_chip_43xx\Debug\liblpc_chip_43xx.a(uart_18xx_43xx.o)

.debug_ranges   0x00000000      0x5d8
 .debug_ranges  0x00000000       0x10 ./src/MonkeyBootTestApp.o
 .debug_ranges  0x00000010       0x70 ./src/cr_startup_lpc43xx.o
 .debug_ranges  0x00000080       0x10 ./src/sysinit.o
 .debug_ranges  0x00000090      0x1b8 C:\Users\emh203\Dropbox\eLib\MonkeyBoot\SRC\lpc_board_keil_mcb_4357\Debug\liblpc_board_keil_mcb_4357.a(board.o)
 .debug_ranges  0x00000248       0x48 C:\Users\emh203\Dropbox\eLib\MonkeyBoot\SRC\lpc_board_keil_mcb_4357\Debug\liblpc_board_keil_mcb_4357.a(board_sysinit.o)
 .debug_ranges  0x00000290       0x30 C:\Users\emh203\Dropbox\eLib\MonkeyBoot\SRC\lpc_chip_43xx\Debug\liblpc_chip_43xx.a(chip_18xx_43xx.o)
 .debug_ranges  0x000002c0      0x120 C:\Users\emh203\Dropbox\eLib\MonkeyBoot\SRC\lpc_chip_43xx\Debug\liblpc_chip_43xx.a(clock_18xx_43xx.o)
 .debug_ranges  0x000003e0       0x60 C:\Users\emh203\Dropbox\eLib\MonkeyBoot\SRC\lpc_chip_43xx\Debug\liblpc_chip_43xx.a(emc_18xx_43xx.o)
 .debug_ranges  0x00000440       0x10 C:\Users\emh203\Dropbox\eLib\MonkeyBoot\SRC\lpc_chip_43xx\Debug\liblpc_chip_43xx.a(fpu_init.o)
 .debug_ranges  0x00000450       0x58 C:\Users\emh203\Dropbox\eLib\MonkeyBoot\SRC\lpc_chip_43xx\Debug\liblpc_chip_43xx.a(gpio_18xx_43xx.o)
 .debug_ranges  0x000004a8       0x28 C:\Users\emh203\Dropbox\eLib\MonkeyBoot\SRC\lpc_chip_43xx\Debug\liblpc_chip_43xx.a(sysinit_18xx_43xx.o)
 .debug_ranges  0x000004d0      0x108 C:\Users\emh203\Dropbox\eLib\MonkeyBoot\SRC\lpc_chip_43xx\Debug\liblpc_chip_43xx.a(uart_18xx_43xx.o)

.debug_macro    0x00000000     0x7857
 .debug_macro   0x00000000      0x32d ./src/MonkeyBootTestApp.o
 .debug_macro   0x0000032d      0x874 ./src/MonkeyBootTestApp.o
 .debug_macro   0x00000ba1       0x10 ./src/MonkeyBootTestApp.o
 .debug_macro   0x00000bb1       0x10 ./src/MonkeyBootTestApp.o
 .debug_macro   0x00000bc1      0x12d ./src/MonkeyBootTestApp.o
 .debug_macro   0x00000cee      0x5b2 ./src/MonkeyBootTestApp.o
 .debug_macro   0x000012a0       0x22 ./src/MonkeyBootTestApp.o
 .debug_macro   0x000012c2       0x7b ./src/MonkeyBootTestApp.o
 .debug_macro   0x0000133d       0x28 ./src/MonkeyBootTestApp.o
 .debug_macro   0x00001365       0x3b ./src/MonkeyBootTestApp.o
 .debug_macro   0x000013a0       0x2d ./src/MonkeyBootTestApp.o
 .debug_macro   0x000013cd       0x42 ./src/MonkeyBootTestApp.o
 .debug_macro   0x0000140f      0xd39 ./src/MonkeyBootTestApp.o
 .debug_macro   0x00002148      0x2bc ./src/MonkeyBootTestApp.o
 .debug_macro   0x00002404      0x112 ./src/MonkeyBootTestApp.o
 .debug_macro   0x00002516       0x11 ./src/MonkeyBootTestApp.o
 .debug_macro   0x00002527       0x1e ./src/MonkeyBootTestApp.o
 .debug_macro   0x00002545       0x16 ./src/MonkeyBootTestApp.o
 .debug_macro   0x0000255b      0x2e6 ./src/MonkeyBootTestApp.o
 .debug_macro   0x00002841       0x82 ./src/MonkeyBootTestApp.o
 .debug_macro   0x000028c3      0x13d ./src/MonkeyBootTestApp.o
 .debug_macro   0x00002a00      0x198 ./src/MonkeyBootTestApp.o
 .debug_macro   0x00002b98       0x34 ./src/MonkeyBootTestApp.o
 .debug_macro   0x00002bcc       0x58 ./src/MonkeyBootTestApp.o
 .debug_macro   0x00002c24      0x236 ./src/MonkeyBootTestApp.o
 .debug_macro   0x00002e5a      0x572 ./src/MonkeyBootTestApp.o
 .debug_macro   0x000033cc       0x16 ./src/MonkeyBootTestApp.o
 .debug_macro   0x000033e2      0x18a ./src/MonkeyBootTestApp.o
 .debug_macro   0x0000356c       0x88 ./src/MonkeyBootTestApp.o
 .debug_macro   0x000035f4      0x1b9 ./src/MonkeyBootTestApp.o
 .debug_macro   0x000037ad      0x1da ./src/MonkeyBootTestApp.o
 .debug_macro   0x00003987       0x40 ./src/MonkeyBootTestApp.o
 .debug_macro   0x000039c7       0x1c ./src/MonkeyBootTestApp.o
 .debug_macro   0x000039e3       0x2e ./src/MonkeyBootTestApp.o
 .debug_macro   0x00003a11       0x2e ./src/MonkeyBootTestApp.o
 .debug_macro   0x00003a3f       0x22 ./src/MonkeyBootTestApp.o
 .debug_macro   0x00003a61      0x201 ./src/MonkeyBootTestApp.o
 .debug_macro   0x00003c62       0xe0 ./src/MonkeyBootTestApp.o
 .debug_macro   0x00003d42      0x34c ./src/MonkeyBootTestApp.o
 .debug_macro   0x0000408e       0xe2 ./src/MonkeyBootTestApp.o
 .debug_macro   0x00004170       0x94 ./src/MonkeyBootTestApp.o
 .debug_macro   0x00004204       0xb8 ./src/MonkeyBootTestApp.o
 .debug_macro   0x000042bc       0x4c ./src/MonkeyBootTestApp.o
 .debug_macro   0x00004308       0x16 ./src/MonkeyBootTestApp.o
 .debug_macro   0x0000431e      0x328 ./src/MonkeyBootTestApp.o
 .debug_macro   0x00004646       0x3a ./src/MonkeyBootTestApp.o
 .debug_macro   0x00004680       0xd0 ./src/MonkeyBootTestApp.o
 .debug_macro   0x00004750       0x18 ./src/MonkeyBootTestApp.o
 .debug_macro   0x00004768       0x22 ./src/MonkeyBootTestApp.o
 .debug_macro   0x0000478a       0x40 ./src/MonkeyBootTestApp.o
 .debug_macro   0x000047ca      0x176 ./src/MonkeyBootTestApp.o
 .debug_macro   0x00004940       0x9a ./src/MonkeyBootTestApp.o
 .debug_macro   0x000049da       0x20 ./src/MonkeyBootTestApp.o
 .debug_macro   0x000049fa       0x28 ./src/MonkeyBootTestApp.o
 .debug_macro   0x00004a22      0x124 ./src/MonkeyBootTestApp.o
 .debug_macro   0x00004b46       0x82 ./src/MonkeyBootTestApp.o
 .debug_macro   0x00004bc8       0x1d ./src/cr_startup_lpc43xx.o
 .debug_macro   0x00004be5       0x1a ./src/crp.o
 .debug_macro   0x00004bff       0x34 ./src/crp.o
 .debug_macro   0x00004c33      0x324 ./src/sysinit.o
 .debug_macro   0x00004f57      0x341 C:\Users\emh203\Dropbox\eLib\MonkeyBoot\SRC\lpc_board_keil_mcb_4357\Debug\liblpc_board_keil_mcb_4357.a(board.o)
 .debug_macro   0x00005298      0x868 C:\Users\emh203\Dropbox\eLib\MonkeyBoot\SRC\lpc_board_keil_mcb_4357\Debug\liblpc_board_keil_mcb_4357.a(board.o)
 .debug_macro   0x00005b00       0x12 C:\Users\emh203\Dropbox\eLib\MonkeyBoot\SRC\lpc_board_keil_mcb_4357\Debug\liblpc_board_keil_mcb_4357.a(board.o)
 .debug_macro   0x00005b12      0x32b C:\Users\emh203\Dropbox\eLib\MonkeyBoot\SRC\lpc_board_keil_mcb_4357\Debug\liblpc_board_keil_mcb_4357.a(board_sysinit.o)
 .debug_macro   0x00005e3d      0x2d0 C:\Users\emh203\Dropbox\eLib\MonkeyBoot\SRC\lpc_chip_43xx\Debug\liblpc_chip_43xx.a(chip_18xx_43xx.o)
 .debug_macro   0x0000610d      0x86e C:\Users\emh203\Dropbox\eLib\MonkeyBoot\SRC\lpc_chip_43xx\Debug\liblpc_chip_43xx.a(chip_18xx_43xx.o)
 .debug_macro   0x0000697b      0x2d6 C:\Users\emh203\Dropbox\eLib\MonkeyBoot\SRC\lpc_chip_43xx\Debug\liblpc_chip_43xx.a(clock_18xx_43xx.o)
 .debug_macro   0x00006c51      0x2d6 C:\Users\emh203\Dropbox\eLib\MonkeyBoot\SRC\lpc_chip_43xx\Debug\liblpc_chip_43xx.a(emc_18xx_43xx.o)
 .debug_macro   0x00006f27       0xc0 C:\Users\emh203\Dropbox\eLib\MonkeyBoot\SRC\lpc_chip_43xx\Debug\liblpc_chip_43xx.a(fpu_init.o)
 .debug_macro   0x00006fe7      0x2d0 C:\Users\emh203\Dropbox\eLib\MonkeyBoot\SRC\lpc_chip_43xx\Debug\liblpc_chip_43xx.a(gpio_18xx_43xx.o)
 .debug_macro   0x000072b7      0x2d0 C:\Users\emh203\Dropbox\eLib\MonkeyBoot\SRC\lpc_chip_43xx\Debug\liblpc_chip_43xx.a(sysinit_18xx_43xx.o)
 .debug_macro   0x00007587      0x2d0 C:\Users\emh203\Dropbox\eLib\MonkeyBoot\SRC\lpc_chip_43xx\Debug\liblpc_chip_43xx.a(uart_18xx_43xx.o)

.debug_line     0x00000000     0x5002
 .debug_line    0x00000000      0x6c6 ./src/MonkeyBootTestApp.o
 .debug_line    0x000006c6      0x102 ./src/cr_startup_lpc43xx.o
 .debug_line    0x000007c8       0x78 ./src/crp.o
 .debug_line    0x00000840      0x64c ./src/sysinit.o
 .debug_line    0x00000e8c      0xbe1 C:\Users\emh203\Dropbox\eLib\MonkeyBoot\SRC\lpc_board_keil_mcb_4357\Debug\liblpc_board_keil_mcb_4357.a(board.o)
 .debug_line    0x00001a6d      0x71f C:\Users\emh203\Dropbox\eLib\MonkeyBoot\SRC\lpc_board_keil_mcb_4357\Debug\liblpc_board_keil_mcb_4357.a(board_sysinit.o)
 .debug_line    0x0000218c      0x62c C:\Users\emh203\Dropbox\eLib\MonkeyBoot\SRC\lpc_chip_43xx\Debug\liblpc_chip_43xx.a(chip_18xx_43xx.o)
 .debug_line    0x000027b8      0x985 C:\Users\emh203\Dropbox\eLib\MonkeyBoot\SRC\lpc_chip_43xx\Debug\liblpc_chip_43xx.a(clock_18xx_43xx.o)
 .debug_line    0x0000313d      0x737 C:\Users\emh203\Dropbox\eLib\MonkeyBoot\SRC\lpc_chip_43xx\Debug\liblpc_chip_43xx.a(emc_18xx_43xx.o)
 .debug_line    0x00003874      0x1f0 C:\Users\emh203\Dropbox\eLib\MonkeyBoot\SRC\lpc_chip_43xx\Debug\liblpc_chip_43xx.a(fpu_init.o)
 .debug_line    0x00003a64      0x67d C:\Users\emh203\Dropbox\eLib\MonkeyBoot\SRC\lpc_chip_43xx\Debug\liblpc_chip_43xx.a(gpio_18xx_43xx.o)
 .debug_line    0x000040e1      0x61a C:\Users\emh203\Dropbox\eLib\MonkeyBoot\SRC\lpc_chip_43xx\Debug\liblpc_chip_43xx.a(sysinit_18xx_43xx.o)
 .debug_line    0x000046fb      0x907 C:\Users\emh203\Dropbox\eLib\MonkeyBoot\SRC\lpc_chip_43xx\Debug\liblpc_chip_43xx.a(uart_18xx_43xx.o)

.debug_str      0x00000000    0x18c94
 .debug_str     0x00000000    0x15db2 ./src/MonkeyBootTestApp.o
                              0x15eae (size before relaxing)
 .debug_str     0x00015db2      0x1de ./src/cr_startup_lpc43xx.o
                               0x2660 (size before relaxing)
 .debug_str     0x00015f90       0xe9 ./src/crp.o
                               0x2557 (size before relaxing)
 .debug_str     0x00016079       0x1b ./src/sysinit.o
                              0x15a78 (size before relaxing)
 .debug_str     0x00016094     0x17cc C:\Users\emh203\Dropbox\eLib\MonkeyBoot\SRC\lpc_board_keil_mcb_4357\Debug\liblpc_board_keil_mcb_4357.a(board.o)
                              0x17279 (size before relaxing)
 .debug_str     0x00017860      0x670 C:\Users\emh203\Dropbox\eLib\MonkeyBoot\SRC\lpc_board_keil_mcb_4357\Debug\liblpc_board_keil_mcb_4357.a(board_sysinit.o)
                              0x16ca0 (size before relaxing)
 .debug_str     0x00017ed0       0xf1 C:\Users\emh203\Dropbox\eLib\MonkeyBoot\SRC\lpc_chip_43xx\Debug\liblpc_chip_43xx.a(chip_18xx_43xx.o)
                              0x15a1d (size before relaxing)
 .debug_str     0x00017fc1      0x5df C:\Users\emh203\Dropbox\eLib\MonkeyBoot\SRC\lpc_chip_43xx\Debug\liblpc_chip_43xx.a(clock_18xx_43xx.o)
                              0x15f8f (size before relaxing)
 .debug_str     0x000185a0      0x184 C:\Users\emh203\Dropbox\eLib\MonkeyBoot\SRC\lpc_chip_43xx\Debug\liblpc_chip_43xx.a(emc_18xx_43xx.o)
                              0x152ba (size before relaxing)
 .debug_str     0x00018724       0xb5 C:\Users\emh203\Dropbox\eLib\MonkeyBoot\SRC\lpc_chip_43xx\Debug\liblpc_chip_43xx.a(fpu_init.o)
                               0x9871 (size before relaxing)
 .debug_str     0x000187d9       0xe4 C:\Users\emh203\Dropbox\eLib\MonkeyBoot\SRC\lpc_chip_43xx\Debug\liblpc_chip_43xx.a(gpio_18xx_43xx.o)
                              0x14e15 (size before relaxing)
 .debug_str     0x000188bd       0x7e C:\Users\emh203\Dropbox\eLib\MonkeyBoot\SRC\lpc_chip_43xx\Debug\liblpc_chip_43xx.a(sysinit_18xx_43xx.o)
                              0x158d7 (size before relaxing)
 .debug_str     0x0001893b      0x359 C:\Users\emh203\Dropbox\eLib\MonkeyBoot\SRC\lpc_chip_43xx\Debug\liblpc_chip_43xx.a(uart_18xx_43xx.o)
                              0x15b36 (size before relaxing)

.comment        0x00000000       0xe0
 .comment       0x00000000       0x70 ./src/MonkeyBootTestApp.o
                                 0x71 (size before relaxing)
 .comment       0x00000000       0x71 ./src/cr_startup_lpc43xx.o
 .comment       0x00000000       0x71 ./src/crp.o
 .comment       0x00000000       0x71 ./src/sysinit.o
 .comment       0x00000000       0x71 C:\Users\emh203\Dropbox\eLib\MonkeyBoot\SRC\lpc_board_keil_mcb_4357\Debug\liblpc_board_keil_mcb_4357.a(board.o)
 .comment       0x00000000       0x71 C:\Users\emh203\Dropbox\eLib\MonkeyBoot\SRC\lpc_board_keil_mcb_4357\Debug\liblpc_board_keil_mcb_4357.a(board_sysinit.o)
 .comment       0x00000000       0x71 C:\Users\emh203\Dropbox\eLib\MonkeyBoot\SRC\lpc_chip_43xx\Debug\liblpc_chip_43xx.a(chip_18xx_43xx.o)
 .comment       0x00000000       0x71 C:\Users\emh203\Dropbox\eLib\MonkeyBoot\SRC\lpc_chip_43xx\Debug\liblpc_chip_43xx.a(clock_18xx_43xx.o)
 .comment       0x00000000       0x71 C:\Users\emh203\Dropbox\eLib\MonkeyBoot\SRC\lpc_chip_43xx\Debug\liblpc_chip_43xx.a(emc_18xx_43xx.o)
 .comment       0x00000000       0x71 C:\Users\emh203\Dropbox\eLib\MonkeyBoot\SRC\lpc_chip_43xx\Debug\liblpc_chip_43xx.a(fpu_init.o)
 .comment       0x00000000       0x71 C:\Users\emh203\Dropbox\eLib\MonkeyBoot\SRC\lpc_chip_43xx\Debug\liblpc_chip_43xx.a(gpio_18xx_43xx.o)
 .comment       0x00000000       0x71 C:\Users\emh203\Dropbox\eLib\MonkeyBoot\SRC\lpc_chip_43xx\Debug\liblpc_chip_43xx.a(sysinit_18xx_43xx.o)
 .comment       0x00000000       0x71 C:\Users\emh203\Dropbox\eLib\MonkeyBoot\SRC\lpc_chip_43xx\Debug\liblpc_chip_43xx.a(uart_18xx_43xx.o)
 .comment       0x00000070       0x70 c:/nxp/lpcxpresso_7.5.0_254/lpcxpresso/tools/bin/../lib/gcc/arm-none-eabi/4.8.4/../../../../arm-none-eabi/lib/armv7e-m/softfp\libcr_c.a(__weak__main.o)
                                 0x71 (size before relaxing)

.ARM.attributes
                0x00000000       0x35
 .ARM.attributes
                0x00000000       0x37 ./src/MonkeyBootTestApp.o
 .ARM.attributes
                0x00000037       0x37 ./src/cr_startup_lpc43xx.o
 .ARM.attributes
                0x0000006e       0x37 ./src/crp.o
 .ARM.attributes
                0x000000a5       0x37 ./src/sysinit.o
 .ARM.attributes
                0x000000dc       0x37 C:\Users\emh203\Dropbox\eLib\MonkeyBoot\SRC\lpc_board_keil_mcb_4357\Debug\liblpc_board_keil_mcb_4357.a(board.o)
 .ARM.attributes
                0x00000113       0x37 C:\Users\emh203\Dropbox\eLib\MonkeyBoot\SRC\lpc_board_keil_mcb_4357\Debug\liblpc_board_keil_mcb_4357.a(board_sysinit.o)
 .ARM.attributes
                0x0000014a       0x37 C:\Users\emh203\Dropbox\eLib\MonkeyBoot\SRC\lpc_chip_43xx\Debug\liblpc_chip_43xx.a(chip_18xx_43xx.o)
 .ARM.attributes
                0x00000181       0x37 C:\Users\emh203\Dropbox\eLib\MonkeyBoot\SRC\lpc_chip_43xx\Debug\liblpc_chip_43xx.a(clock_18xx_43xx.o)
 .ARM.attributes
                0x000001b8       0x37 C:\Users\emh203\Dropbox\eLib\MonkeyBoot\SRC\lpc_chip_43xx\Debug\liblpc_chip_43xx.a(emc_18xx_43xx.o)
 .ARM.attributes
                0x000001ef       0x37 C:\Users\emh203\Dropbox\eLib\MonkeyBoot\SRC\lpc_chip_43xx\Debug\liblpc_chip_43xx.a(fpu_init.o)
 .ARM.attributes
                0x00000226       0x37 C:\Users\emh203\Dropbox\eLib\MonkeyBoot\SRC\lpc_chip_43xx\Debug\liblpc_chip_43xx.a(gpio_18xx_43xx.o)
 .ARM.attributes
                0x0000025d       0x37 C:\Users\emh203\Dropbox\eLib\MonkeyBoot\SRC\lpc_chip_43xx\Debug\liblpc_chip_43xx.a(sysinit_18xx_43xx.o)
 .ARM.attributes
                0x00000294       0x37 C:\Users\emh203\Dropbox\eLib\MonkeyBoot\SRC\lpc_chip_43xx\Debug\liblpc_chip_43xx.a(uart_18xx_43xx.o)
 .ARM.attributes
                0x000002cb       0x37 c:/nxp/lpcxpresso_7.5.0_254/lpcxpresso/tools/bin/../lib/gcc/arm-none-eabi/4.8.4/../../../../arm-none-eabi/lib/armv7e-m/softfp\libcr_c.a(__weak__main.o)

.debug_frame    0x00000000     0x149c
 .debug_frame   0x00000000       0x2c ./src/MonkeyBootTestApp.o
 .debug_frame   0x0000002c      0x158 ./src/cr_startup_lpc43xx.o
 .debug_frame   0x00000184       0x30 ./src/sysinit.o
 .debug_frame   0x000001b4      0x660 C:\Users\emh203\Dropbox\eLib\MonkeyBoot\SRC\lpc_board_keil_mcb_4357\Debug\liblpc_board_keil_mcb_4357.a(board.o)
 .debug_frame   0x00000814       0xfc C:\Users\emh203\Dropbox\eLib\MonkeyBoot\SRC\lpc_board_keil_mcb_4357\Debug\liblpc_board_keil_mcb_4357.a(board_sysinit.o)
 .debug_frame   0x00000910       0x98 C:\Users\emh203\Dropbox\eLib\MonkeyBoot\SRC\lpc_chip_43xx\Debug\liblpc_chip_43xx.a(chip_18xx_43xx.o)
 .debug_frame   0x000009a8      0x3ec C:\Users\emh203\Dropbox\eLib\MonkeyBoot\SRC\lpc_chip_43xx\Debug\liblpc_chip_43xx.a(clock_18xx_43xx.o)
 .debug_frame   0x00000d94      0x154 C:\Users\emh203\Dropbox\eLib\MonkeyBoot\SRC\lpc_chip_43xx\Debug\liblpc_chip_43xx.a(emc_18xx_43xx.o)
 .debug_frame   0x00000ee8       0x2c C:\Users\emh203\Dropbox\eLib\MonkeyBoot\SRC\lpc_chip_43xx\Debug\liblpc_chip_43xx.a(fpu_init.o)
 .debug_frame   0x00000f14      0x130 C:\Users\emh203\Dropbox\eLib\MonkeyBoot\SRC\lpc_chip_43xx\Debug\liblpc_chip_43xx.a(gpio_18xx_43xx.o)
 .debug_frame   0x00001044       0x84 C:\Users\emh203\Dropbox\eLib\MonkeyBoot\SRC\lpc_chip_43xx\Debug\liblpc_chip_43xx.a(sysinit_18xx_43xx.o)
 .debug_frame   0x000010c8      0x3d4 C:\Users\emh203\Dropbox\eLib\MonkeyBoot\SRC\lpc_chip_43xx\Debug\liblpc_chip_43xx.a(uart_18xx_43xx.o)
