Archive member included because of file (symbol)

C:\Users\emh203\Dropbox\MonkeyBoot\SRC\lpc_board_keil_mcb_4357\Debug\liblpc_board_keil_mcb_4357.a(board.o)
                              ./src/MonkeyBoot.o (Board_Init)
C:\Users\emh203\Dropbox\MonkeyBoot\SRC\lpc_board_keil_mcb_4357\Debug\liblpc_board_keil_mcb_4357.a(board_sysinit.o)
                              ./src/sysinit.o (Board_SystemInit)
C:\Users\emh203\Dropbox\MonkeyBoot\SRC\lpc_board_keil_mcb_4357\Debug\liblpc_board_keil_mcb_4357.a(uda1380.o)
                              C:\Users\emh203\Dropbox\MonkeyBoot\SRC\lpc_board_keil_mcb_4357\Debug\liblpc_board_keil_mcb_4357.a(board.o) (UDA1380_Init)
C:\Users\emh203\Dropbox\MonkeyBoot\SRC\lpc_chip_43xx\Debug\liblpc_chip_43xx.a(chip_18xx_43xx.o)
                              ./src/FILE_SYSTEM/fatfs/DISK_DRIVER/USB_MSC_HOST/MassStorageHost.o (Chip_USB0_Init)
C:\Users\emh203\Dropbox\MonkeyBoot\SRC\lpc_chip_43xx\Debug\liblpc_chip_43xx.a(clock_18xx_43xx.o)
                              C:\Users\emh203\Dropbox\MonkeyBoot\SRC\lpc_board_keil_mcb_4357\Debug\liblpc_board_keil_mcb_4357.a(board_sysinit.o) (Chip_Clock_SetDivider)
C:\Users\emh203\Dropbox\MonkeyBoot\SRC\lpc_chip_43xx\Debug\liblpc_chip_43xx.a(emc_18xx_43xx.o)
                              C:\Users\emh203\Dropbox\MonkeyBoot\SRC\lpc_board_keil_mcb_4357\Debug\liblpc_board_keil_mcb_4357.a(board_sysinit.o) (Chip_EMC_Dynamic_Init)
C:\Users\emh203\Dropbox\MonkeyBoot\SRC\lpc_chip_43xx\Debug\liblpc_chip_43xx.a(fpu_init.o)
                              ./src/MonkeyBoot.o (fpuInit)
C:\Users\emh203\Dropbox\MonkeyBoot\SRC\lpc_chip_43xx\Debug\liblpc_chip_43xx.a(gpio_18xx_43xx.o)
                              C:\Users\emh203\Dropbox\MonkeyBoot\SRC\lpc_board_keil_mcb_4357\Debug\liblpc_board_keil_mcb_4357.a(board.o) (Chip_GPIO_Init)
C:\Users\emh203\Dropbox\MonkeyBoot\SRC\lpc_chip_43xx\Debug\liblpc_chip_43xx.a(i2c_18xx_43xx.o)
                              C:\Users\emh203\Dropbox\MonkeyBoot\SRC\lpc_board_keil_mcb_4357\Debug\liblpc_board_keil_mcb_4357.a(board.o) (Chip_I2C_Init)
C:\Users\emh203\Dropbox\MonkeyBoot\SRC\lpc_chip_43xx\Debug\liblpc_chip_43xx.a(i2s_18xx_43xx.o)
                              C:\Users\emh203\Dropbox\MonkeyBoot\SRC\lpc_board_keil_mcb_4357\Debug\liblpc_board_keil_mcb_4357.a(board.o) (Chip_I2S_Init)
C:\Users\emh203\Dropbox\MonkeyBoot\SRC\lpc_chip_43xx\Debug\liblpc_chip_43xx.a(rgu_18xx_43xx.o)
                              C:\Users\emh203\Dropbox\MonkeyBoot\SRC\lpc_board_keil_mcb_4357\Debug\liblpc_board_keil_mcb_4357.a(board.o) (Chip_RGU_TriggerReset)
C:\Users\emh203\Dropbox\MonkeyBoot\SRC\lpc_chip_43xx\Debug\liblpc_chip_43xx.a(rtc_18xx_43xx.o)
                              ./src/FILE_SYSTEM/fatfs/DISK_DRIVER/rtc.o (Chip_RTC_GetFullTime)
C:\Users\emh203\Dropbox\MonkeyBoot\SRC\lpc_chip_43xx\Debug\liblpc_chip_43xx.a(sdif_18xx_43xx.o)
                              ./src/FILE_SYSTEM/fatfs/DISK_DRIVER/SD/SD.o (Chip_SDIF_Init)
C:\Users\emh203\Dropbox\MonkeyBoot\SRC\lpc_chip_43xx\Debug\liblpc_chip_43xx.a(sdmmc_18xx_43xx.o)
                              ./src/FILE_SYSTEM/fatfs/DISK_DRIVER/disk_io.o (Chip_SDMMC_GetState)
C:\Users\emh203\Dropbox\MonkeyBoot\SRC\lpc_chip_43xx\Debug\liblpc_chip_43xx.a(ssp_18xx_43xx.o)
                              C:\Users\emh203\Dropbox\MonkeyBoot\SRC\lpc_board_keil_mcb_4357\Debug\liblpc_board_keil_mcb_4357.a(board.o) (Chip_SSP_WriteFrames_Blocking)
C:\Users\emh203\Dropbox\MonkeyBoot\SRC\lpc_chip_43xx\Debug\liblpc_chip_43xx.a(sysinit_18xx_43xx.o)
                              C:\Users\emh203\Dropbox\MonkeyBoot\SRC\lpc_board_keil_mcb_4357\Debug\liblpc_board_keil_mcb_4357.a(board_sysinit.o) (Chip_SetupCoreClock)
C:\Users\emh203\Dropbox\MonkeyBoot\SRC\lpc_chip_43xx\Debug\liblpc_chip_43xx.a(uart_18xx_43xx.o)
                              C:\Users\emh203\Dropbox\MonkeyBoot\SRC\lpc_board_keil_mcb_4357\Debug\liblpc_board_keil_mcb_4357.a(board.o) (Chip_UART_Init)
C:\Users\emh203\Dropbox\MonkeyBoot\SRC\lpc_chip_43xx\Debug\liblpc_chip_43xx.a(ring_buffer.o)
                              C:\Users\emh203\Dropbox\MonkeyBoot\SRC\lpc_chip_43xx\Debug\liblpc_chip_43xx.a(uart_18xx_43xx.o) (RingBuffer_Insert)
c:/nxp/lpcxpresso_7.4.0_229/lpcxpresso/tools/bin/../lib/gcc/arm-none-eabi/4.8.4/../../../../arm-none-eabi/lib/armv7e-m/softfp\libcr_semihost.a(_cr__main.o)
                              ./src/cr_startup_lpc43xx.o (__main)
c:/nxp/lpcxpresso_7.4.0_229/lpcxpresso/tools/bin/../lib/gcc/arm-none-eabi/4.8.4/../../../../arm-none-eabi/lib/armv7e-m/softfp\libcr_c.a(memcpy.o)
                              ./src/FILE_SYSTEM/fatfs/DISK_DRIVER/USB_MSC_HOST/lpcusblib/Drivers/USB/Class/Common/HIDParser.o (memcpy)
c:/nxp/lpcxpresso_7.4.0_229/lpcxpresso/tools/bin/../lib/gcc/arm-none-eabi/4.8.4/../../../../arm-none-eabi/lib/armv7e-m/softfp\libcr_c.a(memset.o)
                              ./src/FILE_SYSTEM/fatfs/DISK_DRIVER/USB_MSC_HOST/lpcusblib/Drivers/USB/Core/HCD/EHCI/EHCI.o (memset)
[...]
Memory Configuration

Name             Origin             Length             Attributes
MFlashA512       0x1a000000         0x00080000         xr
MFlashB512       0x1b000000         0x00080000         xr
RamLoc32         0x10000000         0x00008000         xrw
RamLoc40         0x10080000         0x0000a000         xrw
RamAHB32         0x20000000         0x00008000         xrw
RamAHB16         0x20008000         0x00004000         xrw
RamAHB_ETB16     0x2000c000         0x00004000         xrw
*default*        0x00000000         0xffffffff

Linker script and memory map

LOAD ./src/FILE_SYSTEM/fatfs/DISK_DRIVER/USB_MSC_HOST/lpcusblib/Drivers/USB/Core/HCD/EHCI/EHCI.o
LOAD ./src/FILE_SYSTEM/fatfs/DISK_DRIVER/USB_MSC_HOST/lpcusblib/Drivers/USB/Core/HCD/HCD.o
LOAD ./src/FILE_SYSTEM/fatfs/DISK_DRIVER/USB_MSC_HOST/lpcusblib/Drivers/USB/Core/HAL/LPC18XX/HAL_LPC18xx.o
LOAD ./src/FILE_SYSTEM/fatfs/DISK_DRIVER/USB_MSC_HOST/lpcusblib/Drivers/USB/Core/ConfigDescriptor.o
LOAD ./src/FILE_SYSTEM/fatfs/DISK_DRIVER/USB_MSC_HOST/lpcusblib/Drivers/USB/Core/Host.o
LOAD ./src/FILE_SYSTEM/fatfs/DISK_DRIVER/USB_MSC_HOST/lpcusblib/Drivers/USB/Core/HostStandardReq.o
LOAD ./src/FILE_SYSTEM/fatfs/DISK_DRIVER/USB_MSC_HOST/lpcusblib/Drivers/USB/Core/Pipe.o
LOAD ./src/FILE_SYSTEM/fatfs/DISK_DRIVER/USB_MSC_HOST/lpcusblib/Drivers/USB/Core/PipeStream.o
LOAD ./src/FILE_SYSTEM/fatfs/DISK_DRIVER/USB_MSC_HOST/lpcusblib/Drivers/USB/Core/USBController.o
LOAD ./src/FILE_SYSTEM/fatfs/DISK_DRIVER/USB_MSC_HOST/lpcusblib/Drivers/USB/Core/USBMemory.o
LOAD ./src/FILE_SYSTEM/fatfs/DISK_DRIVER/USB_MSC_HOST/lpcusblib/Drivers/USB/Core/USBTask.o
LOAD ./src/FILE_SYSTEM/fatfs/DISK_DRIVER/USB_MSC_HOST/lpcusblib/Drivers/USB/Class/Host/MassStorageClassHost.o
LOAD ./src/FILE_SYSTEM/fatfs/DISK_DRIVER/USB_MSC_HOST/lpcusblib/Drivers/USB/Class/Common/HIDParser.o
LOAD ./src/FILE_SYSTEM/fatfs/DISK_DRIVER/USB_MSC_HOST/MassStorageHost.o
LOAD ./src/FILE_SYSTEM/fatfs/DISK_DRIVER/SD/SD.o
LOAD ./src/FILE_SYSTEM/fatfs/DISK_DRIVER/disk_io.o
LOAD ./src/FILE_SYSTEM/fatfs/DISK_DRIVER/rtc.o
LOAD ./src/FILE_SYSTEM/fatfs/ff.o
LOAD ./src/FILE_SYSTEM/fatfs/ff_lfn_support.o
LOAD ./src/FILE_SYSTEM/fatfs/ff_string.o
LOAD ./src/FILE_SYSTEM/USB_MSC_ROM/msc_desc.o
LOAD ./src/FILE_SYSTEM/USB_MSC_ROM/msc_main.o
LOAD ./src/FILE_SYSTEM/USB_MSC_ROM/msc_sd.o
LOAD ./src/MonkeyBoot.o
LOAD ./src/System.o
LOAD ./src/cr_startup_lpc43xx.o
LOAD ./src/crp.o
LOAD ./src/sysinit.o
LOAD C:\Users\emh203\Dropbox\MonkeyBoot\SRC\lpc_board_keil_mcb_4357\Debug\liblpc_board_keil_mcb_4357.a
LOAD C:\Users\emh203\Dropbox\MonkeyBoot\SRC\lpc_chip_43xx\Debug\liblpc_chip_43xx.a
START GROUP
LOAD c:/nxp/lpcxpresso_7.4.0_229/lpcxpresso/tools/bin/../lib/gcc/arm-none-eabi/4.8.4/../../../../arm-none-eabi/lib/armv7e-m/softfp\libcr_semihost.a
LOAD c:/nxp/lpcxpresso_7.4.0_229/lpcxpresso/tools/bin/../lib/gcc/arm-none-eabi/4.8.4/../../../../arm-none-eabi/lib/armv7e-m/softfp\libcr_c.a
LOAD c:/nxp/lpcxpresso_7.4.0_229/lpcxpresso/tools/bin/../lib/gcc/arm-none-eabi/4.8.4/armv7e-m/softfp\libcr_eabihelpers.a
END GROUP
                0x1a080000                __top_MFlashA512 = 0x1a080000
                0x1b080000                __top_MFlashB512 = 0x1b080000
                0x10008000                __top_RamLoc32 = 0x10008000
                0x1008a000                __top_RamLoc40 = 0x1008a000
                0x20008000                __top_RamAHB32 = 0x20008000
                0x2000c000                __top_RamAHB16 = 0x2000c000
                0x20010000                __top_RamAHB_ETB16 = 0x20010000

.text_Flash2    0x1b000000        0x0
 FILL mask 0xff
 *(.text_Flash2*)
 *(.text_MFlashB512*)
 *(.text.$Flash2*)
 *(.text.$MFlashB512*)
 *(.rodata.$Flash2*)
 *(.rodata.$MFlashB512*)

.text           0x1a000000     0xb130
 FILL mask 0xff
                0x1a000000                __vectors_start__ = ABSOLUTE (.)
 *(.isr_vector)
 .isr_vector    0x1a000000      0x114 ./src/cr_startup_lpc43xx.o
                0x1a000000                g_pfnVectors
                0x1a000114                . = ALIGN (0x4)
                0x1a000114                __section_table_start = .
                0x1a000114                __data_section_table = .
                0x1a000114        0x4 LONG 0x1a00b130 LOADADDR (.data)
                0x1a000118        0x4 LONG 0x10000000 ADDR (.data)
                0x1a00011c        0x4 LONG 0x64 SIZEOF (.data)
                0x1a000120        0x4 LONG 0x1a00b130 LOADADDR (.data_RAM2)
                0x1a000124        0x4 LONG 0x10080000 ADDR (.data_RAM2)
                0x1a000128        0x4 LONG 0x0 SIZEOF (.data_RAM2)
                0x1a00012c        0x4 LONG 0x1a00b130 LOADADDR (.data_RAM3)
                0x1a000130        0x4 LONG 0x20000000 ADDR (.data_RAM3)
                0x1a000134        0x4 LONG 0x0 SIZEOF (.data_RAM3)
                0x1a000138        0x4 LONG 0x1a00b130 LOADADDR (.data_RAM4)
                0x1a00013c        0x4 LONG 0x20008000 ADDR (.data_RAM4)
                0x1a000140        0x4 LONG 0x0 SIZEOF (.data_RAM4)
                0x1a000144        0x4 LONG 0x1a00b130 LOADADDR (.data_RAM5)
                0x1a000148        0x4 LONG 0x2000c000 ADDR (.data_RAM5)
                0x1a00014c        0x4 LONG 0x0 SIZEOF (.data_RAM5)
                0x1a000150                __data_section_table_end = .
                0x1a000150                __bss_section_table = .
                0x1a000150        0x4 LONG 0x10001000 ADDR (.bss)
                0x1a000154        0x4 LONG 0x4cf0 SIZEOF (.bss)
                0x1a000158        0x4 LONG 0x10080000 ADDR (.bss_RAM2)
                0x1a00015c        0x4 LONG 0x4000 SIZEOF (.bss_RAM2)
                0x1a000160        0x4 LONG 0x20000000 ADDR (.bss_RAM3)
                0x1a000164        0x4 LONG 0x0 SIZEOF (.bss_RAM3)
                0x1a000168        0x4 LONG 0x20008000 ADDR (.bss_RAM4)
                0x1a00016c        0x4 LONG 0x0 SIZEOF (.bss_RAM4)
                0x1a000170        0x4 LONG 0x2000c000 ADDR (.bss_RAM5)
                0x1a000174        0x4 LONG 0x0 SIZEOF (.bss_RAM5)
                0x1a000178                __bss_section_table_end = .
                0x1a000178                __section_table_end = .
 *(.after_vectors*)
 .after_vectors
                0x1a000178       0xcc ./src/cr_startup_lpc43xx.o
                0x1a000178                data_init
                0x1a0001bc                bss_init
                0x1a0001f4                NMI_Handler
                0x1a0001fc                HardFault_Handler
                0x1a000204                MemManage_Handler
                0x1a00020c                BusFault_Handler
                0x1a000214                UsageFault_Handler
                0x1a00021c                SVC_Handler
                0x1a000224                DebugMon_Handler
                0x1a00022c                PendSV_Handler
                0x1a00023c                UART1_IRQHandler
                0x1a00023c                GPIO5_IRQHandler
                0x1a00023c                CAN1_IRQHandler
                0x1a00023c                I2S0_IRQHandler
                0x1a00023c                TIMER3_IRQHandler
                0x1a00023c                UART0_IRQHandler
                0x1a00023c                ATIMER_IRQHandler
                0x1a00023c                SGPIO_IRQHandler
                0x1a00023c                ADC0_IRQHandler
                0x1a00023c                I2C0_IRQHandler
                0x1a00023c                GPIO6_IRQHandler
                0x1a00023c                ADCHS_IRQHandler
                0x1a00023c                GPIO1_IRQHandler
                0x1a00023c                I2C1_IRQHandler
                0x1a00023c                ADC1_IRQHandler
                0x1a00023c                FLASHEEPROM_IRQHandler
                0x1a00023c                RTC_IRQHandler
                0x1a00023c                TIMER0_IRQHandler
                0x1a00023c                SPI_IRQHandler
                0x1a00023c                LCD_IRQHandler
                0x1a00023c                RIT_IRQHandler
                0x1a00023c                TIMER1_IRQHandler
                0x1a00023c                UART2_IRQHandler
                0x1a00023c                GPIO2_IRQHandler
                0x1a00023c                I2S1_IRQHandler
                0x1a00023c                SSP1_IRQHandler
                0x1a00023c                GPIO3_IRQHandler
                0x1a00023c                SCT_IRQHandler
                0x1a00023c                SSP0_IRQHandler
                0x1a00023c                MX_CORE_IRQHandler
                0x1a00023c                WDT_IRQHandler
                0x1a00023c                IntDefaultHandler
                0x1a00023c                GPIO7_IRQHandler
                0x1a00023c                SPIFI_IRQHandler
                0x1a00023c                QEI_IRQHandler
                0x1a00023c                ETH_IRQHandler
                0x1a00023c                CAN0_IRQHandler
                0x1a00023c                GINT0_IRQHandler
                0x1a00023c                DAC_IRQHandler
                0x1a00023c                M0SUB_IRQHandler
                0x1a00023c                GPIO0_IRQHandler
                0x1a00023c                DMA_IRQHandler
                0x1a00023c                EVRT_IRQHandler
                0x1a00023c                TIMER2_IRQHandler
                0x1a00023c                UART3_IRQHandler
                0x1a00023c                MCPWM_IRQHandler
                0x1a00023c                GINT1_IRQHandler
                0x1a00023c                GPIO4_IRQHandler
                0x000002fc                . = 0x2fc
 *fill*         0x1a000244       0xb8 ff
                0x1a0002fc                PROVIDE (__CRP_WORD_START__, .)
 *(.crp)
 .crp           0x1a0002fc        0x4 ./src/crp.o
                0x1a0002fc                CRP_WORD
                0x1a000300                PROVIDE (__CRP_WORD_END__, .)
                0x00000001                ASSERT (! ((__CRP_WORD_START__ == __CRP_WORD_END__)), Linker CRP Enabled, but no CRP_WORD provided within application)
 *(.text*)
 .text.Align32  0x1a000300       0x1c ./src/FILE_SYSTEM/fatfs/DISK_DRIVER/USB_MSC_HOST/lpcusblib/Drivers/USB/Core/HCD/EHCI/EHCI.o
 .text.Align4k  0x1a00031c       0x20 ./src/FILE_SYSTEM/fatfs/DISK_DRIVER/USB_MSC_HOST/lpcusblib/Drivers/USB/Core/HCD/EHCI/EHCI.o
 .text.Offset4k
                0x1a00033c       0x1c ./src/FILE_SYSTEM/fatfs/DISK_DRIVER/USB_MSC_HOST/lpcusblib/Drivers/USB/Core/HCD/EHCI/EHCI.o
 .text.HcdInitDriver
                0x1a000358       0x24 ./src/FILE_SYSTEM/fatfs/DISK_DRIVER/USB_MSC_HOST/lpcusblib/Drivers/USB/Core/HCD/EHCI/EHCI.o
                0x1a000358                HcdInitDriver
 .text.HcdDeInitDriver
                0x1a00037c       0x58 ./src/FILE_SYSTEM/fatfs/DISK_DRIVER/USB_MSC_HOST/lpcusblib/Drivers/USB/Core/HCD/EHCI/EHCI.o
                0x1a00037c                HcdDeInitDriver
 .text.HcdRhPortReset
                0x1a0003d4       0x74 ./src/FILE_SYSTEM/fatfs/DISK_DRIVER/USB_MSC_HOST/lpcusblib/Drivers/USB/Core/HCD/EHCI/EHCI.o
                0x1a0003d4                HcdRhPortReset
 .text.HcdClearEndpointHalt
                0x1a000448       0x18 ./src/FILE_SYSTEM/fatfs/DISK_DRIVER/USB_MSC_HOST/lpcusblib/Drivers/USB/Core/HCD/EHCI/EHCI.o
                0x1a000448                HcdClearEndpointHalt
 .text.HcdGetFrameNumber
                0x1a000460       0x28 ./src/FILE_SYSTEM/fatfs/DISK_DRIVER/USB_MSC_HOST/lpcusblib/Drivers/USB/Core/HCD/EHCI/EHCI.o
                0x1a000460                HcdGetFrameNumber
 .text.HcdGetDeviceSpeed
                0x1a000488       0x50 ./src/FILE_SYSTEM/fatfs/DISK_DRIVER/USB_MSC_HOST/lpcusblib/Drivers/USB/Core/HCD/EHCI/EHCI.o
                0x1a000488                HcdGetDeviceSpeed
 .text.HcdOpenPipe
                0x1a0004d8      0x218 ./src/FILE_SYSTEM/fatfs/DISK_DRIVER/USB_MSC_HOST/lpcusblib/Drivers/USB/Core/HCD/EHCI/EHCI.o
                0x1a0004d8                HcdOpenPipe
 .text.HcdClosePipe
                0x1a0006f0       0xac ./src/FILE_SYSTEM/fatfs/DISK_DRIVER/USB_MSC_HOST/lpcusblib/Drivers/USB/Core/HCD/EHCI/EHCI.o
                0x1a0006f0                HcdClosePipe
 .text.HcdCancelTransfer
                0x1a00079c      0x1a0 ./src/FILE_SYSTEM/fatfs/DISK_DRIVER/USB_MSC_HOST/lpcusblib/Drivers/USB/Core/HCD/EHCI/EHCI.o
                0x1a00079c                HcdCancelTransfer
 .text.HcdControlTransfer
                0x1a00093c      0x20c ./src/FILE_SYSTEM/fatfs/DISK_DRIVER/USB_MSC_HOST/lpcusblib/Drivers/USB/Core/HCD/EHCI/EHCI.o
                0x1a00093c                HcdControlTransfer
 .text.HcdDataTransfer
                0x1a000b48      0x218 ./src/FILE_SYSTEM/fatfs/DISK_DRIVER/USB_MSC_HOST/lpcusblib/Drivers/USB/Core/HCD/EHCI/EHCI.o
                0x1a000b48                HcdDataTransfer
 .text.HcdGetPipeStatus
                0x1a000d60       0x44 ./src/FILE_SYSTEM/fatfs/DISK_DRIVER/USB_MSC_HOST/lpcusblib/Drivers/USB/Core/HCD/EHCI/EHCI.o
                0x1a000d60                HcdGetPipeStatus
 .text.FreeQhd  0x1a000da4       0x58 ./src/FILE_SYSTEM/fatfs/DISK_DRIVER/USB_MSC_HOST/lpcusblib/Drivers/USB/Core/HCD/EHCI/EHCI.o
 .text.AllocQhd
                0x1a000dfc      0x3b0 ./src/FILE_SYSTEM/fatfs/DISK_DRIVER/USB_MSC_HOST/lpcusblib/Drivers/USB/Core/HCD/EHCI/EHCI.o
 .text.InsertLinkPointer
                0x1a0011ac       0x40 ./src/FILE_SYSTEM/fatfs/DISK_DRIVER/USB_MSC_HOST/lpcusblib/Drivers/USB/Core/HCD/EHCI/EHCI.o
 .text.RemoveQueueHead
                0x1a0011ec       0xe4 ./src/FILE_SYSTEM/fatfs/DISK_DRIVER/USB_MSC_HOST/lpcusblib/Drivers/USB/Core/HCD/EHCI/EHCI.o
 .text.FreeQtd  0x1a0012d0       0x28 ./src/FILE_SYSTEM/fatfs/DISK_DRIVER/USB_MSC_HOST/lpcusblib/Drivers/USB/Core/HCD/EHCI/EHCI.o
 .text.AllocQTD
                0x1a0012f8      0x22c ./src/FILE_SYSTEM/fatfs/DISK_DRIVER/USB_MSC_HOST/lpcusblib/Drivers/USB/Core/HCD/EHCI/EHCI.o
 .text.QueueQTDs
                0x1a001524      0x1c4 ./src/FILE_SYSTEM/fatfs/DISK_DRIVER/USB_MSC_HOST/lpcusblib/Drivers/USB/Core/HCD/EHCI/EHCI.o
 .text.FreeHsItd
                0x1a0016e8       0x24 ./src/FILE_SYSTEM/fatfs/DISK_DRIVER/USB_MSC_HOST/lpcusblib/Drivers/USB/Core/HCD/EHCI/EHCI.o
 .text.AllocHsItd
                0x1a00170c      0x2f4 ./src/FILE_SYSTEM/fatfs/DISK_DRIVER/USB_MSC_HOST/lpcusblib/Drivers/USB/Core/HCD/EHCI/EHCI.o
 .text.QueueITDs
                0x1a001a00      0x118 ./src/FILE_SYSTEM/fatfs/DISK_DRIVER/USB_MSC_HOST/lpcusblib/Drivers/USB/Core/HCD/EHCI/EHCI.o
 .text.FreeSItd
                0x1a001b18       0x24 ./src/FILE_SYSTEM/fatfs/DISK_DRIVER/USB_MSC_HOST/lpcusblib/Drivers/USB/Core/HCD/EHCI/EHCI.o
 .text.AllocSItd
                0x1a001b3c      0x308 ./src/FILE_SYSTEM/fatfs/DISK_DRIVER/USB_MSC_HOST/lpcusblib/Drivers/USB/Core/HCD/EHCI/EHCI.o
 .text.QueueSITDs
                0x1a001e44      0x12c ./src/FILE_SYSTEM/fatfs/DISK_DRIVER/USB_MSC_HOST/lpcusblib/Drivers/USB/Core/HCD/EHCI/EHCI.o
 .text.WaitForTransferComplete
                0x1a001f70       0x40 ./src/FILE_SYSTEM/fatfs/DISK_DRIVER/USB_MSC_HOST/lpcusblib/Drivers/USB/Core/HCD/EHCI/EHCI.o
 .text.PipehandleParse
                0x1a001fb0       0x94 ./src/FILE_SYSTEM/fatfs/DISK_DRIVER/USB_MSC_HOST/lpcusblib/Drivers/USB/Core/HCD/EHCI/EHCI.o
 .text.PipehandleCreate
                0x1a002044       0x34 ./src/FILE_SYSTEM/fatfs/DISK_DRIVER/USB_MSC_HOST/lpcusblib/Drivers/USB/Core/HCD/EHCI/EHCI.o
 .text.HcdAsyncHead
                0x1a002078       0x2c ./src/FILE_SYSTEM/fatfs/DISK_DRIVER/USB_MSC_HOST/lpcusblib/Drivers/USB/Core/HCD/EHCI/EHCI.o
 .text.HcdIntHead
                0x1a0020a4       0x2c ./src/FILE_SYSTEM/fatfs/DISK_DRIVER/USB_MSC_HOST/lpcusblib/Drivers/USB/Core/HCD/EHCI/EHCI.o
 .text.HcdQHD   0x1a0020d0       0x34 ./src/FILE_SYSTEM/fatfs/DISK_DRIVER/USB_MSC_HOST/lpcusblib/Drivers/USB/Core/HCD/EHCI/EHCI.o
 .text.HcdQTD   0x1a002104       0x34 ./src/FILE_SYSTEM/fatfs/DISK_DRIVER/USB_MSC_HOST/lpcusblib/Drivers/USB/Core/HCD/EHCI/EHCI.o
 .text.HcdSITD  0x1a002138       0x34 ./src/FILE_SYSTEM/fatfs/DISK_DRIVER/USB_MSC_HOST/lpcusblib/Drivers/USB/Core/HCD/EHCI/EHCI.o
 .text.HcdHsITD
                0x1a00216c       0x3c ./src/FILE_SYSTEM/fatfs/DISK_DRIVER/USB_MSC_HOST/lpcusblib/Drivers/USB/Core/HCD/EHCI/EHCI.o
 .text.isValidLink
                0x1a0021a8       0x24 ./src/FILE_SYSTEM/fatfs/DISK_DRIVER/USB_MSC_HOST/lpcusblib/Drivers/USB/Core/HCD/EHCI/EHCI.o
 .text.IsInterruptQhd
                0x1a0021cc       0x30 ./src/FILE_SYSTEM/fatfs/DISK_DRIVER/USB_MSC_HOST/lpcusblib/Drivers/USB/Core/HCD/EHCI/EHCI.o
 .text.HcdIrqHandler
                0x1a0021fc      0x160 ./src/FILE_SYSTEM/fatfs/DISK_DRIVER/USB_MSC_HOST/lpcusblib/Drivers/USB/Core/HCD/EHCI/EHCI.o
                0x1a0021fc                HcdIrqHandler
 .text.RemoveCompletedQTD
                0x1a00235c      0x15c ./src/FILE_SYSTEM/fatfs/DISK_DRIVER/USB_MSC_HOST/lpcusblib/Drivers/USB/Core/HCD/EHCI/EHCI.o
 .text.RemoveErrorQTD
                0x1a0024b8       0xb4 ./src/FILE_SYSTEM/fatfs/DISK_DRIVER/USB_MSC_HOST/lpcusblib/Drivers/USB/Core/HCD/EHCI/EHCI.o
 .text.AsyncScheduleIsr
                0x1a00256c       0x60 ./src/FILE_SYSTEM/fatfs/DISK_DRIVER/USB_MSC_HOST/lpcusblib/Drivers/USB/Core/HCD/EHCI/EHCI.o
 .text.PeriodScheduleIsr
                0x1a0025cc      0x21c ./src/FILE_SYSTEM/fatfs/DISK_DRIVER/USB_MSC_HOST/lpcusblib/Drivers/USB/Core/HCD/EHCI/EHCI.o
 .text.UsbErrorIsr
                0x1a0027e8       0x5c ./src/FILE_SYSTEM/fatfs/DISK_DRIVER/USB_MSC_HOST/lpcusblib/Drivers/USB/Core/HCD/EHCI/EHCI.o
 .text.PortStatusChangeIsr
                0x1a002844       0x30 ./src/FILE_SYSTEM/fatfs/DISK_DRIVER/USB_MSC_HOST/lpcusblib/Drivers/USB/Core/HCD/EHCI/EHCI.o
 .text.AsyncAdvanceIsr
                0x1a002874       0x64 ./src/FILE_SYSTEM/fatfs/DISK_DRIVER/USB_MSC_HOST/lpcusblib/Drivers/USB/Core/HCD/EHCI/EHCI.o
 .text.EHciHostRun
                0x1a0028d8       0x50 ./src/FILE_SYSTEM/fatfs/DISK_DRIVER/USB_MSC_HOST/lpcusblib/Drivers/USB/Core/HCD/EHCI/EHCI.o
 .text.EHciHostStop
                0x1a002928       0x50 ./src/FILE_SYSTEM/fatfs/DISK_DRIVER/USB_MSC_HOST/lpcusblib/Drivers/USB/Core/HCD/EHCI/EHCI.o
 .text.EHciHostReset
                0x1a002978       0x74 ./src/FILE_SYSTEM/fatfs/DISK_DRIVER/USB_MSC_HOST/lpcusblib/Drivers/USB/Core/HCD/EHCI/EHCI.o
 .text.EHciHostInit
                0x1a0029ec      0x1f4 ./src/FILE_SYSTEM/fatfs/DISK_DRIVER/USB_MSC_HOST/lpcusblib/Drivers/USB/Core/HCD/EHCI/EHCI.o
 .text.DisableSchedule
                0x1a002be0       0x84 ./src/FILE_SYSTEM/fatfs/DISK_DRIVER/USB_MSC_HOST/lpcusblib/Drivers/USB/Core/HCD/EHCI/EHCI.o
 .text.EnableSchedule
                0x1a002c64       0x84 ./src/FILE_SYSTEM/fatfs/DISK_DRIVER/USB_MSC_HOST/lpcusblib/Drivers/USB/Core/HCD/EHCI/EHCI.o
 .text.DisableAsyncSchedule
                0x1a002ce8       0x1c ./src/FILE_SYSTEM/fatfs/DISK_DRIVER/USB_MSC_HOST/lpcusblib/Drivers/USB/Core/HCD/EHCI/EHCI.o
 .text.EnableAsyncSchedule
                0x1a002d04       0x1c ./src/FILE_SYSTEM/fatfs/DISK_DRIVER/USB_MSC_HOST/lpcusblib/Drivers/USB/Core/HCD/EHCI/EHCI.o
 .text.DisablePeriodSchedule
                0x1a002d20       0x1c ./src/FILE_SYSTEM/fatfs/DISK_DRIVER/USB_MSC_HOST/lpcusblib/Drivers/USB/Core/HCD/EHCI/EHCI.o
 .text.EnablePeriodSchedule
                0x1a002d3c       0x1c ./src/FILE_SYSTEM/fatfs/DISK_DRIVER/USB_MSC_HOST/lpcusblib/Drivers/USB/Core/HCD/EHCI/EHCI.o
 .text.HcdSetStreamPacketSize
                0x1a002d58       0x44 ./src/FILE_SYSTEM/fatfs/DISK_DRIVER/USB_MSC_HOST/lpcusblib/Drivers/USB/Core/HCD/EHCI/EHCI.o
                0x1a002d58                HcdSetStreamPacketSize
 .text.HcdDelayUS
                0x1a002d9c       0x28 ./src/FILE_SYSTEM/fatfs/DISK_DRIVER/USB_MSC_HOST/lpcusblib/Drivers/USB/Core/HCD/HCD.o
                0x1a002d9c                HcdDelayUS
 .text.HcdDelayMS
                0x1a002dc4       0x2c ./src/FILE_SYSTEM/fatfs/DISK_DRIVER/USB_MSC_HOST/lpcusblib/Drivers/USB/Core/HCD/HCD.o
                0x1a002dc4                HcdDelayMS
 .text.OpenPipe_VerifyParameters
                0x1a002df0      0x158 ./src/FILE_SYSTEM/fatfs/DISK_DRIVER/USB_MSC_HOST/lpcusblib/Drivers/USB/Core/HCD/HCD.o
                0x1a002df0                OpenPipe_VerifyParameters
 .text.NVIC_EnableIRQ
                0x1a002f48       0x30 ./src/FILE_SYSTEM/fatfs/DISK_DRIVER/USB_MSC_HOST/lpcusblib/Drivers/USB/Core/HAL/LPC18XX/HAL_LPC18xx.o
 .text.Chip_CREG_EnableUSB0Phy
                0x1a002f78       0x1c ./src/FILE_SYSTEM/fatfs/DISK_DRIVER/USB_MSC_HOST/lpcusblib/Drivers/USB/Core/HAL/LPC18XX/HAL_LPC18xx.o
 .text.HAL_USBInit
                0x1a002f94       0xc4 ./src/FILE_SYSTEM/fatfs/DISK_DRIVER/USB_MSC_HOST/lpcusblib/Drivers/USB/Core/HAL/LPC18XX/HAL_LPC18xx.o
                0x1a002f94                HAL_USBInit
 .text.HAL_EnableUSBInterrupt
                0x1a003058       0x24 ./src/FILE_SYSTEM/fatfs/DISK_DRIVER/USB_MSC_HOST/lpcusblib/Drivers/USB/Core/HAL/LPC18XX/HAL_LPC18xx.o
                0x1a003058                HAL_EnableUSBInterrupt
 .text.USB1_IRQHandler
                0x1a00307c       0x20 ./src/FILE_SYSTEM/fatfs/DISK_DRIVER/USB_MSC_HOST/lpcusblib/Drivers/USB/Core/HAL/LPC18XX/HAL_LPC18xx.o
                0x1a00307c                USB1_IRQHandler
 .text.USB_GetNextDescriptor
                0x1a00309c       0x4c ./src/FILE_SYSTEM/fatfs/DISK_DRIVER/USB_MSC_HOST/lpcusblib/Drivers/USB/Core/ConfigDescriptor.o
 .text.USB_Host_GetDeviceConfigDescriptor
                0x1a0030e8       0xd0 ./src/FILE_SYSTEM/fatfs/DISK_DRIVER/USB_MSC_HOST/lpcusblib/Drivers/USB/Core/ConfigDescriptor.o
                0x1a0030e8                USB_Host_GetDeviceConfigDescriptor
 .text.USB_GetNextDescriptorComp
                0x1a0031b8       0x60 ./src/FILE_SYSTEM/fatfs/DISK_DRIVER/USB_MSC_HOST/lpcusblib/Drivers/USB/Core/ConfigDescriptor.o
                0x1a0031b8                USB_GetNextDescriptorComp
 .text.USB_Host_ProcessNextHostState
                0x1a003218      0x300 ./src/FILE_SYSTEM/fatfs/DISK_DRIVER/USB_MSC_HOST/lpcusblib/Drivers/USB/Core/Host.o
                0x1a003218                USB_Host_ProcessNextHostState
 .text.USB_Host_WaitMS
                0x1a003518       0x18 ./src/FILE_SYSTEM/fatfs/DISK_DRIVER/USB_MSC_HOST/lpcusblib/Drivers/USB/Core/Host.o
                0x1a003518                USB_Host_WaitMS
 .text.USB_Host_Enumerate
                0x1a003530       0x24 ./src/FILE_SYSTEM/fatfs/DISK_DRIVER/USB_MSC_HOST/lpcusblib/Drivers/USB/Core/Host.o
                0x1a003530                USB_Host_Enumerate
 .text.USB_Host_DeEnumerate
                0x1a003554       0x64 ./src/FILE_SYSTEM/fatfs/DISK_DRIVER/USB_MSC_HOST/lpcusblib/Drivers/USB/Core/Host.o
                0x1a003554                USB_Host_DeEnumerate
 .text.USB_Host_GetActiveHost
                0x1a0035b8       0x18 ./src/FILE_SYSTEM/fatfs/DISK_DRIVER/USB_MSC_HOST/lpcusblib/Drivers/USB/Core/Host.o
                0x1a0035b8                USB_Host_GetActiveHost
 .text.USB_Host_SetDeviceSpeed
                0x1a0035d0       0x24 ./src/FILE_SYSTEM/fatfs/DISK_DRIVER/USB_MSC_HOST/lpcusblib/Drivers/USB/Core/Host.o
                0x1a0035d0                USB_Host_SetDeviceSpeed
 .text.USB_Host_GetFrameNumber
                0x1a0035f4       0x18 ./src/FILE_SYSTEM/fatfs/DISK_DRIVER/USB_MSC_HOST/lpcusblib/Drivers/USB/Core/Host.o
                0x1a0035f4                USB_Host_GetFrameNumber
 .text.USB_Host_SendControlRequest
                0x1a00360c      0x1a0 ./src/FILE_SYSTEM/fatfs/DISK_DRIVER/USB_MSC_HOST/lpcusblib/Drivers/USB/Core/HostStandardReq.o
                0x1a00360c                USB_Host_SendControlRequest
 .text.USB_Host_SetDeviceConfiguration
                0x1a0037ac       0x88 ./src/FILE_SYSTEM/fatfs/DISK_DRIVER/USB_MSC_HOST/lpcusblib/Drivers/USB/Core/HostStandardReq.o
                0x1a0037ac                USB_Host_SetDeviceConfiguration
 .text.USB_Host_ClearEndpointStall
                0x1a003834       0x60 ./src/FILE_SYSTEM/fatfs/DISK_DRIVER/USB_MSC_HOST/lpcusblib/Drivers/USB/Core/HostStandardReq.o
                0x1a003834                USB_Host_ClearEndpointStall
 .text.Pipe_ConfigurePipe
                0x1a003894      0x134 ./src/FILE_SYSTEM/fatfs/DISK_DRIVER/USB_MSC_HOST/lpcusblib/Drivers/USB/Core/Pipe.o
                0x1a003894                Pipe_ConfigurePipe
 .text.Pipe_ClosePipe
                0x1a0039c8       0x84 ./src/FILE_SYSTEM/fatfs/DISK_DRIVER/USB_MSC_HOST/lpcusblib/Drivers/USB/Core/Pipe.o
                0x1a0039c8                Pipe_ClosePipe
 .text.Pipe_IsEndpointBound
                0x1a003a4c       0x18 ./src/FILE_SYSTEM/fatfs/DISK_DRIVER/USB_MSC_HOST/lpcusblib/Drivers/USB/Core/Pipe.o
                0x1a003a4c                Pipe_IsEndpointBound
 .text.Pipe_WaitUntilReady
                0x1a003a64      0x160 ./src/FILE_SYSTEM/fatfs/DISK_DRIVER/USB_MSC_HOST/lpcusblib/Drivers/USB/Core/Pipe.o
                0x1a003a64                Pipe_WaitUntilReady
 .text.Pipe_IsINReceived
                0x1a003bc4       0xc8 ./src/FILE_SYSTEM/fatfs/DISK_DRIVER/USB_MSC_HOST/lpcusblib/Drivers/USB/Core/Pipe.o
                0x1a003bc4                Pipe_IsINReceived
 .text.Pipe_Write_Stream_LE
                0x1a003c8c       0xf0 ./src/FILE_SYSTEM/fatfs/DISK_DRIVER/USB_MSC_HOST/lpcusblib/Drivers/USB/Core/PipeStream.o
                0x1a003c8c                Pipe_Write_Stream_LE
 .text.Pipe_Read_Stream_LE
                0x1a003d7c      0x2c4 ./src/FILE_SYSTEM/fatfs/DISK_DRIVER/USB_MSC_HOST/lpcusblib/Drivers/USB/Core/PipeStream.o
                0x1a003d7c                Pipe_Read_Stream_LE
 .text.Pipe_Streaming
                0x1a004040       0x74 ./src/FILE_SYSTEM/fatfs/DISK_DRIVER/USB_MSC_HOST/lpcusblib/Drivers/USB/Core/PipeStream.o
                0x1a004040                Pipe_Streaming
 .text.USB_Init
                0x1a0040b4       0x68 ./src/FILE_SYSTEM/fatfs/DISK_DRIVER/USB_MSC_HOST/lpcusblib/Drivers/USB/Core/USBController.o
                0x1a0040b4                USB_Init
 .text.USB_ResetInterface
                0x1a00411c       0x28 ./src/FILE_SYSTEM/fatfs/DISK_DRIVER/USB_MSC_HOST/lpcusblib/Drivers/USB/Core/USBController.o
                0x1a00411c                USB_ResetInterface
 .text.USB_Init_Host
                0x1a004144       0x64 ./src/FILE_SYSTEM/fatfs/DISK_DRIVER/USB_MSC_HOST/lpcusblib/Drivers/USB/Core/USBController.o
 .text.USB_Memory_Init
                0x1a0041a8       0x4c ./src/FILE_SYSTEM/fatfs/DISK_DRIVER/USB_MSC_HOST/lpcusblib/Drivers/USB/Core/USBMemory.o
                0x1a0041a8                USB_Memory_Init
 .text.USB_Memory_Alloc
                0x1a0041f4      0x128 ./src/FILE_SYSTEM/fatfs/DISK_DRIVER/USB_MSC_HOST/lpcusblib/Drivers/USB/Core/USBMemory.o
                0x1a0041f4                USB_Memory_Alloc
 .text.USB_Memory_Free
                0x1a00431c      0x148 ./src/FILE_SYSTEM/fatfs/DISK_DRIVER/USB_MSC_HOST/lpcusblib/Drivers/USB/Core/USBMemory.o
                0x1a00431c                USB_Memory_Free
 .text.USB_USBTask
                0x1a004464       0x1c ./src/FILE_SYSTEM/fatfs/DISK_DRIVER/USB_MSC_HOST/lpcusblib/Drivers/USB/Core/USBTask.o
                0x1a004464                USB_USBTask
 .text.USB_HostTask
                0x1a004480       0x44 ./src/FILE_SYSTEM/fatfs/DISK_DRIVER/USB_MSC_HOST/lpcusblib/Drivers/USB/Core/USBTask.o
 .text.MS_Host_ConfigurePipes
                0x1a0044c4      0x188 ./src/FILE_SYSTEM/fatfs/DISK_DRIVER/USB_MSC_HOST/lpcusblib/Drivers/USB/Class/Host/MassStorageClassHost.o
                0x1a0044c4                MS_Host_ConfigurePipes
 .text.DCOMP_MS_Host_NextMSInterface
                0x1a00464c       0x44 ./src/FILE_SYSTEM/fatfs/DISK_DRIVER/USB_MSC_HOST/lpcusblib/Drivers/USB/Class/Host/MassStorageClassHost.o
 .text.DCOMP_MS_Host_NextMSInterfaceEndpoint
                0x1a004690       0x5c ./src/FILE_SYSTEM/fatfs/DISK_DRIVER/USB_MSC_HOST/lpcusblib/Drivers/USB/Class/Host/MassStorageClassHost.o
 .text.MS_Host_SendCommand
                0x1a0046ec      0x198 ./src/FILE_SYSTEM/fatfs/DISK_DRIVER/USB_MSC_HOST/lpcusblib/Drivers/USB/Class/Host/MassStorageClassHost.o
 .text.MS_Host_WaitForDataReceived
                0x1a004884      0x1c0 ./src/FILE_SYSTEM/fatfs/DISK_DRIVER/USB_MSC_HOST/lpcusblib/Drivers/USB/Class/Host/MassStorageClassHost.o
 .text.MS_Host_SendReceiveData
                0x1a004a44       0xf0 ./src/FILE_SYSTEM/fatfs/DISK_DRIVER/USB_MSC_HOST/lpcusblib/Drivers/USB/Class/Host/MassStorageClassHost.o
 .text.MS_Host_GetReturnedStatus
                0x1a004b34       0xb8 ./src/FILE_SYSTEM/fatfs/DISK_DRIVER/USB_MSC_HOST/lpcusblib/Drivers/USB/Class/Host/MassStorageClassHost.o
 .text.MS_Host_ResetMSInterface
                0x1a004bec       0xfc ./src/FILE_SYSTEM/fatfs/DISK_DRIVER/USB_MSC_HOST/lpcusblib/Drivers/USB/Class/Host/MassStorageClassHost.o
                0x1a004bec                MS_Host_ResetMSInterface
 .text.MS_Host_GetMaxLUN
                0x1a004ce8       0x7c ./src/FILE_SYSTEM/fatfs/DISK_DRIVER/USB_MSC_HOST/lpcusblib/Drivers/USB/Class/Host/MassStorageClassHost.o
                0x1a004ce8                MS_Host_GetMaxLUN
 .text.MS_Host_GetInquiryData
                0x1a004d64       0xc4 ./src/FILE_SYSTEM/fatfs/DISK_DRIVER/USB_MSC_HOST/lpcusblib/Drivers/USB/Class/Host/MassStorageClassHost.o
                0x1a004d64                MS_Host_GetInquiryData
 .text.MS_Host_ReadDeviceCapacity
                0x1a004e28      0x100 ./src/FILE_SYSTEM/fatfs/DISK_DRIVER/USB_MSC_HOST/lpcusblib/Drivers/USB/Class/Host/MassStorageClassHost.o
                0x1a004e28                MS_Host_ReadDeviceCapacity
 .text.MS_Host_RequestSense
                0x1a004f28       0xb4 ./src/FILE_SYSTEM/fatfs/DISK_DRIVER/USB_MSC_HOST/lpcusblib/Drivers/USB/Class/Host/MassStorageClassHost.o
                0x1a004f28                MS_Host_RequestSense
 .text.MS_Host_ReadDeviceBlocks
                0x1a004fdc       0xe0 ./src/FILE_SYSTEM/fatfs/DISK_DRIVER/USB_MSC_HOST/lpcusblib/Drivers/USB/Class/Host/MassStorageClassHost.o
                0x1a004fdc                MS_Host_ReadDeviceBlocks
 .text.MS_Host_WriteDeviceBlocks
                0x1a0050bc       0xdc ./src/FILE_SYSTEM/fatfs/DISK_DRIVER/USB_MSC_HOST/lpcusblib/Drivers/USB/Class/Host/MassStorageClassHost.o
                0x1a0050bc                MS_Host_WriteDeviceBlocks
 .text.InitUSB_MSC_Host
                0x1a005198       0x38 ./src/FILE_SYSTEM/fatfs/DISK_DRIVER/USB_MSC_HOST/MassStorageHost.o
                0x1a005198                InitUSB_MSC_Host
 .text.EVENT_USB_Host_DeviceAttached
                0x1a0051d0       0x20 ./src/FILE_SYSTEM/fatfs/DISK_DRIVER/USB_MSC_HOST/MassStorageHost.o
                0x1a0051d0                EVENT_USB_Host_DeviceAttached
 .text.EVENT_USB_Host_DeviceUnattached
                0x1a0051f0       0x28 ./src/FILE_SYSTEM/fatfs/DISK_DRIVER/USB_MSC_HOST/MassStorageHost.o
                0x1a0051f0                EVENT_USB_Host_DeviceUnattached
 .text.EVENT_USB_Host_DeviceEnumerationComplete
                0x1a005218      0x1a4 ./src/FILE_SYSTEM/fatfs/DISK_DRIVER/USB_MSC_HOST/MassStorageHost.o
                0x1a005218                EVENT_USB_Host_DeviceEnumerationComplete
 .text.EVENT_USB_Host_DeviceEnumerationFailed
                0x1a0053bc       0x40 ./src/FILE_SYSTEM/fatfs/DISK_DRIVER/USB_MSC_HOST/MassStorageHost.o
                0x1a0053bc                EVENT_USB_Host_DeviceEnumerationFailed
 .text.FSUSB_DiskInit
                0x1a0053fc       0x14 ./src/FILE_SYSTEM/fatfs/DISK_DRIVER/USB_MSC_HOST/MassStorageHost.o
                0x1a0053fc                FSUSB_DiskInit
 .text.FSUSB_GetDeviceCapacity
                0x1a005410       0x2c ./src/FILE_SYSTEM/fatfs/DISK_DRIVER/USB_MSC_HOST/MassStorageHost.o
                0x1a005410                FSUSB_GetDeviceCapacity
 .text.FSUSB_DiskGetSectorCnt
                0x1a00543c       0x1c ./src/FILE_SYSTEM/fatfs/DISK_DRIVER/USB_MSC_HOST/MassStorageHost.o
                0x1a00543c                FSUSB_DiskGetSectorCnt
 .text.FSUSB_DiskGetSectorSz
                0x1a005458       0x1c ./src/FILE_SYSTEM/fatfs/DISK_DRIVER/USB_MSC_HOST/MassStorageHost.o
                0x1a005458                FSUSB_DiskGetSectorSz
 .text.FSUSB_DiskReadSectors
                0x1a005474       0x5c ./src/FILE_SYSTEM/fatfs/DISK_DRIVER/USB_MSC_HOST/MassStorageHost.o
                0x1a005474                FSUSB_DiskReadSectors
 .text.FSUSB_DiskWriteSectors
                0x1a0054d0       0x4c ./src/FILE_SYSTEM/fatfs/DISK_DRIVER/USB_MSC_HOST/MassStorageHost.o
                0x1a0054d0                FSUSB_DiskWriteSectors
 .text.FSUSB_DiskReadyWait
                0x1a00551c       0x30 ./src/FILE_SYSTEM/fatfs/DISK_DRIVER/USB_MSC_HOST/MassStorageHost.o
                0x1a00551c                FSUSB_DiskReadyWait
 .text.NVIC_EnableIRQ
                0x1a00554c       0x30 ./src/FILE_SYSTEM/fatfs/DISK_DRIVER/SD/SD.o
 .text.NVIC_DisableIRQ
                0x1a00557c       0x34 ./src/FILE_SYSTEM/fatfs/DISK_DRIVER/SD/SD.o
 .text.NVIC_ClearPendingIRQ
                0x1a0055b0       0x34 ./src/FILE_SYSTEM/fatfs/DISK_DRIVER/SD/SD.o
 .text.NVIC_SetPriority
                0x1a0055e4       0x54 ./src/FILE_SYSTEM/fatfs/DISK_DRIVER/SD/SD.o
 .text.Chip_SDIF_GetIntStatus
                0x1a005638       0x18 ./src/FILE_SYSTEM/fatfs/DISK_DRIVER/SD/SD.o
 .text.Chip_SDIF_ClrIntStatus
                0x1a005650       0x1c ./src/FILE_SYSTEM/fatfs/DISK_DRIVER/SD/SD.o
 .text.Chip_SDIF_SetIntMask
                0x1a00566c       0x1c ./src/FILE_SYSTEM/fatfs/DISK_DRIVER/SD/SD.o
 .text.sdmmc_waitms
                0x1a005688       0x14 ./src/FILE_SYSTEM/fatfs/DISK_DRIVER/SD/SD.o
 .text.sdmmc_setup_wakeup
                0x1a00569c       0x34 ./src/FILE_SYSTEM/fatfs/DISK_DRIVER/SD/SD.o
 .text.sdmmc_irq_driven_wait
                0x1a0056d0       0x88 ./src/FILE_SYSTEM/fatfs/DISK_DRIVER/SD/SD.o
 .text.InitSD   0x1a005758       0x50 ./src/FILE_SYSTEM/fatfs/DISK_DRIVER/SD/SD.o
                0x1a005758                InitSD
 .text.SDIO_IRQHandler
                0x1a0057a8       0x18 ./src/FILE_SYSTEM/fatfs/DISK_DRIVER/SD/SD.o
                0x1a0057a8                SDIO_IRQHandler
 .text.NVIC_EnableIRQ
                0x1a0057c0       0x30 ./src/FILE_SYSTEM/fatfs/DISK_DRIVER/disk_io.o
 .text.NVIC_DisableIRQ
                0x1a0057f0       0x34 ./src/FILE_SYSTEM/fatfs/DISK_DRIVER/disk_io.o
 .text.Chip_SDIF_CardNDetect
                0x1a005824       0x1c ./src/FILE_SYSTEM/fatfs/DISK_DRIVER/disk_io.o
 .text.Chip_RIT_GetCounter
                0x1a005840       0x18 ./src/FILE_SYSTEM/fatfs/DISK_DRIVER/disk_io.o
 .text.FSMCI_CardReadyWait
                0x1a005858       0xac ./src/FILE_SYSTEM/fatfs/DISK_DRIVER/disk_io.o
 .text.FSMCI_CardGetState
                0x1a005904       0x3c ./src/FILE_SYSTEM/fatfs/DISK_DRIVER/disk_io.o
 .text.MSC_Enable
                0x1a005940       0x18 ./src/FILE_SYSTEM/fatfs/DISK_DRIVER/disk_io.o
                0x1a005940                MSC_Enable
 .text.MSC_Disable
                0x1a005958       0x18 ./src/FILE_SYSTEM/fatfs/DISK_DRIVER/disk_io.o
                0x1a005958                MSC_Disable
 .text.disk_ioctl
                0x1a005970      0x208 ./src/FILE_SYSTEM/fatfs/DISK_DRIVER/disk_io.o
                0x1a005970                disk_ioctl
 .text.disk_read
                0x1a005b78       0x94 ./src/FILE_SYSTEM/fatfs/DISK_DRIVER/disk_io.o
                0x1a005b78                disk_read
 .text.disk_status
                0x1a005c0c       0x34 ./src/FILE_SYSTEM/fatfs/DISK_DRIVER/disk_io.o
                0x1a005c0c                disk_status
 .text.disk_write
                0x1a005c40       0x94 ./src/FILE_SYSTEM/fatfs/DISK_DRIVER/disk_io.o
                0x1a005c40                disk_write
 .text.InitFileSystem
                0x1a005cd4       0x28 ./src/FILE_SYSTEM/fatfs/DISK_DRIVER/disk_io.o
                0x1a005cd4                InitFileSystem
 .text.ProcessFileSystem
                0x1a005cfc      0x3dc ./src/FILE_SYSTEM/fatfs/DISK_DRIVER/disk_io.o
                0x1a005cfc                ProcessFileSystem
 .text.NVIC_EnableIRQ
                0x1a0060d8       0x30 ./src/FILE_SYSTEM/USB_MSC_ROM/msc_main.o
 .text.NVIC_SetPriority
                0x1a006108       0x54 ./src/FILE_SYSTEM/USB_MSC_ROM/msc_main.o
 .text.EP0_patch
                0x1a00615c       0x54 ./src/FILE_SYSTEM/USB_MSC_ROM/msc_main.o
                0x1a00615c                EP0_patch
 .text.USB0_IRQHandler
                0x1a0061b0       0x54 ./src/FILE_SYSTEM/USB_MSC_ROM/msc_main.o
                0x1a0061b0                USB0_IRQHandler
 .text.find_IntfDesc
                0x1a006204       0x5c ./src/FILE_SYSTEM/USB_MSC_ROM/msc_main.o
                0x1a006204                find_IntfDesc
 .text.InitUSB_ROM_MSC
                0x1a006260       0xf4 ./src/FILE_SYSTEM/USB_MSC_ROM/msc_main.o
                0x1a006260                InitUSB_ROM_MSC
 .text.translate_rd
                0x1a006354       0x84 ./src/FILE_SYSTEM/USB_MSC_ROM/msc_sd.o
 .text.translate_wr
                0x1a0063d8       0xfc ./src/FILE_SYSTEM/USB_MSC_ROM/msc_sd.o
 .text.translate_verify
                0x1a0064d4       0x1c ./src/FILE_SYSTEM/USB_MSC_ROM/msc_sd.o
 .text.mscDisk_init
                0x1a0064f0       0xcc ./src/FILE_SYSTEM/USB_MSC_ROM/msc_sd.o
                0x1a0064f0                mscDisk_init
 .text.Chip_SCU_PinMuxSet
                0x1a0065bc       0x30 ./src/MonkeyBoot.o
 .text.main     0x1a0065ec       0x50 ./src/MonkeyBoot.o
                0x1a0065ec                main
 .text.NVIC_SetPriority
                0x1a00663c       0x54 ./src/System.o
 .text.SysTick_Config
                0x1a006690       0x44 ./src/System.o
 .text.SysTick_Handler
                0x1a0066d4       0x6c ./src/System.o
                0x1a0066d4                SysTick_Handler
 .text.InitSystemTimer
                0x1a006740       0x2c ./src/System.o
                0x1a006740                InitSystemTimer
 .text.Delay_mS
                0x1a00676c       0x28 ./src/System.o
                0x1a00676c                Delay_mS
 .text.EmitMsg  0x1a006794       0x30 ./src/System.o
                0x1a006794                EmitMsg
 .text.ResetISR
                0x1a0067c4       0xc4 ./src/cr_startup_lpc43xx.o
                0x1a0067c4                ResetISR
 .text.SystemInit
                0x1a006888       0x28 ./src/sysinit.o
                0x1a006888                SystemInit
 .text.Board_LED_Init
                0x1a0068b0       0x3c C:\Users\emh203\Dropbox\MonkeyBoot\SRC\lpc_board_keil_mcb_4357\Debug\liblpc_board_keil_mcb_4357.a(board.o)
 .text.Board_UART_Init
                0x1a0068ec       0x38 C:\Users\emh203\Dropbox\MonkeyBoot\SRC\lpc_board_keil_mcb_4357\Debug\liblpc_board_keil_mcb_4357.a(board.o)
                0x1a0068ec                Board_UART_Init
 .text.Board_Debug_Init
                0x1a006924       0x28 C:\Users\emh203\Dropbox\MonkeyBoot\SRC\lpc_board_keil_mcb_4357\Debug\liblpc_board_keil_mcb_4357.a(board.o)
                0x1a006924                Board_Debug_Init
 .text.Board_UARTPutChar
                0x1a00694c       0x14 C:\Users\emh203\Dropbox\MonkeyBoot\SRC\lpc_board_keil_mcb_4357\Debug\liblpc_board_keil_mcb_4357.a(board.o)
                0x1a00694c                Board_UARTPutChar
 .text.__sys_write
                0x1a006960       0x1c C:\Users\emh203\Dropbox\MonkeyBoot\SRC\lpc_board_keil_mcb_4357\Debug\liblpc_board_keil_mcb_4357.a(board.o)
                0x1a006960                __sys_write
 .text.Board_Init
                0x1a00697c       0x40 C:\Users\emh203\Dropbox\MonkeyBoot\SRC\lpc_board_keil_mcb_4357\Debug\liblpc_board_keil_mcb_4357.a(board.o)
                0x1a00697c                Board_Init
 .text.Board_SDMMC_Init
                0x1a0069bc       0x2c C:\Users\emh203\Dropbox\MonkeyBoot\SRC\lpc_board_keil_mcb_4357\Debug\liblpc_board_keil_mcb_4357.a(board.o)
                0x1a0069bc                Board_SDMMC_Init
 .text.Board_SetupMuxing
                0x1a0069e8       0x78 C:\Users\emh203\Dropbox\MonkeyBoot\SRC\lpc_board_keil_mcb_4357\Debug\liblpc_board_keil_mcb_4357.a(board_sysinit.o)
                0x1a0069e8                Board_SetupMuxing
 .text.Board_SetupExtMemory
                0x1a006a60       0x68 C:\Users\emh203\Dropbox\MonkeyBoot\SRC\lpc_board_keil_mcb_4357\Debug\liblpc_board_keil_mcb_4357.a(board_sysinit.o)
                0x1a006a60                Board_SetupExtMemory
 .text.Board_SetupClocking
                0x1a006ac8       0x8c C:\Users\emh203\Dropbox\MonkeyBoot\SRC\lpc_board_keil_mcb_4357\Debug\liblpc_board_keil_mcb_4357.a(board_sysinit.o)
                0x1a006ac8                Board_SetupClocking
 .text.Board_SystemInit
                0x1a006b54       0x10 C:\Users\emh203\Dropbox\MonkeyBoot\SRC\lpc_board_keil_mcb_4357\Debug\liblpc_board_keil_mcb_4357.a(board_sysinit.o)
                0x1a006b54                Board_SystemInit
 .text.Chip_USB_PllSetup
                0x1a006b64       0x38 C:\Users\emh203\Dropbox\MonkeyBoot\SRC\lpc_chip_43xx\Debug\liblpc_chip_43xx.a(chip_18xx_43xx.o)
 .text.Chip_USB0_Init
                0x1a006b9c       0x34 C:\Users\emh203\Dropbox\MonkeyBoot\SRC\lpc_chip_43xx\Debug\liblpc_chip_43xx.a(chip_18xx_43xx.o)
                0x1a006b9c                Chip_USB0_Init
 .text.Chip_USB1_Init
                0x1a006bd0       0x48 C:\Users\emh203\Dropbox\MonkeyBoot\SRC\lpc_chip_43xx\Debug\liblpc_chip_43xx.a(chip_18xx_43xx.o)
                0x1a006bd0                Chip_USB1_Init
 .text.SystemCoreClockUpdate
                0x1a006c18       0x14 C:\Users\emh203\Dropbox\MonkeyBoot\SRC\lpc_chip_43xx\Debug\liblpc_chip_43xx.a(chip_18xx_43xx.o)
                0x1a006c18                SystemCoreClockUpdate
 .text.Chip_Clock_FindBaseClock
                0x1a006c2c       0x48 C:\Users\emh203\Dropbox\MonkeyBoot\SRC\lpc_chip_43xx\Debug\liblpc_chip_43xx.a(clock_18xx_43xx.o)
 .text.Chip_Clock_EnableCrystal
                0x1a006c74       0x48 C:\Users\emh203\Dropbox\MonkeyBoot\SRC\lpc_chip_43xx\Debug\liblpc_chip_43xx.a(clock_18xx_43xx.o)
                0x1a006c74                Chip_Clock_EnableCrystal
 .text.Chip_Clock_MainPLLLocked
                0x1a006cbc       0x10 C:\Users\emh203\Dropbox\MonkeyBoot\SRC\lpc_chip_43xx\Debug\liblpc_chip_43xx.a(clock_18xx_43xx.o)
                0x1a006cbc                Chip_Clock_MainPLLLocked
 .text.Chip_Clock_SetDivider
                0x1a006ccc       0x54 C:\Users\emh203\Dropbox\MonkeyBoot\SRC\lpc_chip_43xx\Debug\liblpc_chip_43xx.a(clock_18xx_43xx.o)
                0x1a006ccc                Chip_Clock_SetDivider
 .text.Chip_Clock_GetDividerSource
                0x1a006d20       0x1c C:\Users\emh203\Dropbox\MonkeyBoot\SRC\lpc_chip_43xx\Debug\liblpc_chip_43xx.a(clock_18xx_43xx.o)
                0x1a006d20                Chip_Clock_GetDividerSource
 .text.Chip_Clock_GetDividerDivisor
                0x1a006d3c       0x1c C:\Users\emh203\Dropbox\MonkeyBoot\SRC\lpc_chip_43xx\Debug\liblpc_chip_43xx.a(clock_18xx_43xx.o)
                0x1a006d3c                Chip_Clock_GetDividerDivisor
 .text.Chip_Clock_GetClockInputHz
                0x1a006d58       0xb8 C:\Users\emh203\Dropbox\MonkeyBoot\SRC\lpc_chip_43xx\Debug\liblpc_chip_43xx.a(clock_18xx_43xx.o)
                0x1a006d58                Chip_Clock_GetClockInputHz
 .text.Chip_Clock_GetMainPLLHz
                0x1a006e10       0x68 C:\Users\emh203\Dropbox\MonkeyBoot\SRC\lpc_chip_43xx\Debug\liblpc_chip_43xx.a(clock_18xx_43xx.o)
                0x1a006e10                Chip_Clock_GetMainPLLHz
 .text.Chip_Clock_GetDivRate
                0x1a006e78       0x24 C:\Users\emh203\Dropbox\MonkeyBoot\SRC\lpc_chip_43xx\Debug\liblpc_chip_43xx.a(clock_18xx_43xx.o)
 .text.Chip_Clock_SetBaseClock
                0x1a006e9c       0x44 C:\Users\emh203\Dropbox\MonkeyBoot\SRC\lpc_chip_43xx\Debug\liblpc_chip_43xx.a(clock_18xx_43xx.o)
                0x1a006e9c                Chip_Clock_SetBaseClock
 .text.Chip_Clock_SetupMainPLL_mch
                0x1a006ee0       0xac C:\Users\emh203\Dropbox\MonkeyBoot\SRC\lpc_chip_43xx\Debug\liblpc_chip_43xx.a(clock_18xx_43xx.o)
                0x1a006ee0                Chip_Clock_SetupMainPLL_mch
 .text.Chip_Clock_EnableBaseClock
                0x1a006f8c       0x18 C:\Users\emh203\Dropbox\MonkeyBoot\SRC\lpc_chip_43xx\Debug\liblpc_chip_43xx.a(clock_18xx_43xx.o)
                0x1a006f8c                Chip_Clock_EnableBaseClock
 .text.Chip_Clock_GetBaseClock
                0x1a006fa4       0x24 C:\Users\emh203\Dropbox\MonkeyBoot\SRC\lpc_chip_43xx\Debug\liblpc_chip_43xx.a(clock_18xx_43xx.o)
                0x1a006fa4                Chip_Clock_GetBaseClock
 .text.Chip_Clock_GetBaseClocktHz
                0x1a006fc8        0xc C:\Users\emh203\Dropbox\MonkeyBoot\SRC\lpc_chip_43xx\Debug\liblpc_chip_43xx.a(clock_18xx_43xx.o)
                0x1a006fc8                Chip_Clock_GetBaseClocktHz
 .text.Chip_Clock_EnableOpts
                0x1a006fd4       0x3c C:\Users\emh203\Dropbox\MonkeyBoot\SRC\lpc_chip_43xx\Debug\liblpc_chip_43xx.a(clock_18xx_43xx.o)
                0x1a006fd4                Chip_Clock_EnableOpts
 .text.Chip_Clock_Enable
                0x1a007010       0x34 C:\Users\emh203\Dropbox\MonkeyBoot\SRC\lpc_chip_43xx\Debug\liblpc_chip_43xx.a(clock_18xx_43xx.o)
                0x1a007010                Chip_Clock_Enable
 .text.Chip_Clock_GetRate
                0x1a007044       0x4c C:\Users\emh203\Dropbox\MonkeyBoot\SRC\lpc_chip_43xx\Debug\liblpc_chip_43xx.a(clock_18xx_43xx.o)
                0x1a007044                Chip_Clock_GetRate
 .text.Chip_Clock_GetEMCRate
                0x1a007090       0x30 C:\Users\emh203\Dropbox\MonkeyBoot\SRC\lpc_chip_43xx\Debug\liblpc_chip_43xx.a(clock_18xx_43xx.o)
                0x1a007090                Chip_Clock_GetEMCRate
 .text.Chip_Clock_SetupPLL
                0x1a0070c0       0x40 C:\Users\emh203\Dropbox\MonkeyBoot\SRC\lpc_chip_43xx\Debug\liblpc_chip_43xx.a(clock_18xx_43xx.o)
                0x1a0070c0                Chip_Clock_SetupPLL
 .text.Chip_Clock_EnablePLL
                0x1a007100       0x14 C:\Users\emh203\Dropbox\MonkeyBoot\SRC\lpc_chip_43xx\Debug\liblpc_chip_43xx.a(clock_18xx_43xx.o)
                0x1a007100                Chip_Clock_EnablePLL
 .text.Chip_Clock_GetPLLStatus
                0x1a007114        0xc C:\Users\emh203\Dropbox\MonkeyBoot\SRC\lpc_chip_43xx\Debug\liblpc_chip_43xx.a(clock_18xx_43xx.o)
                0x1a007114                Chip_Clock_GetPLLStatus
 .text.convertTimmingParam
                0x1a007120       0x3c C:\Users\emh203\Dropbox\MonkeyBoot\SRC\lpc_chip_43xx\Debug\liblpc_chip_43xx.a(emc_18xx_43xx.o)
 .text.getColsLen
                0x1a00715c       0x28 C:\Users\emh203\Dropbox\MonkeyBoot\SRC\lpc_chip_43xx\Debug\liblpc_chip_43xx.a(emc_18xx_43xx.o)
 .text.initDynMem
                0x1a007184      0x1a8 C:\Users\emh203\Dropbox\MonkeyBoot\SRC\lpc_chip_43xx\Debug\liblpc_chip_43xx.a(emc_18xx_43xx.o)
                0x1a007184                initDynMem
 .text.initStaticMem
                0x1a00732c       0x68 C:\Users\emh203\Dropbox\MonkeyBoot\SRC\lpc_chip_43xx\Debug\liblpc_chip_43xx.a(emc_18xx_43xx.o)
                0x1a00732c                initStaticMem
 .text.Chip_EMC_Dynamic_Init
                0x1a007394       0x18 C:\Users\emh203\Dropbox\MonkeyBoot\SRC\lpc_chip_43xx\Debug\liblpc_chip_43xx.a(emc_18xx_43xx.o)
                0x1a007394                Chip_EMC_Dynamic_Init
 .text.Chip_EMC_Static_Init
                0x1a0073ac       0x18 C:\Users\emh203\Dropbox\MonkeyBoot\SRC\lpc_chip_43xx\Debug\liblpc_chip_43xx.a(emc_18xx_43xx.o)
                0x1a0073ac                Chip_EMC_Static_Init
 .text.Chip_EMC_Init
                0x1a0073c4       0x24 C:\Users\emh203\Dropbox\MonkeyBoot\SRC\lpc_chip_43xx\Debug\liblpc_chip_43xx.a(emc_18xx_43xx.o)
                0x1a0073c4                Chip_EMC_Init
 .text.fpuInit  0x1a0073e8       0x58 C:\Users\emh203\Dropbox\MonkeyBoot\SRC\lpc_chip_43xx\Debug\liblpc_chip_43xx.a(fpu_init.o)
                0x1a0073e8                fpuInit
 .text.Chip_GPIO_Init
                0x1a007440        0x4 C:\Users\emh203\Dropbox\MonkeyBoot\SRC\lpc_chip_43xx\Debug\liblpc_chip_43xx.a(gpio_18xx_43xx.o)
                0x1a007440                Chip_GPIO_Init
 .text.Chip_GPIO_SetDir
                0x1a007444       0x24 C:\Users\emh203\Dropbox\MonkeyBoot\SRC\lpc_chip_43xx\Debug\liblpc_chip_43xx.a(gpio_18xx_43xx.o)
                0x1a007444                Chip_GPIO_SetDir
 .text.Chip_SDIF_Init
                0x1a007468       0x4c C:\Users\emh203\Dropbox\MonkeyBoot\SRC\lpc_chip_43xx\Debug\liblpc_chip_43xx.a(sdif_18xx_43xx.o)
                0x1a007468                Chip_SDIF_Init
 .text.Chip_SDIF_SendCmd
                0x1a0074b4       0x4c C:\Users\emh203\Dropbox\MonkeyBoot\SRC\lpc_chip_43xx\Debug\liblpc_chip_43xx.a(sdif_18xx_43xx.o)
                0x1a0074b4                Chip_SDIF_SendCmd
 .text.Chip_SDIF_GetResponse
                0x1a007500       0x14 C:\Users\emh203\Dropbox\MonkeyBoot\SRC\lpc_chip_43xx\Debug\liblpc_chip_43xx.a(sdif_18xx_43xx.o)
                0x1a007500                Chip_SDIF_GetResponse
 .text.Chip_SDIF_SetClock
                0x1a007514       0x48 C:\Users\emh203\Dropbox\MonkeyBoot\SRC\lpc_chip_43xx\Debug\liblpc_chip_43xx.a(sdif_18xx_43xx.o)
                0x1a007514                Chip_SDIF_SetClock
 .text.Chip_SDIF_SetClearIntFifo
                0x1a00755c       0x18 C:\Users\emh203\Dropbox\MonkeyBoot\SRC\lpc_chip_43xx\Debug\liblpc_chip_43xx.a(sdif_18xx_43xx.o)
                0x1a00755c                Chip_SDIF_SetClearIntFifo
 .text.Chip_SDIF_DmaSetup
                0x1a007574       0x7c C:\Users\emh203\Dropbox\MonkeyBoot\SRC\lpc_chip_43xx\Debug\liblpc_chip_43xx.a(sdif_18xx_43xx.o)
                0x1a007574                Chip_SDIF_DmaSetup
 .text.prv_card_acquired
                0x1a0075f0       0x14 C:\Users\emh203\Dropbox\MonkeyBoot\SRC\lpc_chip_43xx\Debug\liblpc_chip_43xx.a(sdmmc_18xx_43xx.o)
 .text.prv_get_bits
                0x1a007604       0x40 C:\Users\emh203\Dropbox\MonkeyBoot\SRC\lpc_chip_43xx\Debug\liblpc_chip_43xx.a(sdmmc_18xx_43xx.o)
 .text.sdmmc_execute_command
                0x1a007644      0x1a0 C:\Users\emh203\Dropbox\MonkeyBoot\SRC\lpc_chip_43xx\Debug\liblpc_chip_43xx.a(sdmmc_18xx_43xx.o)
 .text.prv_set_trans_state
                0x1a0077e4       0x68 C:\Users\emh203\Dropbox\MonkeyBoot\SRC\lpc_chip_43xx\Debug\liblpc_chip_43xx.a(sdmmc_18xx_43xx.o)
 .text.prv_set_card_params
                0x1a00784c       0x50 C:\Users\emh203\Dropbox\MonkeyBoot\SRC\lpc_chip_43xx\Debug\liblpc_chip_43xx.a(sdmmc_18xx_43xx.o)
 .text.prv_process_csd
                0x1a00789c      0x11c C:\Users\emh203\Dropbox\MonkeyBoot\SRC\lpc_chip_43xx\Debug\liblpc_chip_43xx.a(sdmmc_18xx_43xx.o)
 .text.Chip_SDMMC_GetState
                0x1a0079b8       0x38 C:\Users\emh203\Dropbox\MonkeyBoot\SRC\lpc_chip_43xx\Debug\liblpc_chip_43xx.a(sdmmc_18xx_43xx.o)
                0x1a0079b8                Chip_SDMMC_GetState
 .text.Chip_SDMMC_Acquire
                0x1a0079f0      0x278 C:\Users\emh203\Dropbox\MonkeyBoot\SRC\lpc_chip_43xx\Debug\liblpc_chip_43xx.a(sdmmc_18xx_43xx.o)
                0x1a0079f0                Chip_SDMMC_Acquire
 .text.Chip_SDMMC_ReadBlocks
                0x1a007c68       0x94 C:\Users\emh203\Dropbox\MonkeyBoot\SRC\lpc_chip_43xx\Debug\liblpc_chip_43xx.a(sdmmc_18xx_43xx.o)
                0x1a007c68                Chip_SDMMC_ReadBlocks
 .text.Chip_SDMMC_WriteBlocks
                0x1a007cfc       0xa0 C:\Users\emh203\Dropbox\MonkeyBoot\SRC\lpc_chip_43xx\Debug\liblpc_chip_43xx.a(sdmmc_18xx_43xx.o)
                0x1a007cfc                Chip_SDMMC_WriteBlocks
 .text.Chip_SetupCoreClock
                0x1a007d9c       0x4c C:\Users\emh203\Dropbox\MonkeyBoot\SRC\lpc_chip_43xx\Debug\liblpc_chip_43xx.a(sysinit_18xx_43xx.o)
                0x1a007d9c                Chip_SetupCoreClock
 .text.Chip_UART_GetClockIndex
                0x1a007de8       0x2c C:\Users\emh203\Dropbox\MonkeyBoot\SRC\lpc_chip_43xx\Debug\liblpc_chip_43xx.a(uart_18xx_43xx.o)
 .text.Chip_UART_Init
                0x1a007e14       0x40 C:\Users\emh203\Dropbox\MonkeyBoot\SRC\lpc_chip_43xx\Debug\liblpc_chip_43xx.a(uart_18xx_43xx.o)
                0x1a007e14                Chip_UART_Init
 .text.Chip_UART_SetBaud
                0x1a007e54       0x34 C:\Users\emh203\Dropbox\MonkeyBoot\SRC\lpc_chip_43xx\Debug\liblpc_chip_43xx.a(uart_18xx_43xx.o)
                0x1a007e54                Chip_UART_SetBaud
 .text.__main   0x1a007e88       0x14 c:/nxp/lpcxpresso_7.4.0_229/lpcxpresso/tools/bin/../lib/gcc/arm-none-eabi/4.8.4/../../../../arm-none-eabi/lib/armv7e-m/softfp\libcr_semihost.a(_cr__main.o)
                0x1a007e88                __CR_SEMIHOST
                0x1a007e88                __main
 .text.memcpy   0x1a007e9c        0x4 c:/nxp/lpcxpresso_7.4.0_229/lpcxpresso/tools/bin/../lib/gcc/arm-none-eabi/4.8.4/../../../../arm-none-eabi/lib/armv7e-m/softfp\libcr_c.a(memcpy.o)
                0x1a007e9c                memcpy
 .text.memset   0x1a007ea0        0x4 c:/nxp/lpcxpresso_7.4.0_229/lpcxpresso/tools/bin/../lib/gcc/arm-none-eabi/4.8.4/../../../../arm-none-eabi/lib/armv7e-m/softfp\libcr_c.a(memset.o)
                0x1a007ea0                memset
 .text.fp_round
                0x1a007ea4       0x50 c:/nxp/lpcxpresso_7.4.0_229/lpcxpresso/tools/bin/../lib/gcc/arm-none-eabi/4.8.4/../../../../arm-none-eabi/lib/armv7e-m/softfp\libcr_c.a(fpprintf.o)
 .text.pr_dec.constprop.1
                0x1a007ef4       0x26 c:/nxp/lpcxpresso_7.4.0_229/lpcxpresso/tools/bin/../lib/gcc/arm-none-eabi/4.8.4/../../../../arm-none-eabi/lib/armv7e-m/softfp\libcr_c.a(fpprintf.o)
 *fill*         0x1a007f1a        0x2 
 .text.sprintf  0x1a007f1c       0x6c c:/nxp/lpcxpresso_7.4.0_229/lpcxpresso/tools/bin/../lib/gcc/arm-none-eabi/4.8.4/../../../../arm-none-eabi/lib/armv7e-m/softfp\libcr_c.a(fpprintf.o)
                0x1a007f1c                sprintf
 .text.fp_display
                0x1a007f88      0x988 c:/nxp/lpcxpresso_7.4.0_229/lpcxpresso/tools/bin/../lib/gcc/arm-none-eabi/4.8.4/../../../../arm-none-eabi/lib/armv7e-m/softfp\libcr_c.a(fpprintf.o)
 .text.vsprintf
                0x1a008910       0x5c c:/nxp/lpcxpresso_7.4.0_229/lpcxpresso/tools/bin/../lib/gcc/arm-none-eabi/4.8.4/../../../../arm-none-eabi/lib/armv7e-m/softfp\libcr_c.a(fpprintf.o)
                0x1a008910                vsprintf
 .text.vsnprintf
                0x1a00896c       0x5c c:/nxp/lpcxpresso_7.4.0_229/lpcxpresso/tools/bin/../lib/gcc/arm-none-eabi/4.8.4/../../../../arm-none-eabi/lib/armv7e-m/softfp\libcr_c.a(fpprintf.o)
                0x1a00896c                vsnprintf
 .text.printf   0x1a0089c8       0x54 c:/nxp/lpcxpresso_7.4.0_229/lpcxpresso/tools/bin/../lib/gcc/arm-none-eabi/4.8.4/../../../../arm-none-eabi/lib/armv7e-m/softfp\libcr_c.a(fpprintf.o)
                0x1a0089c8                printf
 .text._initio  0x1a008a1c       0xa4 c:/nxp/lpcxpresso_7.4.0_229/lpcxpresso/tools/bin/../lib/gcc/arm-none-eabi/4.8.4/../../../../arm-none-eabi/lib/armv7e-m/softfp\libcr_c.a(initio.o)
                0x1a008a1c                _initio
 .text.__vfprintf
                0x1a008ac0      0xca0 c:/nxp/lpcxpresso_7.4.0_229/lpcxpresso/tools/bin/../lib/gcc/arm-none-eabi/4.8.4/../../../../arm-none-eabi/lib/armv7e-m/softfp\libcr_c.a(printf.o)
                0x1a008ac0                __vfprintf
 .text.setvbuf  0x1a009760       0x40 c:/nxp/lpcxpresso_7.4.0_229/lpcxpresso/tools/bin/../lib/gcc/arm-none-eabi/4.8.4/../../../../arm-none-eabi/lib/armv7e-m/softfp\libcr_c.a(setvbuf.o)
                0x1a009760                setvbuf
 .text.strlen   0x1a0097a0       0x4a c:/nxp/lpcxpresso_7.4.0_229/lpcxpresso/tools/bin/../lib/gcc/arm-none-eabi/4.8.4/../../../../arm-none-eabi/lib/armv7e-m/softfp\libcr_c.a(strlen.o)
                0x1a0097a0                strlen
 .text._deferredlazyseek
                0x1a0097ea       0x44 c:/nxp/lpcxpresso_7.4.0_229/lpcxpresso/tools/bin/../lib/gcc/arm-none-eabi/4.8.4/../../../../arm-none-eabi/lib/armv7e-m/softfp\libcr_c.a(_deferredlazyseek.o)
                0x1a0097ea                _deferredlazyseek
 .text.__flsbuf
                0x1a00982e      0x142 c:/nxp/lpcxpresso_7.4.0_229/lpcxpresso/tools/bin/../lib/gcc/arm-none-eabi/4.8.4/../../../../arm-none-eabi/lib/armv7e-m/softfp\libcr_c.a(_deferredlazyseek.o)
                0x1a00982e                __flsbuf
 .text._fdopen  0x1a009970       0x6a c:/nxp/lpcxpresso_7.4.0_229/lpcxpresso/tools/bin/../lib/gcc/arm-none-eabi/4.8.4/../../../../arm-none-eabi/lib/armv7e-m/softfp\libcr_c.a(_fdopen.o)
                0x1a009970                _fdopen
 .text._fflush  0x1a0099da       0x58 c:/nxp/lpcxpresso_7.4.0_229/lpcxpresso/tools/bin/../lib/gcc/arm-none-eabi/4.8.4/../../../../arm-none-eabi/lib/armv7e-m/softfp\libcr_c.a(_fflush.o)
                0x1a0099da                _fflush
 .text._frexpl  0x1a009a32       0x5c c:/nxp/lpcxpresso_7.4.0_229/lpcxpresso/tools/bin/../lib/gcc/arm-none-eabi/4.8.4/../../../../arm-none-eabi/lib/armv7e-m/softfp\libcr_c.a(_frexpl.o)
                0x1a009a32                _frexpl
 *fill*         0x1a009a8e        0x2 
 .text._ldexpl  0x1a009a90       0x4c c:/nxp/lpcxpresso_7.4.0_229/lpcxpresso/tools/bin/../lib/gcc/arm-none-eabi/4.8.4/../../../../arm-none-eabi/lib/armv7e-m/softfp\libcr_c.a(_ldexpl.o)
                0x1a009a90                _ldexpl
 .text._Cwritebuf
                0x1a009adc       0x70 c:/nxp/lpcxpresso_7.4.0_229/lpcxpresso/tools/bin/../lib/gcc/arm-none-eabi/4.8.4/../../../../arm-none-eabi/lib/armv7e-m/softfp\libcr_c.a(_writebuf.o)
                0x1a009adc                _Cwritebuf
 .text.malloc   0x1a009b4c       0xc4 c:/nxp/lpcxpresso_7.4.0_229/lpcxpresso/tools/bin/../lib/gcc/arm-none-eabi/4.8.4/../../../../arm-none-eabi/lib/armv7e-m/softfp\libcr_c.a(alloc.o)
                0x1a009b4c                malloc
 .text.free     0x1a009c10        0xc c:/nxp/lpcxpresso_7.4.0_229/lpcxpresso/tools/bin/../lib/gcc/arm-none-eabi/4.8.4/../../../../arm-none-eabi/lib/armv7e-m/softfp\libcr_c.a(alloc.o)
                0x1a009c10                free
 .text._Csys_alloc
                0x1a009c1c       0x20 c:/nxp/lpcxpresso_7.4.0_229/lpcxpresso/tools/bin/../lib/gcc/arm-none-eabi/4.8.4/../../../../arm-none-eabi/lib/armv7e-m/softfp\libcr_c.a(alloc.o)
                0x1a009c1c                _Csys_alloc
 .text.fclose   0x1a009c3c       0x6c c:/nxp/lpcxpresso_7.4.0_229/lpcxpresso/tools/bin/../lib/gcc/arm-none-eabi/4.8.4/../../../../arm-none-eabi/lib/armv7e-m/softfp\libcr_c.a(fclose.o)
                0x1a009c3c                fclose
 .text.fflush   0x1a009ca8       0x30 c:/nxp/lpcxpresso_7.4.0_229/lpcxpresso/tools/bin/../lib/gcc/arm-none-eabi/4.8.4/../../../../arm-none-eabi/lib/armv7e-m/softfp\libcr_c.a(fflush.o)
                0x1a009ca8                fflush
 .text.fseek    0x1a009cd8      0x10c c:/nxp/lpcxpresso_7.4.0_229/lpcxpresso/tools/bin/../lib/gcc/arm-none-eabi/4.8.4/../../../../arm-none-eabi/lib/armv7e-m/softfp\libcr_c.a(fseek.o)
                0x1a009cd8                fseek
 .text.ftell    0x1a009de4       0x4c c:/nxp/lpcxpresso_7.4.0_229/lpcxpresso/tools/bin/../lib/gcc/arm-none-eabi/4.8.4/../../../../arm-none-eabi/lib/armv7e-m/softfp\libcr_c.a(ftell.o)
                0x1a009de4                ftell
 .text.remove   0x1a009e30       0x14 c:/nxp/lpcxpresso_7.4.0_229/lpcxpresso/tools/bin/../lib/gcc/arm-none-eabi/4.8.4/../../../../arm-none-eabi/lib/armv7e-m/softfp\libcr_c.a(remove.o)
                0x1a009e30                remove
 .text._sbrk    0x1a009e44       0x40 c:/nxp/lpcxpresso_7.4.0_229/lpcxpresso/tools/bin/../lib/gcc/arm-none-eabi/4.8.4/../../../../arm-none-eabi/lib/armv7e-m/softfp\libcr_c.a(_cr_sbrk.o)
                0x1a009e44                _sbrk
 .text._do_fflush
                0x1a009e84       0x44 c:/nxp/lpcxpresso_7.4.0_229/lpcxpresso/tools/bin/../lib/gcc/arm-none-eabi/4.8.4/../../../../arm-none-eabi/lib/armv7e-m/softfp\libcr_c.a(_do_fflush.o)
                0x1a009e84                _do_fflush
 .text.__check_heap_overflow
                0x1a009ec8       0x18 c:/nxp/lpcxpresso_7.4.0_229/lpcxpresso/tools/bin/../lib/gcc/arm-none-eabi/4.8.4/../../../../arm-none-eabi/lib/armv7e-m/softfp\libcr_c.a(_cr_check_heap.o)
                0x1a009ec8                __check_heap_overflow
 .text.__aeabi_dmul
                0x1a009ee0      0x110 c:/nxp/lpcxpresso_7.4.0_229/lpcxpresso/tools/bin/../lib/gcc/arm-none-eabi/4.8.4/armv7e-m/softfp\libcr_eabihelpers.a(double.o)
                0x1a009ee0                __aeabi_dmul
 .text.__aeabi_ddiv
                0x1a009ff0      0x138 c:/nxp/lpcxpresso_7.4.0_229/lpcxpresso/tools/bin/../lib/gcc/arm-none-eabi/4.8.4/armv7e-m/softfp\libcr_eabihelpers.a(double.o)
                0x1a009ff0                __aeabi_ddiv
 .text.__aeabi_dsub
                0x1a00a128      0x1fc c:/nxp/lpcxpresso_7.4.0_229/lpcxpresso/tools/bin/../lib/gcc/arm-none-eabi/4.8.4/armv7e-m/softfp\libcr_eabihelpers.a(double.o)
                0x1a00a128                __aeabi_dsub
 .text.__aeabi_dadd
                0x1a00a324      0x144 c:/nxp/lpcxpresso_7.4.0_229/lpcxpresso/tools/bin/../lib/gcc/arm-none-eabi/4.8.4/armv7e-m/softfp\libcr_eabihelpers.a(double.o)
                0x1a00a324                __aeabi_dadd
 .text.__aeabi_d2iz
                0x1a00a468       0x42 c:/nxp/lpcxpresso_7.4.0_229/lpcxpresso/tools/bin/../lib/gcc/arm-none-eabi/4.8.4/armv7e-m/softfp\libcr_eabihelpers.a(double.o)
                0x1a00a468                __aeabi_d2iz
 .text.__bhs_ui2d
                0x1a00a4aa       0x46 c:/nxp/lpcxpresso_7.4.0_229/lpcxpresso/tools/bin/../lib/gcc/arm-none-eabi/4.8.4/armv7e-m/softfp\libcr_eabihelpers.a(double.o)
                0x1a00a4aa                __bhs_ui2d
 .text.__aeabi_i2d
                0x1a00a4f0       0x10 c:/nxp/lpcxpresso_7.4.0_229/lpcxpresso/tools/bin/../lib/gcc/arm-none-eabi/4.8.4/armv7e-m/softfp\libcr_eabihelpers.a(double.o)
                0x1a00a4f0                __aeabi_i2d
 .text.__aeabi_dcmpeq
                0x1a00a500       0x3a c:/nxp/lpcxpresso_7.4.0_229/lpcxpresso/tools/bin/../lib/gcc/arm-none-eabi/4.8.4/armv7e-m/softfp\libcr_eabihelpers.a(double.o)
                0x1a00a500                __aeabi_dcmpeq
 .text.__aeabi_dcmplt
                0x1a00a53a       0x66 c:/nxp/lpcxpresso_7.4.0_229/lpcxpresso/tools/bin/../lib/gcc/arm-none-eabi/4.8.4/armv7e-m/softfp\libcr_eabihelpers.a(double.o)
                0x1a00a53a                __aeabi_dcmplt
 .text.__aeabi_dcmple
                0x1a00a5a0       0x64 c:/nxp/lpcxpresso_7.4.0_229/lpcxpresso/tools/bin/../lib/gcc/arm-none-eabi/4.8.4/armv7e-m/softfp\libcr_eabihelpers.a(double.o)
                0x1a00a5a0                __aeabi_dcmple
 .text.__aeabi_dcmpge
                0x1a00a604       0x60 c:/nxp/lpcxpresso_7.4.0_229/lpcxpresso/tools/bin/../lib/gcc/arm-none-eabi/4.8.4/armv7e-m/softfp\libcr_eabihelpers.a(double.o)
                0x1a00a604                __aeabi_dcmpge
 .text.__aeabi_memcpy
                0x1a00a664       0x3a c:/nxp/lpcxpresso_7.4.0_229/lpcxpresso/tools/bin/../lib/gcc/arm-none-eabi/4.8.4/armv7e-m/softfp\libcr_eabihelpers.a(memcpy.o)
                0x1a00a664                __aeabi_memcpy
                0x1a00a670                __aeabi_memcpy8
                0x1a00a670                __aeabi_memcpy4
 .text.__aeabi_memset_lowlevel
                0x1a00a69e       0x38 c:/nxp/lpcxpresso_7.4.0_229/lpcxpresso/tools/bin/../lib/gcc/arm-none-eabi/4.8.4/armv7e-m/softfp\libcr_eabihelpers.a(memcpy.o)
                0x1a00a69e                __aeabi_lowlevel_memset
 *fill*         0x1a00a6d6        0x2 
 .text.__sys_appexit
                0x1a00a6d8        0xc c:/nxp/lpcxpresso_7.4.0_229/lpcxpresso/tools/bin/../lib/gcc/arm-none-eabi/4.8.4/../../../../arm-none-eabi/lib/armv7e-m/softfp\libcr_semihost.a(__sys_appexit.o)
                0x1a00a6d8                __sys_appexit
                0x1a00a6d8                __exit
 .text.__sys_close
                0x1a00a6e4        0xc c:/nxp/lpcxpresso_7.4.0_229/lpcxpresso/tools/bin/../lib/gcc/arm-none-eabi/4.8.4/../../../../arm-none-eabi/lib/armv7e-m/softfp\libcr_semihost.a(__sys_close.o)
                0x1a00a6e4                __sys_close
 .text.__sys_flen
                0x1a00a6f0        0xc c:/nxp/lpcxpresso_7.4.0_229/lpcxpresso/tools/bin/../lib/gcc/arm-none-eabi/4.8.4/../../../../arm-none-eabi/lib/armv7e-m/softfp\libcr_semihost.a(__sys_flen.o)
                0x1a00a6f0                __sys_flen
 .text.__sys_istty
                0x1a00a6fc        0xc c:/nxp/lpcxpresso_7.4.0_229/lpcxpresso/tools/bin/../lib/gcc/arm-none-eabi/4.8.4/../../../../arm-none-eabi/lib/armv7e-m/softfp\libcr_semihost.a(__sys_istty.o)
                0x1a00a6fc                __sys_istty
 .text.__sys_remove
                0x1a00a708        0xc c:/nxp/lpcxpresso_7.4.0_229/lpcxpresso/tools/bin/../lib/gcc/arm-none-eabi/4.8.4/../../../../arm-none-eabi/lib/armv7e-m/softfp\libcr_semihost.a(__sys_remove.o)
                0x1a00a708                __sys_remove
 .text.__sys_seek
                0x1a00a714        0xc c:/nxp/lpcxpresso_7.4.0_229/lpcxpresso/tools/bin/../lib/gcc/arm-none-eabi/4.8.4/../../../../arm-none-eabi/lib/armv7e-m/softfp\libcr_semihost.a(__sys_seek.o)
                0x1a00a714                __sys_seek
 .text.__sys_tmpnam
                0x1a00a720        0xc c:/nxp/lpcxpresso_7.4.0_229/lpcxpresso/tools/bin/../lib/gcc/arm-none-eabi/4.8.4/../../../../arm-none-eabi/lib/armv7e-m/softfp\libcr_semihost.a(__sys_tmpnam.o)
                0x1a00a720                __sys_tmpnam
 *(.rodata .rodata.* .constdata .constdata.*)
 .rodata.USB_REG_BASE_ADDR
                0x1a00a72c        0x8 ./src/FILE_SYSTEM/fatfs/DISK_DRIVER/USB_MSC_HOST/lpcusblib/Drivers/USB/Core/HAL/LPC18XX/HAL_LPC18xx.o
                0x1a00a72c                USB_REG_BASE_ADDR
 .rodata        0x1a00a734       0x10 ./src/FILE_SYSTEM/fatfs/DISK_DRIVER/USB_MSC_HOST/lpcusblib/Drivers/USB/Core/Host.o
 .rodata        0x1a00a744      0x3ac ./src/FILE_SYSTEM/fatfs/DISK_DRIVER/USB_MSC_HOST/MassStorageHost.o
 .rodata        0x1a00aaf0      0x15c ./src/FILE_SYSTEM/fatfs/DISK_DRIVER/disk_io.o
 .rodata.USB_DeviceDescriptor
                0x1a00ac4c       0x14 ./src/FILE_SYSTEM/USB_MSC_ROM/msc_desc.o
                0x1a00ac4c                USB_DeviceDescriptor
 .rodata.USB_DeviceQualifier
                0x1a00ac60        0xc ./src/FILE_SYSTEM/USB_MSC_ROM/msc_desc.o
                0x1a00ac60                USB_DeviceQualifier
 .rodata.USB_StringDescriptor
                0x1a00ac6c       0x50 ./src/FILE_SYSTEM/USB_MSC_ROM/msc_desc.o
                0x1a00ac6c                USB_StringDescriptor
 .rodata.g_InquiryStr
                0x1a00acbc       0x1c ./src/FILE_SYSTEM/USB_MSC_ROM/msc_sd.o
 .rodata        0x1a00acd8       0x24 ./src/MonkeyBoot.o
 .rodata.ledports
                0x1a00acfc        0x8 C:\Users\emh203\Dropbox\MonkeyBoot\SRC\lpc_board_keil_mcb_4357\Debug\liblpc_board_keil_mcb_4357.a(board.o)
 .rodata.ledbits
                0x1a00ad04        0x8 C:\Users\emh203\Dropbox\MonkeyBoot\SRC\lpc_board_keil_mcb_4357\Debug\liblpc_board_keil_mcb_4357.a(board.o)
 .rodata.OscRateIn
                0x1a00ad0c        0x4 C:\Users\emh203\Dropbox\MonkeyBoot\SRC\lpc_board_keil_mcb_4357\Debug\liblpc_board_keil_mcb_4357.a(board.o)
                0x1a00ad0c                OscRateIn
 .rodata.ExtRateIn
                0x1a00ad10        0x4 C:\Users\emh203\Dropbox\MonkeyBoot\SRC\lpc_board_keil_mcb_4357\Debug\liblpc_board_keil_mcb_4357.a(board.o)
                0x1a00ad10                ExtRateIn
 .rodata.MT48LC4M32_config
                0x1a00ad14       0x74 C:\Users\emh203\Dropbox\MonkeyBoot\SRC\lpc_board_keil_mcb_4357\Debug\liblpc_board_keil_mcb_4357.a(board_sysinit.o)
 .rodata.pinclockmuxing
                0x1a00ad88       0x10 C:\Users\emh203\Dropbox\MonkeyBoot\SRC\lpc_board_keil_mcb_4357\Debug\liblpc_board_keil_mcb_4357.a(board_sysinit.o)
 .rodata.S29GL64N90_config
                0x1a00ad98       0x20 C:\Users\emh203\Dropbox\MonkeyBoot\SRC\lpc_board_keil_mcb_4357\Debug\liblpc_board_keil_mcb_4357.a(board_sysinit.o)
 .rodata.InitClkStates
                0x1a00adb8       0x10 C:\Users\emh203\Dropbox\MonkeyBoot\SRC\lpc_board_keil_mcb_4357\Debug\liblpc_board_keil_mcb_4357.a(board_sysinit.o)
 .rodata.pinmuxing
                0x1a00adc8      0x1f0 C:\Users\emh203\Dropbox\MonkeyBoot\SRC\lpc_board_keil_mcb_4357\Debug\liblpc_board_keil_mcb_4357.a(board_sysinit.o)
 .rodata.spifipinmuxing
                0x1a00afb8       0x18 C:\Users\emh203\Dropbox\MonkeyBoot\SRC\lpc_board_keil_mcb_4357\Debug\liblpc_board_keil_mcb_4357.a(board_sysinit.o)
 .rodata.usbPLLSetup
                0x1a00afd0       0x14 C:\Users\emh203\Dropbox\MonkeyBoot\SRC\lpc_chip_43xx\Debug\liblpc_chip_43xx.a(chip_18xx_43xx.o)
 .rodata        0x1a00afe4        0x4 C:\Users\emh203\Dropbox\MonkeyBoot\SRC\lpc_chip_43xx\Debug\liblpc_chip_43xx.a(clock_18xx_43xx.o)
 .rodata.str1.4
                0x1a00afe8        0x8 C:\Users\emh203\Dropbox\MonkeyBoot\SRC\lpc_chip_43xx\Debug\liblpc_chip_43xx.a(clock_18xx_43xx.o)
 .rodata.periph_to_base
                0x1a00aff0       0x6c C:\Users\emh203\Dropbox\MonkeyBoot\SRC\lpc_chip_43xx\Debug\liblpc_chip_43xx.a(clock_18xx_43xx.o)
 .rodata.InitClkStates
                0x1a00b05c       0x48 C:\Users\emh203\Dropbox\MonkeyBoot\SRC\lpc_chip_43xx\Debug\liblpc_chip_43xx.a(sysinit_18xx_43xx.o)
 .rodata.str1.1
                0x1a00b0a4       0x34 c:/nxp/lpcxpresso_7.4.0_229/lpcxpresso/tools/bin/../lib/gcc/arm-none-eabi/4.8.4/../../../../arm-none-eabi/lib/armv7e-m/softfp\libcr_c.a(fpprintf.o)
                                 0x35 (size before relaxing)
 .rodata.str1.1
                0x1a00b0d8        0x4 c:/nxp/lpcxpresso_7.4.0_229/lpcxpresso/tools/bin/../lib/gcc/arm-none-eabi/4.8.4/../../../../arm-none-eabi/lib/armv7e-m/softfp\libcr_c.a(initio.o)
 .rodata.str1.1
                0x1a00b0dc       0x31 c:/nxp/lpcxpresso_7.4.0_229/lpcxpresso/tools/bin/../lib/gcc/arm-none-eabi/4.8.4/../../../../arm-none-eabi/lib/armv7e-m/softfp\libcr_c.a(printf.o)
                                 0x38 (size before relaxing)
 .rodata.str1.1
                0x1a00b10d       0x18 c:/nxp/lpcxpresso_7.4.0_229/lpcxpresso/tools/bin/../lib/gcc/arm-none-eabi/4.8.4/../../../../arm-none-eabi/lib/armv7e-m/softfp\libcr_c.a(alloc.o)
 *fill*         0x1a00b125        0x3 
 .rodata.__huge_vall
                0x1a00b128        0x8 c:/nxp/lpcxpresso_7.4.0_229/lpcxpresso/tools/bin/../lib/gcc/arm-none-eabi/4.8.4/../../../../arm-none-eabi/lib/armv7e-m/softfp\libcr_c.a(_hugeval.o)
                0x1a00b128                __huge_vall
                0x1a00b130                . = ALIGN (0x4)

.glue_7         0x1a00b130        0x0
 .glue_7        0x00000000        0x0 linker stubs

.glue_7t        0x1a00b130        0x0
 .glue_7t       0x00000000        0x0 linker stubs

.vfp11_veneer   0x1a00b130        0x0
 .vfp11_veneer  0x00000000        0x0 linker stubs

.v4_bx          0x1a00b130        0x0
 .v4_bx         0x00000000        0x0 linker stubs

.iplt           0x1a00b130        0x0
 .iplt          0x00000000        0x0 ./src/FILE_SYSTEM/fatfs/DISK_DRIVER/USB_MSC_HOST/lpcusblib/Drivers/USB/Core/HCD/EHCI/EHCI.o

.rel.dyn        0x1a00b130        0x0
 .rel.iplt      0x00000000        0x0 ./src/FILE_SYSTEM/fatfs/DISK_DRIVER/USB_MSC_HOST/lpcusblib/Drivers/USB/Core/HCD/EHCI/EHCI.o

.ARM.extab
 *(.ARM.extab* .gnu.linkonce.armextab.*)
                0x1a00b130                __exidx_start = .

.ARM.exidx
 *(.ARM.exidx* .gnu.linkonce.armexidx.*)
                0x1a00b130                __exidx_end = .
                0x1a00b130                _etext = .

.data_RAM2      0x10080000        0x0 load address 0x1a00b130
 FILL mask 0xff
 *(.ramfunc.$RAM2)
 *(.ramfunc.$RamLoc40)
 *(.data.$RAM2*)
 *(.data.$RamLoc40*)
                0x10080000                . = ALIGN (0x4)

.data_RAM3      0x20000000        0x0 load address 0x1a00b130
 FILL mask 0xff
 *(.ramfunc.$RAM3)
 *(.ramfunc.$RamAHB32)
 *(.data.$RAM3*)
 *(.data.$RamAHB32*)
                0x20000000                . = ALIGN (0x4)

.data_RAM4      0x20008000        0x0 load address 0x1a00b130
 FILL mask 0xff
 *(.ramfunc.$RAM4)
 *(.ramfunc.$RamAHB16)
 *(.data.$RAM4*)
 *(.data.$RamAHB16*)
                0x20008000                . = ALIGN (0x4)

.data_RAM5      0x2000c000        0x0 load address 0x1a00b130
 FILL mask 0xff
 *(.ramfunc.$RAM5)
 *(.ramfunc.$RamAHB_ETB16)
 *(.data.$RAM5*)
 *(.data.$RamAHB_ETB16*)
                0x2000c000                . = ALIGN (0x4)

.uninit_RESERVED
                0x10000000        0x0
 *(.bss.$RESERVED*)
                0x10000000                . = ALIGN (0x4)
                0x10000000                _end_uninit_RESERVED = .

.data           0x10000000       0x64 load address 0x1a00b130
 FILL mask 0xff
                0x10000000                _data = .
 *(vtable)
 *(.ramfunc*)
 *(.data*)
 .data.FlashDisk_MS_Interface
                0x10000000       0x14 ./src/FILE_SYSTEM/fatfs/DISK_DRIVER/USB_MSC_HOST/MassStorageHost.o
 .data.SD_Stat  0x10000014        0x1 ./src/FILE_SYSTEM/fatfs/DISK_DRIVER/disk_io.o
 .data.USB_Stat
                0x10000015        0x1 ./src/FILE_SYSTEM/fatfs/DISK_DRIVER/disk_io.o
 *fill*         0x10000016        0x2 
 .data.USB_FsConfigDescriptor
                0x10000018       0x24 ./src/FILE_SYSTEM/USB_MSC_ROM/msc_desc.o
                0x10000018                USB_FsConfigDescriptor
 .data.USB_HsConfigDescriptor
                0x1000003c       0x24 ./src/FILE_SYSTEM/USB_MSC_ROM/msc_desc.o
                0x1000003c                USB_HsConfigDescriptor
 .data.MSC_CacheWritePtr
                0x10000060        0x4 ./src/FILE_SYSTEM/USB_MSC_ROM/msc_sd.o
                0x10000060                MSC_CacheWritePtr
                0x10000064                . = ALIGN (0x4)
                0x10000064                _edata = .

.igot.plt       0x10000064        0x0 load address 0x1a00b194
 .igot.plt      0x00000000        0x0 ./src/FILE_SYSTEM/fatfs/DISK_DRIVER/USB_MSC_HOST/lpcusblib/Drivers/USB/Core/HCD/EHCI/EHCI.o

.bss_RAM2       0x10080000     0x4000
 *(.bss.$RAM2*)
 .bss.$RAM2     0x10080000     0x4000 ./src/FILE_SYSTEM/USB_MSC_ROM/msc_sd.o
                0x10080000                MSC_Cache
 *(.bss.$RamLoc40*)
                0x10084000                . = ALIGN (0x4)

.bss_RAM3       0x20000000        0x0
 *(.bss.$RAM3*)
 *(.bss.$RamAHB32*)
                0x20000000                . = ALIGN (0x4)

.bss_RAM4       0x20008000        0x0
 *(.bss.$RAM4*)
 *(.bss.$RamAHB16*)
                0x20008000                . = ALIGN (0x4)

.bss_RAM5       0x2000c000        0x0
 *(.bss.$RAM5*)
 *(.bss.$RamAHB_ETB16*)
                0x2000c000                . = ALIGN (0x4)

.bss            0x10001000     0x4cf0
                0x10001000                _bss = .
 *(.bss*)
 .bss.$RAM      0x10001000     0x3000 ./src/FILE_SYSTEM/fatfs/DISK_DRIVER/USB_MSC_HOST/lpcusblib/Drivers/USB/Core/HCD/EHCI/EHCI.o
                0x10001000                ehci_data
                0x10002000                PeriodFrameList0
                0x10003000                PeriodFrameList1
 .bss.coreEnabled
                0x10004000        0x4 ./src/FILE_SYSTEM/fatfs/DISK_DRIVER/USB_MSC_HOST/lpcusblib/Drivers/USB/Core/HAL/LPC18XX/HAL_LPC18xx.o
 .bss.WaitMSRemaining.10339
                0x10004004        0x2 ./src/FILE_SYSTEM/fatfs/DISK_DRIVER/USB_MSC_HOST/lpcusblib/Drivers/USB/Core/Host.o
 .bss.PostWaitState.10340
                0x10004006        0x1 ./src/FILE_SYSTEM/fatfs/DISK_DRIVER/USB_MSC_HOST/lpcusblib/Drivers/USB/Core/Host.o
 .bss.Mem_IsInitialized
                0x10004007        0x1 ./src/FILE_SYSTEM/fatfs/DISK_DRIVER/USB_MSC_HOST/lpcusblib/Drivers/USB/Core/USBController.o
                0x10004007                Mem_IsInitialized
 .bss.$RAM      0x10004008     0x1000 ./src/FILE_SYSTEM/fatfs/DISK_DRIVER/USB_MSC_HOST/lpcusblib/Drivers/USB/Core/USBMemory.o
 .bss.$RAM      0x10005008        0x8 ./src/FILE_SYSTEM/fatfs/DISK_DRIVER/USB_MSC_HOST/lpcusblib/Drivers/USB/Core/USBTask.o
                0x10005008                USB_ControlRequest
 .bss.USB_HostEnumState
                0x10005010        0x1 ./src/FILE_SYSTEM/fatfs/DISK_DRIVER/USB_MSC_HOST/MassStorageHost.o
                0x10005010                USB_HostEnumState
 *fill*         0x10005011        0x3 
 .bss.sdio_wait_exit
                0x10005014        0x4 ./src/FILE_SYSTEM/fatfs/DISK_DRIVER/SD/SD.o
                0x10005014                sdio_wait_exit
 .bss.SD_Errors
                0x10005018        0x4 ./src/FILE_SYSTEM/fatfs/DISK_DRIVER/SD/SD.o
                0x10005018                SD_Errors
 .bss.MSC_Attached
                0x1000501c        0x1 ./src/FILE_SYSTEM/fatfs/DISK_DRIVER/disk_io.o
                0x1000501c                MSC_Attached
 .bss.MSC_EnableFlag
                0x1000501d        0x1 ./src/FILE_SYSTEM/fatfs/DISK_DRIVER/disk_io.o
                0x1000501d                MSC_EnableFlag
 *fill*         0x1000501e        0x2 
 .bss.hCard     0x10005020        0x4 ./src/FILE_SYSTEM/fatfs/DISK_DRIVER/disk_io.o
 .bss.hDisk     0x10005024        0x4 ./src/FILE_SYSTEM/fatfs/DISK_DRIVER/disk_io.o
 .bss.g_ep0RxBusy
                0x10005028        0x4 ./src/FILE_SYSTEM/USB_MSC_ROM/msc_main.o
 .bss.g_Ep0BaseHdlr
                0x1000502c        0x4 ./src/FILE_SYSTEM/USB_MSC_ROM/msc_main.o
 .bss.PCI       0x10005030        0x4 ./src/FILE_SYSTEM/USB_MSC_ROM/msc_main.o
                0x10005030                PCI
 .bss.MSC_CacheBaseAddress
                0x10005034        0x4 ./src/FILE_SYSTEM/USB_MSC_ROM/msc_sd.o
                0x10005034                MSC_CacheBaseAddress
 .bss.mS_DelayTicker
                0x10005038        0x4 ./src/System.o
 .bss.StringBuffer
                0x1000503c      0x200 ./src/System.o
 .bss.audio_usb_pll_freq
                0x1000523c        0x8 C:\Users\emh203\Dropbox\MonkeyBoot\SRC\lpc_chip_43xx\Debug\liblpc_chip_43xx.a(clock_18xx_43xx.o)
 .bss.g_card_info
                0x10005244        0x4 C:\Users\emh203\Dropbox\MonkeyBoot\SRC\lpc_chip_43xx\Debug\liblpc_chip_43xx.a(sdmmc_18xx_43xx.o)
 .bss.errno     0x10005248        0x4 c:/nxp/lpcxpresso_7.4.0_229/lpcxpresso/tools/bin/../lib/gcc/arm-none-eabi/4.8.4/../../../../arm-none-eabi/lib/armv7e-m/softfp\libcr_c.a(errno.o)
                0x10005248                errno
 *(COMMON)
 COMMON         0x1000524c       0x18 ./src/FILE_SYSTEM/fatfs/DISK_DRIVER/USB_MSC_HOST/lpcusblib/Drivers/USB/Core/HCD/EHCI/EHCI.o
                0x1000524c                PipeStreaming
 COMMON         0x10005264        0x2 ./src/FILE_SYSTEM/fatfs/DISK_DRIVER/USB_MSC_HOST/lpcusblib/Drivers/USB/Core/Host.o
                0x10005264                USB_Host_ControlPipeSize
 COMMON         0x10005266        0x1 ./src/FILE_SYSTEM/fatfs/DISK_DRIVER/USB_MSC_HOST/lpcusblib/Drivers/USB/Core/HostStandardReq.o
                0x10005266                USB_Host_ConfigurationNumber
 *fill*         0x10005267        0x1 
 COMMON         0x10005268      0x10a ./src/FILE_SYSTEM/fatfs/DISK_DRIVER/USB_MSC_HOST/lpcusblib/Drivers/USB/Core/Pipe.o
                0x10005268                hostportspeed
                0x1000526c                PipeInfo
                0x1000536c                hostselected
                0x10005370                pipeselected
 *fill*         0x10005372        0x2 
 COMMON         0x10005374        0x2 ./src/FILE_SYSTEM/fatfs/DISK_DRIVER/USB_MSC_HOST/lpcusblib/Drivers/USB/Core/USBController.o
                0x10005374                USB_CurrentMode
 *fill*         0x10005376        0x2 
 COMMON         0x10005378        0x6 ./src/FILE_SYSTEM/fatfs/DISK_DRIVER/USB_MSC_HOST/lpcusblib/Drivers/USB/Core/USBTask.o
                0x10005378                USB_IsInitialized
                0x1000537c                USB_HostState
 *fill*         0x1000537e        0x2 
 COMMON         0x10005380        0x8 ./src/FILE_SYSTEM/fatfs/DISK_DRIVER/USB_MSC_HOST/MassStorageHost.o
                0x10005380                DiskCapacity
 COMMON         0x10005388      0x368 ./src/FILE_SYSTEM/fatfs/DISK_DRIVER/SD/SD.o
                0x10005388                sdcardinfo
 COMMON         0x100056f0      0x464 ./src/FILE_SYSTEM/fatfs/DISK_DRIVER/disk_io.o
                0x100056f0                MySD_FatFs
                0x10005920                DiskManagerTicker
                0x10005924                MyUSB_FatFs
 COMMON         0x10005b54        0x8 ./src/FILE_SYSTEM/USB_MSC_ROM/msc_main.o
                0x10005b54                g_hUsb
                0x10005b58                g_pUsbApi
 COMMON         0x10005b5c        0x4 ./src/FILE_SYSTEM/USB_MSC_ROM/msc_sd.o
                0x10005b5c                MSC_CacheFlushTicker
 COMMON         0x10005b60       0x40 ./src/System.o
                0x10005b60                GP_Timer
 COMMON         0x10005ba0        0x4 C:\Users\emh203\Dropbox\MonkeyBoot\SRC\lpc_chip_43xx\Debug\liblpc_chip_43xx.a(chip_18xx_43xx.o)
                0x10005ba0                SystemCoreClock
 COMMON         0x10005ba4        0x4 c:/nxp/lpcxpresso_7.4.0_229/lpcxpresso/tools/bin/../lib/gcc/arm-none-eabi/4.8.4/../../../../arm-none-eabi/lib/armv7e-m/softfp\libcr_c.a(initio.o)
                0x10005ba4                _extra
 COMMON         0x10005ba8      0x140 c:/nxp/lpcxpresso_7.4.0_229/lpcxpresso/tools/bin/../lib/gcc/arm-none-eabi/4.8.4/../../../../arm-none-eabi/lib/armv7e-m/softfp\libcr_c.a(stdio.o)
                0x10005ba8                __Ciob
 COMMON         0x10005ce8        0x8 c:/nxp/lpcxpresso_7.4.0_229/lpcxpresso/tools/bin/../lib/gcc/arm-none-eabi/4.8.4/../../../../arm-none-eabi/lib/armv7e-m/softfp\libcr_c.a(__init_alloc.o)
                0x10005ce8                __heaps
                0x10005cec                __end_of_heap
                0x10005cf0                . = ALIGN (0x4)
                0x10005cf0                _ebss = .
                0x10005cf0                PROVIDE (end, .)

.noinit_RAM2    0x10084000        0x0
 *(.noinit.$RAM2*)
 *(.noinit.$RamLoc40*)
                0x10084000                . = ALIGN (0x4)

.noinit_RAM3    0x20000000        0x0
 *(.noinit.$RAM3*)
 *(.noinit.$RamAHB32*)
                0x20000000                . = ALIGN (0x4)

.noinit_RAM4    0x20008000        0x0
 *(.noinit.$RAM4*)
 *(.noinit.$RamAHB16*)
                0x20008000                . = ALIGN (0x4)

.noinit_RAM5    0x2000c000        0x0
 *(.noinit.$RAM5*)
 *(.noinit.$RamAHB_ETB16*)
                0x2000c000                . = ALIGN (0x4)

.noinit         0x10005cf0        0x0
                0x10005cf0                _noinit = .
 *(.noinit*)
                0x10005cf0                . = ALIGN (0x4)
                0x10005cf0                _end_noinit = .
                0x10005cf0                PROVIDE (_pvHeapStart, DEFINED (__user_heap_base)?__user_heap_base:.)
                0x10008000                PROVIDE (_vStackTop, DEFINED (__user_stack_top)?__user_stack_top:(__top_RamLoc32 - 0x0))
OUTPUT(MonkeyBoot.axf elf32-littlearm)

.debug_info     0x00000000    0x1fcb9
 .debug_info    0x00000000     0x28ff ./src/FILE_SYSTEM/fatfs/DISK_DRIVER/USB_MSC_HOST/lpcusblib/Drivers/USB/Core/HCD/EHCI/EHCI.o
 .debug_info    0x000028ff      0x45a ./src/FILE_SYSTEM/fatfs/DISK_DRIVER/USB_MSC_HOST/lpcusblib/Drivers/USB/Core/HCD/HCD.o
 .debug_info    0x00002d59     0x1106 ./src/FILE_SYSTEM/fatfs/DISK_DRIVER/USB_MSC_HOST/lpcusblib/Drivers/USB/Core/HAL/LPC18XX/HAL_LPC18xx.o
 .debug_info    0x00003e5f      0x66f ./src/FILE_SYSTEM/fatfs/DISK_DRIVER/USB_MSC_HOST/lpcusblib/Drivers/USB/Core/ConfigDescriptor.o
 .debug_info    0x000044ce      0xbb3 ./src/FILE_SYSTEM/fatfs/DISK_DRIVER/USB_MSC_HOST/lpcusblib/Drivers/USB/Core/Host.o
 .debug_info    0x00005081      0xaf8 ./src/FILE_SYSTEM/fatfs/DISK_DRIVER/USB_MSC_HOST/lpcusblib/Drivers/USB/Core/HostStandardReq.o
 .debug_info    0x00005b79      0xa97 ./src/FILE_SYSTEM/fatfs/DISK_DRIVER/USB_MSC_HOST/lpcusblib/Drivers/USB/Core/Pipe.o
 .debug_info    0x00006610      0x8e9 ./src/FILE_SYSTEM/fatfs/DISK_DRIVER/USB_MSC_HOST/lpcusblib/Drivers/USB/Core/PipeStream.o
 .debug_info    0x00006ef9      0x86a ./src/FILE_SYSTEM/fatfs/DISK_DRIVER/USB_MSC_HOST/lpcusblib/Drivers/USB/Core/USBController.o
 .debug_info    0x00007763      0x76f ./src/FILE_SYSTEM/fatfs/DISK_DRIVER/USB_MSC_HOST/lpcusblib/Drivers/USB/Core/USBMemory.o
 .debug_info    0x00007ed2      0x7ab ./src/FILE_SYSTEM/fatfs/DISK_DRIVER/USB_MSC_HOST/lpcusblib/Drivers/USB/Core/USBTask.o
 .debug_info    0x0000867d     0x150c ./src/FILE_SYSTEM/fatfs/DISK_DRIVER/USB_MSC_HOST/lpcusblib/Drivers/USB/Class/Host/MassStorageClassHost.o
 .debug_info    0x00009b89      0xe74 ./src/FILE_SYSTEM/fatfs/DISK_DRIVER/USB_MSC_HOST/MassStorageHost.o
 .debug_info    0x0000a9fd      0xfc9 ./src/FILE_SYSTEM/fatfs/DISK_DRIVER/SD/SD.o
 .debug_info    0x0000b9c6     0x2934 ./src/FILE_SYSTEM/fatfs/DISK_DRIVER/disk_io.o
 .debug_info    0x0000e2fa      0x607 ./src/FILE_SYSTEM/USB_MSC_ROM/msc_desc.o
 .debug_info    0x0000e901     0x281c ./src/FILE_SYSTEM/USB_MSC_ROM/msc_main.o
 .debug_info    0x0001111d     0x1986 ./src/FILE_SYSTEM/USB_MSC_ROM/msc_sd.o
 .debug_info    0x00012aa3      0x84a ./src/MonkeyBoot.o
 .debug_info    0x000132ed      0xc10 ./src/System.o
 .debug_info    0x00013efd      0x292 ./src/cr_startup_lpc43xx.o
 .debug_info    0x0001418f       0x3f ./src/crp.o
 .debug_info    0x000141ce       0xea ./src/sysinit.o
 .debug_info    0x000142b8     0x34e5 C:\Users\emh203\Dropbox\MonkeyBoot\SRC\lpc_board_keil_mcb_4357\Debug\liblpc_board_keil_mcb_4357.a(board.o)
 .debug_info    0x0001779d     0x14b8 C:\Users\emh203\Dropbox\MonkeyBoot\SRC\lpc_board_keil_mcb_4357\Debug\liblpc_board_keil_mcb_4357.a(board_sysinit.o)
 .debug_info    0x00018c55      0xcb6 C:\Users\emh203\Dropbox\MonkeyBoot\SRC\lpc_chip_43xx\Debug\liblpc_chip_43xx.a(chip_18xx_43xx.o)
 .debug_info    0x0001990b     0x16e3 C:\Users\emh203\Dropbox\MonkeyBoot\SRC\lpc_chip_43xx\Debug\liblpc_chip_43xx.a(clock_18xx_43xx.o)
 .debug_info    0x0001afee      0xb65 C:\Users\emh203\Dropbox\MonkeyBoot\SRC\lpc_chip_43xx\Debug\liblpc_chip_43xx.a(emc_18xx_43xx.o)
 .debug_info    0x0001bb53      0x12f C:\Users\emh203\Dropbox\MonkeyBoot\SRC\lpc_chip_43xx\Debug\liblpc_chip_43xx.a(fpu_init.o)
 .debug_info    0x0001bc82      0x49b C:\Users\emh203\Dropbox\MonkeyBoot\SRC\lpc_chip_43xx\Debug\liblpc_chip_43xx.a(gpio_18xx_43xx.o)
 .debug_info    0x0001c11d      0x7b6 C:\Users\emh203\Dropbox\MonkeyBoot\SRC\lpc_chip_43xx\Debug\liblpc_chip_43xx.a(sdif_18xx_43xx.o)
 .debug_info    0x0001c8d3     0x15d1 C:\Users\emh203\Dropbox\MonkeyBoot\SRC\lpc_chip_43xx\Debug\liblpc_chip_43xx.a(sdmmc_18xx_43xx.o)
 .debug_info    0x0001dea4      0x7ef C:\Users\emh203\Dropbox\MonkeyBoot\SRC\lpc_chip_43xx\Debug\liblpc_chip_43xx.a(sysinit_18xx_43xx.o)
 .debug_info    0x0001e693     0x1626 C:\Users\emh203\Dropbox\MonkeyBoot\SRC\lpc_chip_43xx\Debug\liblpc_chip_43xx.a(uart_18xx_43xx.o)

.debug_abbrev   0x00000000     0x44e2
 .debug_abbrev  0x00000000      0x349 ./src/FILE_SYSTEM/fatfs/DISK_DRIVER/USB_MSC_HOST/lpcusblib/Drivers/USB/Core/HCD/EHCI/EHCI.o
 .debug_abbrev  0x00000349      0x141 ./src/FILE_SYSTEM/fatfs/DISK_DRIVER/USB_MSC_HOST/lpcusblib/Drivers/USB/Core/HCD/HCD.o
 .debug_abbrev  0x0000048a      0x207 ./src/FILE_SYSTEM/fatfs/DISK_DRIVER/USB_MSC_HOST/lpcusblib/Drivers/USB/Core/HAL/LPC18XX/HAL_LPC18xx.o
 .debug_abbrev  0x00000691      0x1cb ./src/FILE_SYSTEM/fatfs/DISK_DRIVER/USB_MSC_HOST/lpcusblib/Drivers/USB/Core/ConfigDescriptor.o
 .debug_abbrev  0x0000085c      0x268 ./src/FILE_SYSTEM/fatfs/DISK_DRIVER/USB_MSC_HOST/lpcusblib/Drivers/USB/Core/Host.o
 .debug_abbrev  0x00000ac4      0x1d5 ./src/FILE_SYSTEM/fatfs/DISK_DRIVER/USB_MSC_HOST/lpcusblib/Drivers/USB/Core/HostStandardReq.o
 .debug_abbrev  0x00000c99      0x1d9 ./src/FILE_SYSTEM/fatfs/DISK_DRIVER/USB_MSC_HOST/lpcusblib/Drivers/USB/Core/Pipe.o
 .debug_abbrev  0x00000e72      0x1fc ./src/FILE_SYSTEM/fatfs/DISK_DRIVER/USB_MSC_HOST/lpcusblib/Drivers/USB/Core/PipeStream.o
 .debug_abbrev  0x0000106e      0x120 ./src/FILE_SYSTEM/fatfs/DISK_DRIVER/USB_MSC_HOST/lpcusblib/Drivers/USB/Core/USBController.o
 .debug_abbrev  0x0000118e      0x14f ./src/FILE_SYSTEM/fatfs/DISK_DRIVER/USB_MSC_HOST/lpcusblib/Drivers/USB/Core/USBMemory.o
 .debug_abbrev  0x000012dd      0x188 ./src/FILE_SYSTEM/fatfs/DISK_DRIVER/USB_MSC_HOST/lpcusblib/Drivers/USB/Core/USBTask.o
 .debug_abbrev  0x00001465      0x29a ./src/FILE_SYSTEM/fatfs/DISK_DRIVER/USB_MSC_HOST/lpcusblib/Drivers/USB/Class/Host/MassStorageClassHost.o
 .debug_abbrev  0x000016ff      0x259 ./src/FILE_SYSTEM/fatfs/DISK_DRIVER/USB_MSC_HOST/MassStorageHost.o
 .debug_abbrev  0x00001958      0x272 ./src/FILE_SYSTEM/fatfs/DISK_DRIVER/SD/SD.o
 .debug_abbrev  0x00001bca      0x3ca ./src/FILE_SYSTEM/fatfs/DISK_DRIVER/disk_io.o
 .debug_abbrev  0x00001f94       0x9d ./src/FILE_SYSTEM/USB_MSC_ROM/msc_desc.o
 .debug_abbrev  0x00002031      0x2f0 ./src/FILE_SYSTEM/USB_MSC_ROM/msc_main.o
 .debug_abbrev  0x00002321      0x215 ./src/FILE_SYSTEM/USB_MSC_ROM/msc_sd.o
 .debug_abbrev  0x00002536      0x149 ./src/MonkeyBoot.o
 .debug_abbrev  0x0000267f      0x269 ./src/System.o
 .debug_abbrev  0x000028e8       0xed ./src/cr_startup_lpc43xx.o
 .debug_abbrev  0x000029d5       0x36 ./src/crp.o
 .debug_abbrev  0x00002a0b       0x9c ./src/sysinit.o
 .debug_abbrev  0x00002aa7      0x48e C:\Users\emh203\Dropbox\MonkeyBoot\SRC\lpc_board_keil_mcb_4357\Debug\liblpc_board_keil_mcb_4357.a(board.o)
 .debug_abbrev  0x00002f35      0x2af C:\Users\emh203\Dropbox\MonkeyBoot\SRC\lpc_board_keil_mcb_4357\Debug\liblpc_board_keil_mcb_4357.a(board_sysinit.o)
 .debug_abbrev  0x000031e4      0x1f6 C:\Users\emh203\Dropbox\MonkeyBoot\SRC\lpc_chip_43xx\Debug\liblpc_chip_43xx.a(chip_18xx_43xx.o)
 .debug_abbrev  0x000033da      0x2f4 C:\Users\emh203\Dropbox\MonkeyBoot\SRC\lpc_chip_43xx\Debug\liblpc_chip_43xx.a(clock_18xx_43xx.o)
 .debug_abbrev  0x000036ce      0x1f7 C:\Users\emh203\Dropbox\MonkeyBoot\SRC\lpc_chip_43xx\Debug\liblpc_chip_43xx.a(emc_18xx_43xx.o)
 .debug_abbrev  0x000038c5       0xa2 C:\Users\emh203\Dropbox\MonkeyBoot\SRC\lpc_chip_43xx\Debug\liblpc_chip_43xx.a(fpu_init.o)
 .debug_abbrev  0x00003967      0x14b C:\Users\emh203\Dropbox\MonkeyBoot\SRC\lpc_chip_43xx\Debug\liblpc_chip_43xx.a(gpio_18xx_43xx.o)
 .debug_abbrev  0x00003ab2      0x1c1 C:\Users\emh203\Dropbox\MonkeyBoot\SRC\lpc_chip_43xx\Debug\liblpc_chip_43xx.a(sdif_18xx_43xx.o)
 .debug_abbrev  0x00003c73      0x30b C:\Users\emh203\Dropbox\MonkeyBoot\SRC\lpc_chip_43xx\Debug\liblpc_chip_43xx.a(sdmmc_18xx_43xx.o)
 .debug_abbrev  0x00003f7e      0x187 C:\Users\emh203\Dropbox\MonkeyBoot\SRC\lpc_chip_43xx\Debug\liblpc_chip_43xx.a(sysinit_18xx_43xx.o)
 .debug_abbrev  0x00004105      0x3dd C:\Users\emh203\Dropbox\MonkeyBoot\SRC\lpc_chip_43xx\Debug\liblpc_chip_43xx.a(uart_18xx_43xx.o)

.debug_aranges  0x00000000      0xe48
 .debug_aranges
                0x00000000      0x1f8 ./src/FILE_SYSTEM/fatfs/DISK_DRIVER/USB_MSC_HOST/lpcusblib/Drivers/USB/Core/HCD/EHCI/EHCI.o
 .debug_aranges
                0x000001f8       0x30 ./src/FILE_SYSTEM/fatfs/DISK_DRIVER/USB_MSC_HOST/lpcusblib/Drivers/USB/Core/HCD/HCD.o
 .debug_aranges
                0x00000228       0x58 ./src/FILE_SYSTEM/fatfs/DISK_DRIVER/USB_MSC_HOST/lpcusblib/Drivers/USB/Core/HAL/LPC18XX/HAL_LPC18xx.o
 .debug_aranges
                0x00000280       0x48 ./src/FILE_SYSTEM/fatfs/DISK_DRIVER/USB_MSC_HOST/lpcusblib/Drivers/USB/Core/ConfigDescriptor.o
 .debug_aranges
                0x000002c8       0x60 ./src/FILE_SYSTEM/fatfs/DISK_DRIVER/USB_MSC_HOST/lpcusblib/Drivers/USB/Core/Host.o
 .debug_aranges
                0x00000328       0x50 ./src/FILE_SYSTEM/fatfs/DISK_DRIVER/USB_MSC_HOST/lpcusblib/Drivers/USB/Core/HostStandardReq.o
 .debug_aranges
                0x00000378       0x48 ./src/FILE_SYSTEM/fatfs/DISK_DRIVER/USB_MSC_HOST/lpcusblib/Drivers/USB/Core/Pipe.o
 .debug_aranges
                0x000003c0       0x80 ./src/FILE_SYSTEM/fatfs/DISK_DRIVER/USB_MSC_HOST/lpcusblib/Drivers/USB/Core/PipeStream.o
 .debug_aranges
                0x00000440       0x38 ./src/FILE_SYSTEM/fatfs/DISK_DRIVER/USB_MSC_HOST/lpcusblib/Drivers/USB/Core/USBController.o
 .debug_aranges
                0x00000478       0x30 ./src/FILE_SYSTEM/fatfs/DISK_DRIVER/USB_MSC_HOST/lpcusblib/Drivers/USB/Core/USBMemory.o
 .debug_aranges
                0x000004a8       0x28 ./src/FILE_SYSTEM/fatfs/DISK_DRIVER/USB_MSC_HOST/lpcusblib/Drivers/USB/Core/USBTask.o
 .debug_aranges
                0x000004d0       0x98 ./src/FILE_SYSTEM/fatfs/DISK_DRIVER/USB_MSC_HOST/lpcusblib/Drivers/USB/Class/Host/MassStorageClassHost.o
 .debug_aranges
                0x00000568       0x90 ./src/FILE_SYSTEM/fatfs/DISK_DRIVER/USB_MSC_HOST/MassStorageHost.o
 .debug_aranges
                0x000005f8       0x78 ./src/FILE_SYSTEM/fatfs/DISK_DRIVER/SD/SD.o
 .debug_aranges
                0x00000670       0x98 ./src/FILE_SYSTEM/fatfs/DISK_DRIVER/disk_io.o
 .debug_aranges
                0x00000708       0x18 ./src/FILE_SYSTEM/USB_MSC_ROM/msc_desc.o
 .debug_aranges
                0x00000720       0x48 ./src/FILE_SYSTEM/USB_MSC_ROM/msc_main.o
 .debug_aranges
                0x00000768       0x38 ./src/FILE_SYSTEM/USB_MSC_ROM/msc_sd.o
 .debug_aranges
                0x000007a0       0x28 ./src/MonkeyBoot.o
 .debug_aranges
                0x000007c8       0x60 ./src/System.o
 .debug_aranges
                0x00000828       0x80 ./src/cr_startup_lpc43xx.o
 .debug_aranges
                0x000008a8       0x18 ./src/crp.o
 .debug_aranges
                0x000008c0       0x20 ./src/sysinit.o
 .debug_aranges
                0x000008e0      0x148 C:\Users\emh203\Dropbox\MonkeyBoot\SRC\lpc_board_keil_mcb_4357\Debug\liblpc_board_keil_mcb_4357.a(board.o)
 .debug_aranges
                0x00000a28       0x38 C:\Users\emh203\Dropbox\MonkeyBoot\SRC\lpc_board_keil_mcb_4357\Debug\liblpc_board_keil_mcb_4357.a(board_sysinit.o)
 .debug_aranges
                0x00000a60       0x38 C:\Users\emh203\Dropbox\MonkeyBoot\SRC\lpc_chip_43xx\Debug\liblpc_chip_43xx.a(chip_18xx_43xx.o)
 .debug_aranges
                0x00000a98      0x130 C:\Users\emh203\Dropbox\MonkeyBoot\SRC\lpc_chip_43xx\Debug\liblpc_chip_43xx.a(clock_18xx_43xx.o)
 .debug_aranges
                0x00000bc8       0x70 C:\Users\emh203\Dropbox\MonkeyBoot\SRC\lpc_chip_43xx\Debug\liblpc_chip_43xx.a(emc_18xx_43xx.o)
 .debug_aranges
                0x00000c38       0x20 C:\Users\emh203\Dropbox\MonkeyBoot\SRC\lpc_chip_43xx\Debug\liblpc_chip_43xx.a(fpu_init.o)
 .debug_aranges
                0x00000c58       0x48 C:\Users\emh203\Dropbox\MonkeyBoot\SRC\lpc_chip_43xx\Debug\liblpc_chip_43xx.a(gpio_18xx_43xx.o)
 .debug_aranges
                0x00000ca0       0x50 C:\Users\emh203\Dropbox\MonkeyBoot\SRC\lpc_chip_43xx\Debug\liblpc_chip_43xx.a(sdif_18xx_43xx.o)
 .debug_aranges
                0x00000cf0       0x78 C:\Users\emh203\Dropbox\MonkeyBoot\SRC\lpc_chip_43xx\Debug\liblpc_chip_43xx.a(sdmmc_18xx_43xx.o)
 .debug_aranges